Archive member included because of file (symbol)

c:/program files/gnu tools arm embedded/4.9 2015q1/bin/../lib/gcc/arm-none-eabi/4.9.3/../../../../arm-none-eabi/lib/armv7e-m\libc.a(lib_a-exit.o)
                              c:/program files/gnu tools arm embedded/4.9 2015q1/bin/../lib/gcc/arm-none-eabi/4.9.3/../../../../arm-none-eabi/lib/armv7e-m/crt0.o (exit)
c:/program files/gnu tools arm embedded/4.9 2015q1/bin/../lib/gcc/arm-none-eabi/4.9.3/../../../../arm-none-eabi/lib/armv7e-m\libc.a(lib_a-impure.o)
                              c:/program files/gnu tools arm embedded/4.9 2015q1/bin/../lib/gcc/arm-none-eabi/4.9.3/../../../../arm-none-eabi/lib/armv7e-m\libc.a(lib_a-exit.o) (_global_impure_ptr)
c:/program files/gnu tools arm embedded/4.9 2015q1/bin/../lib/gcc/arm-none-eabi/4.9.3/../../../../arm-none-eabi/lib/armv7e-m\libc.a(lib_a-init.o)
                              c:/program files/gnu tools arm embedded/4.9 2015q1/bin/../lib/gcc/arm-none-eabi/4.9.3/../../../../arm-none-eabi/lib/armv7e-m/crt0.o (__libc_init_array)
c:/program files/gnu tools arm embedded/4.9 2015q1/bin/../lib/gcc/arm-none-eabi/4.9.3/../../../../arm-none-eabi/lib/armv7e-m\libc.a(lib_a-memset.o)
                              c:/program files/gnu tools arm embedded/4.9 2015q1/bin/../lib/gcc/arm-none-eabi/4.9.3/../../../../arm-none-eabi/lib/armv7e-m/crt0.o (memset)
c:/program files/gnu tools arm embedded/4.9 2015q1/bin/../lib/gcc/arm-none-eabi/4.9.3/../../../../arm-none-eabi/lib/armv7e-m\libc.a(lib_a-__call_atexit.o)
                              c:/program files/gnu tools arm embedded/4.9 2015q1/bin/../lib/gcc/arm-none-eabi/4.9.3/../../../../arm-none-eabi/lib/armv7e-m\libc.a(lib_a-exit.o) (__call_exitprocs)
c:/program files/gnu tools arm embedded/4.9 2015q1/bin/../lib/gcc/arm-none-eabi/4.9.3/../../../../arm-none-eabi/lib/armv7e-m\libc.a(lib_a-atexit.o)
                              c:/program files/gnu tools arm embedded/4.9 2015q1/bin/../lib/gcc/arm-none-eabi/4.9.3/../../../../arm-none-eabi/lib/armv7e-m\libc.a(lib_a-__call_atexit.o) (atexit)
c:/program files/gnu tools arm embedded/4.9 2015q1/bin/../lib/gcc/arm-none-eabi/4.9.3/../../../../arm-none-eabi/lib/armv7e-m\libc.a(lib_a-fini.o)
                              c:/program files/gnu tools arm embedded/4.9 2015q1/bin/../lib/gcc/arm-none-eabi/4.9.3/../../../../arm-none-eabi/lib/armv7e-m\libc.a(lib_a-__call_atexit.o) (__libc_fini_array)
c:/program files/gnu tools arm embedded/4.9 2015q1/bin/../lib/gcc/arm-none-eabi/4.9.3/../../../../arm-none-eabi/lib/armv7e-m\libc.a(lib_a-__atexit.o)
                              c:/program files/gnu tools arm embedded/4.9 2015q1/bin/../lib/gcc/arm-none-eabi/4.9.3/../../../../arm-none-eabi/lib/armv7e-m\libc.a(lib_a-atexit.o) (__register_exitproc)

Allocating common symbols
Common symbol       size              file

buffer2             0x200             ..\obj\DMA.o
buffer1             0x200             ..\obj\DMA.o
buffer3             0x200             ..\obj\DMA.o

Discarded input sections

 .text          0x00000000        0x0 c:/program files/gnu tools arm embedded/4.9 2015q1/bin/../lib/gcc/arm-none-eabi/4.9.3/armv7e-m/crti.o
 .data          0x00000000        0x0 c:/program files/gnu tools arm embedded/4.9 2015q1/bin/../lib/gcc/arm-none-eabi/4.9.3/armv7e-m/crti.o
 .bss           0x00000000        0x0 c:/program files/gnu tools arm embedded/4.9 2015q1/bin/../lib/gcc/arm-none-eabi/4.9.3/armv7e-m/crti.o
 .data          0x00000000        0x4 c:/program files/gnu tools arm embedded/4.9 2015q1/bin/../lib/gcc/arm-none-eabi/4.9.3/armv7e-m/crtbegin.o
 .text          0x00000000       0x74 c:/program files/gnu tools arm embedded/4.9 2015q1/bin/../lib/gcc/arm-none-eabi/4.9.3/../../../../arm-none-eabi/lib/armv7e-m/crt0.o
 .data          0x00000000        0x0 c:/program files/gnu tools arm embedded/4.9 2015q1/bin/../lib/gcc/arm-none-eabi/4.9.3/../../../../arm-none-eabi/lib/armv7e-m/crt0.o
 .bss           0x00000000        0x0 c:/program files/gnu tools arm embedded/4.9 2015q1/bin/../lib/gcc/arm-none-eabi/4.9.3/../../../../arm-none-eabi/lib/armv7e-m/crt0.o
 .ARM.extab     0x00000000        0x0 c:/program files/gnu tools arm embedded/4.9 2015q1/bin/../lib/gcc/arm-none-eabi/4.9.3/../../../../arm-none-eabi/lib/armv7e-m/crt0.o
 .ARM.exidx     0x00000000        0x8 c:/program files/gnu tools arm embedded/4.9 2015q1/bin/../lib/gcc/arm-none-eabi/4.9.3/../../../../arm-none-eabi/lib/armv7e-m/crt0.o
 .ARM.attributes
                0x00000000       0x1c c:/program files/gnu tools arm embedded/4.9 2015q1/bin/../lib/gcc/arm-none-eabi/4.9.3/../../../../arm-none-eabi/lib/armv7e-m/crt0.o
 .text          0x00000000        0x0 c:/program files/gnu tools arm embedded/4.9 2015q1/bin/../lib/gcc/arm-none-eabi/4.9.3/../../../../arm-none-eabi/lib/armv7e-m\libc.a(lib_a-exit.o)
 .data          0x00000000        0x0 c:/program files/gnu tools arm embedded/4.9 2015q1/bin/../lib/gcc/arm-none-eabi/4.9.3/../../../../arm-none-eabi/lib/armv7e-m\libc.a(lib_a-exit.o)
 .bss           0x00000000        0x0 c:/program files/gnu tools arm embedded/4.9 2015q1/bin/../lib/gcc/arm-none-eabi/4.9.3/../../../../arm-none-eabi/lib/armv7e-m\libc.a(lib_a-exit.o)
 .text.exit     0x00000000       0x20 c:/program files/gnu tools arm embedded/4.9 2015q1/bin/../lib/gcc/arm-none-eabi/4.9.3/../../../../arm-none-eabi/lib/armv7e-m\libc.a(lib_a-exit.o)
 .debug_frame   0x00000000       0x28 c:/program files/gnu tools arm embedded/4.9 2015q1/bin/../lib/gcc/arm-none-eabi/4.9.3/../../../../arm-none-eabi/lib/armv7e-m\libc.a(lib_a-exit.o)
 .ARM.attributes
                0x00000000       0x2e c:/program files/gnu tools arm embedded/4.9 2015q1/bin/../lib/gcc/arm-none-eabi/4.9.3/../../../../arm-none-eabi/lib/armv7e-m\libc.a(lib_a-exit.o)
 .text          0x00000000        0x0 c:/program files/gnu tools arm embedded/4.9 2015q1/bin/../lib/gcc/arm-none-eabi/4.9.3/../../../../arm-none-eabi/lib/armv7e-m\libc.a(lib_a-impure.o)
 .data          0x00000000        0x0 c:/program files/gnu tools arm embedded/4.9 2015q1/bin/../lib/gcc/arm-none-eabi/4.9.3/../../../../arm-none-eabi/lib/armv7e-m\libc.a(lib_a-impure.o)
 .bss           0x00000000        0x0 c:/program files/gnu tools arm embedded/4.9 2015q1/bin/../lib/gcc/arm-none-eabi/4.9.3/../../../../arm-none-eabi/lib/armv7e-m\libc.a(lib_a-impure.o)
 .data._impure_ptr
                0x00000000        0x4 c:/program files/gnu tools arm embedded/4.9 2015q1/bin/../lib/gcc/arm-none-eabi/4.9.3/../../../../arm-none-eabi/lib/armv7e-m\libc.a(lib_a-impure.o)
 .ARM.attributes
                0x00000000       0x2e c:/program files/gnu tools arm embedded/4.9 2015q1/bin/../lib/gcc/arm-none-eabi/4.9.3/../../../../arm-none-eabi/lib/armv7e-m\libc.a(lib_a-impure.o)
 .text          0x00000000        0x0 c:/program files/gnu tools arm embedded/4.9 2015q1/bin/../lib/gcc/arm-none-eabi/4.9.3/../../../../arm-none-eabi/lib/armv7e-m\libc.a(lib_a-init.o)
 .data          0x00000000        0x0 c:/program files/gnu tools arm embedded/4.9 2015q1/bin/../lib/gcc/arm-none-eabi/4.9.3/../../../../arm-none-eabi/lib/armv7e-m\libc.a(lib_a-init.o)
 .bss           0x00000000        0x0 c:/program files/gnu tools arm embedded/4.9 2015q1/bin/../lib/gcc/arm-none-eabi/4.9.3/../../../../arm-none-eabi/lib/armv7e-m\libc.a(lib_a-init.o)
 .debug_frame   0x00000000       0x2c c:/program files/gnu tools arm embedded/4.9 2015q1/bin/../lib/gcc/arm-none-eabi/4.9.3/../../../../arm-none-eabi/lib/armv7e-m\libc.a(lib_a-init.o)
 .ARM.attributes
                0x00000000       0x2e c:/program files/gnu tools arm embedded/4.9 2015q1/bin/../lib/gcc/arm-none-eabi/4.9.3/../../../../arm-none-eabi/lib/armv7e-m\libc.a(lib_a-init.o)
 .text          0x00000000        0x0 c:/program files/gnu tools arm embedded/4.9 2015q1/bin/../lib/gcc/arm-none-eabi/4.9.3/../../../../arm-none-eabi/lib/armv7e-m\libc.a(lib_a-memset.o)
 .data          0x00000000        0x0 c:/program files/gnu tools arm embedded/4.9 2015q1/bin/../lib/gcc/arm-none-eabi/4.9.3/../../../../arm-none-eabi/lib/armv7e-m\libc.a(lib_a-memset.o)
 .bss           0x00000000        0x0 c:/program files/gnu tools arm embedded/4.9 2015q1/bin/../lib/gcc/arm-none-eabi/4.9.3/../../../../arm-none-eabi/lib/armv7e-m\libc.a(lib_a-memset.o)
 .text.memset   0x00000000       0x9c c:/program files/gnu tools arm embedded/4.9 2015q1/bin/../lib/gcc/arm-none-eabi/4.9.3/../../../../arm-none-eabi/lib/armv7e-m\libc.a(lib_a-memset.o)
 .debug_frame   0x00000000       0x34 c:/program files/gnu tools arm embedded/4.9 2015q1/bin/../lib/gcc/arm-none-eabi/4.9.3/../../../../arm-none-eabi/lib/armv7e-m\libc.a(lib_a-memset.o)
 .ARM.attributes
                0x00000000       0x2e c:/program files/gnu tools arm embedded/4.9 2015q1/bin/../lib/gcc/arm-none-eabi/4.9.3/../../../../arm-none-eabi/lib/armv7e-m\libc.a(lib_a-memset.o)
 .text          0x00000000        0x0 c:/program files/gnu tools arm embedded/4.9 2015q1/bin/../lib/gcc/arm-none-eabi/4.9.3/../../../../arm-none-eabi/lib/armv7e-m\libc.a(lib_a-__call_atexit.o)
 .data          0x00000000        0x0 c:/program files/gnu tools arm embedded/4.9 2015q1/bin/../lib/gcc/arm-none-eabi/4.9.3/../../../../arm-none-eabi/lib/armv7e-m\libc.a(lib_a-__call_atexit.o)
 .bss           0x00000000        0x0 c:/program files/gnu tools arm embedded/4.9 2015q1/bin/../lib/gcc/arm-none-eabi/4.9.3/../../../../arm-none-eabi/lib/armv7e-m\libc.a(lib_a-__call_atexit.o)
 .text.__call_exitprocs
                0x00000000       0xd4 c:/program files/gnu tools arm embedded/4.9 2015q1/bin/../lib/gcc/arm-none-eabi/4.9.3/../../../../arm-none-eabi/lib/armv7e-m\libc.a(lib_a-__call_atexit.o)
 .debug_frame   0x00000000       0x50 c:/program files/gnu tools arm embedded/4.9 2015q1/bin/../lib/gcc/arm-none-eabi/4.9.3/../../../../arm-none-eabi/lib/armv7e-m\libc.a(lib_a-__call_atexit.o)
 .ARM.attributes
                0x00000000       0x2e c:/program files/gnu tools arm embedded/4.9 2015q1/bin/../lib/gcc/arm-none-eabi/4.9.3/../../../../arm-none-eabi/lib/armv7e-m\libc.a(lib_a-__call_atexit.o)
 .text          0x00000000        0x0 c:/program files/gnu tools arm embedded/4.9 2015q1/bin/../lib/gcc/arm-none-eabi/4.9.3/../../../../arm-none-eabi/lib/armv7e-m\libc.a(lib_a-atexit.o)
 .data          0x00000000        0x0 c:/program files/gnu tools arm embedded/4.9 2015q1/bin/../lib/gcc/arm-none-eabi/4.9.3/../../../../arm-none-eabi/lib/armv7e-m\libc.a(lib_a-atexit.o)
 .bss           0x00000000        0x0 c:/program files/gnu tools arm embedded/4.9 2015q1/bin/../lib/gcc/arm-none-eabi/4.9.3/../../../../arm-none-eabi/lib/armv7e-m\libc.a(lib_a-atexit.o)
 .debug_frame   0x00000000       0x20 c:/program files/gnu tools arm embedded/4.9 2015q1/bin/../lib/gcc/arm-none-eabi/4.9.3/../../../../arm-none-eabi/lib/armv7e-m\libc.a(lib_a-atexit.o)
 .ARM.attributes
                0x00000000       0x2e c:/program files/gnu tools arm embedded/4.9 2015q1/bin/../lib/gcc/arm-none-eabi/4.9.3/../../../../arm-none-eabi/lib/armv7e-m\libc.a(lib_a-atexit.o)
 .text          0x00000000        0x0 c:/program files/gnu tools arm embedded/4.9 2015q1/bin/../lib/gcc/arm-none-eabi/4.9.3/../../../../arm-none-eabi/lib/armv7e-m\libc.a(lib_a-fini.o)
 .data          0x00000000        0x0 c:/program files/gnu tools arm embedded/4.9 2015q1/bin/../lib/gcc/arm-none-eabi/4.9.3/../../../../arm-none-eabi/lib/armv7e-m\libc.a(lib_a-fini.o)
 .bss           0x00000000        0x0 c:/program files/gnu tools arm embedded/4.9 2015q1/bin/../lib/gcc/arm-none-eabi/4.9.3/../../../../arm-none-eabi/lib/armv7e-m\libc.a(lib_a-fini.o)
 .debug_frame   0x00000000       0x34 c:/program files/gnu tools arm embedded/4.9 2015q1/bin/../lib/gcc/arm-none-eabi/4.9.3/../../../../arm-none-eabi/lib/armv7e-m\libc.a(lib_a-fini.o)
 .ARM.attributes
                0x00000000       0x2e c:/program files/gnu tools arm embedded/4.9 2015q1/bin/../lib/gcc/arm-none-eabi/4.9.3/../../../../arm-none-eabi/lib/armv7e-m\libc.a(lib_a-fini.o)
 .text          0x00000000        0x0 c:/program files/gnu tools arm embedded/4.9 2015q1/bin/../lib/gcc/arm-none-eabi/4.9.3/../../../../arm-none-eabi/lib/armv7e-m\libc.a(lib_a-__atexit.o)
 .data          0x00000000        0x0 c:/program files/gnu tools arm embedded/4.9 2015q1/bin/../lib/gcc/arm-none-eabi/4.9.3/../../../../arm-none-eabi/lib/armv7e-m\libc.a(lib_a-__atexit.o)
 .bss           0x00000000        0x0 c:/program files/gnu tools arm embedded/4.9 2015q1/bin/../lib/gcc/arm-none-eabi/4.9.3/../../../../arm-none-eabi/lib/armv7e-m\libc.a(lib_a-__atexit.o)
 .debug_frame   0x00000000       0x34 c:/program files/gnu tools arm embedded/4.9 2015q1/bin/../lib/gcc/arm-none-eabi/4.9.3/../../../../arm-none-eabi/lib/armv7e-m\libc.a(lib_a-__atexit.o)
 .ARM.attributes
                0x00000000       0x2e c:/program files/gnu tools arm embedded/4.9 2015q1/bin/../lib/gcc/arm-none-eabi/4.9.3/../../../../arm-none-eabi/lib/armv7e-m\libc.a(lib_a-__atexit.o)
 .data          0x00000000        0x0 ..\obj\SPI.o
 .bss           0x00000000        0x0 ..\obj\SPI.o
 .data          0x00000000        0x0 ..\obj\stm32f4xx_hal_cortex.o
 .bss           0x00000000        0x0 ..\obj\stm32f4xx_hal_cortex.o
 .data          0x00000000        0x0 ..\obj\RCC.o
 .bss           0x00000000        0x0 ..\obj\RCC.o
 .data          0x00000000        0x0 ..\obj\stm32f4xx_hal.o
 .text          0x00000000     0x1f20 ..\obj\stm32f4xx_hal_spi.o
 .data          0x00000000        0x0 ..\obj\stm32f4xx_hal_spi.o
 .bss           0x00000000        0x0 ..\obj\stm32f4xx_hal_spi.o
 .debug_info    0x00000000      0xf77 ..\obj\stm32f4xx_hal_spi.o
 .debug_abbrev  0x00000000      0x20a ..\obj\stm32f4xx_hal_spi.o
 .debug_aranges
                0x00000000       0x20 ..\obj\stm32f4xx_hal_spi.o
 .debug_line    0x00000000      0x8bc ..\obj\stm32f4xx_hal_spi.o
 .debug_str     0x00000000      0xa49 ..\obj\stm32f4xx_hal_spi.o
 .comment       0x00000000       0x71 ..\obj\stm32f4xx_hal_spi.o
 .debug_frame   0x00000000      0x604 ..\obj\stm32f4xx_hal_spi.o
 .ARM.attributes
                0x00000000       0x33 ..\obj\stm32f4xx_hal_spi.o
 .data          0x00000000        0x0 ..\obj\main.o
 .bss           0x00000000        0x0 ..\obj\main.o
 .bss           0x00000000        0x0 ..\obj\system_stm32f4xx.o
 .data          0x00000000        0x0 ..\obj\DMA.o
 .bss           0x00000000        0x0 ..\obj\DMA.o
 .data          0x00000000        0x0 ..\obj\stm32f4xx_hal_gpio.o
 .bss           0x00000000        0x0 ..\obj\stm32f4xx_hal_gpio.o
 .text          0x00000000       0x14 ..\obj\startup_stm32f429xx.o
 .data          0x00000000        0x0 ..\obj\startup_stm32f429xx.o
 .bss           0x00000000        0x0 ..\obj\startup_stm32f429xx.o
 .data          0x00000000        0x0 ..\obj\stm32f4xx_hal_rcc.o
 .bss           0x00000000        0x0 ..\obj\stm32f4xx_hal_rcc.o
 .data          0x00000000        0x0 ..\obj\GPIO.o
 .bss           0x00000000        0x0 ..\obj\GPIO.o
 .text          0x00000000        0x0 c:/program files/gnu tools arm embedded/4.9 2015q1/bin/../lib/gcc/arm-none-eabi/4.9.3/armv7e-m/crtend.o
 .data          0x00000000        0x0 c:/program files/gnu tools arm embedded/4.9 2015q1/bin/../lib/gcc/arm-none-eabi/4.9.3/armv7e-m/crtend.o
 .bss           0x00000000        0x0 c:/program files/gnu tools arm embedded/4.9 2015q1/bin/../lib/gcc/arm-none-eabi/4.9.3/armv7e-m/crtend.o
 .eh_frame      0x00000000        0x4 c:/program files/gnu tools arm embedded/4.9 2015q1/bin/../lib/gcc/arm-none-eabi/4.9.3/armv7e-m/crtend.o
 .jcr           0x00000000        0x4 c:/program files/gnu tools arm embedded/4.9 2015q1/bin/../lib/gcc/arm-none-eabi/4.9.3/armv7e-m/crtend.o
 .ARM.attributes
                0x00000000       0x2e c:/program files/gnu tools arm embedded/4.9 2015q1/bin/../lib/gcc/arm-none-eabi/4.9.3/armv7e-m/crtend.o
 .text          0x00000000        0x0 c:/program files/gnu tools arm embedded/4.9 2015q1/bin/../lib/gcc/arm-none-eabi/4.9.3/armv7e-m/crtn.o
 .data          0x00000000        0x0 c:/program files/gnu tools arm embedded/4.9 2015q1/bin/../lib/gcc/arm-none-eabi/4.9.3/armv7e-m/crtn.o
 .bss           0x00000000        0x0 c:/program files/gnu tools arm embedded/4.9 2015q1/bin/../lib/gcc/arm-none-eabi/4.9.3/armv7e-m/crtn.o

Memory Configuration

Name             Origin             Length             Attributes
FLASH            0x08000000         0x00200000         xr
RAM              0x20000000         0x00030000         xrw
CCMRAM           0x10000000         0x00010000         rw
*default*        0x00000000         0xffffffff

Linker script and memory map

LOAD c:/program files/gnu tools arm embedded/4.9 2015q1/bin/../lib/gcc/arm-none-eabi/4.9.3/armv7e-m/crti.o
LOAD c:/program files/gnu tools arm embedded/4.9 2015q1/bin/../lib/gcc/arm-none-eabi/4.9.3/armv7e-m/crtbegin.o
LOAD c:/program files/gnu tools arm embedded/4.9 2015q1/bin/../lib/gcc/arm-none-eabi/4.9.3/../../../../arm-none-eabi/lib/armv7e-m/crt0.o
                0x2002ffff                _estack = 0x2002ffff
                0x00000200                _Min_Heap_Size = 0x200
                0x00000400                _Min_Stack_Size = 0x400

.isr_vector     0x08000000      0x1ac
                0x08000000                . = ALIGN (0x4)
 *(.isr_vector)
 .isr_vector    0x08000000      0x1ac ..\obj\startup_stm32f429xx.o
                0x08000000                g_pfnVectors
                0x080001ac                . = ALIGN (0x4)

.text           0x080001ac     0x2b64
                0x080001ac                . = ALIGN (0x4)
 *(.text)
 .text          0x080001ac       0x5c c:/program files/gnu tools arm embedded/4.9 2015q1/bin/../lib/gcc/arm-none-eabi/4.9.3/armv7e-m/crtbegin.o
 .text          0x08000208      0x534 ..\obj\SPI.o
                0x08000208                sendData
                0x08000230                receivedByte
                0x08000264                readCRC
                0x080002a4                getSPI4Status
                0x080002d0                enableSPI
                0x08000308                disableSPI
                0x08000364                configureDirection
                0x0800039c                configureOutput
                0x080003d4                configureReceive
                0x0800040c                configureMode
                0x08000444                configureDataFrame
                0x0800047c                configureFrameFormat
                0x080004b4                configureLSBFIRST
                0x080004ec                configureClock
                0x080005a8                enableCRC
                0x080005e0                configureCRCNext
                0x08000618                enableSSM
                0x08000650                configureBR
                0x08000688                configureSS
                0x080006c0                CRCpolynomial
                0x080006e4                DMAenable
 .text          0x0800073c      0x544 ..\obj\stm32f4xx_hal_cortex.o
                0x08000ad0                HAL_NVIC_SetPriorityGrouping
                0x08000ae4                HAL_NVIC_SetPriority
                0x08000b1c                HAL_NVIC_EnableIRQ
                0x08000b38                HAL_NVIC_DisableIRQ
                0x08000b54                HAL_NVIC_SystemReset
                0x08000b60                HAL_SYSTICK_Config
                0x08000b78                HAL_NVIC_GetPriorityGrouping
                0x08000b88                HAL_NVIC_GetPriority
                0x08000bb8                HAL_NVIC_SetPendingIRQ
                0x08000bd4                HAL_NVIC_GetPendingIRQ
                0x08000bf4                HAL_NVIC_ClearPendingIRQ
                0x08000c10                HAL_NVIC_GetActive
                0x08000c30                HAL_SYSTICK_CLKSourceConfig
                0x08000c68                HAL_SYSTICK_IRQHandler
                0x08000c74                HAL_SYSTICK_Callback
 .text          0x08000c80       0xf4 ..\obj\RCC.o
                0x08000c80                gpioUnresetEnableClock
                0x08000ccc                spi1UnresetEnableClock
                0x08000d04                spi4UnresetEnableClock
                0x08000d3c                dmaUnresetEnableClock
 .text          0x08000d74      0x374 ..\obj\stm32f4xx_hal.o
                0x08000d74                HAL_Init
                0x08000db8                HAL_DeInit
                0x08000e10                HAL_MspInit
                0x08000e1c                HAL_MspDeInit
                0x08000e28                HAL_InitTick
                0x08000e60                HAL_IncTick
                0x08000e7c                HAL_GetTick
                0x08000e94                HAL_Delay
                0x08000ec0                HAL_SuspendTick
                0x08000edc                HAL_ResumeTick
                0x08000ef8                HAL_GetHalVersion
                0x08000f0c                HAL_GetREVID
                0x08000f24                HAL_GetDEVID
                0x08000f40                HAL_DBGMCU_EnableDBGSleepMode
                0x08000f5c                HAL_DBGMCU_DisableDBGSleepMode
                0x08000f78                HAL_DBGMCU_EnableDBGStopMode
                0x08000f94                HAL_DBGMCU_DisableDBGStopMode
                0x08000fb0                HAL_DBGMCU_EnableDBGStandbyMode
                0x08000fcc                HAL_DBGMCU_DisableDBGStandbyMode
                0x08000fe8                HAL_EnableCompensationCell
                0x08001028                HAL_DisableCompensationCell
                0x08001068                HAL_EnableMemorySwappingBank
                0x080010a8                HAL_DisableMemorySwappingBank
 .text          0x080010e8      0x114 ..\obj\main.o
                0x080010e8                delay
                0x08001108                masterMode
                0x080011a4                main
 .text          0x080011fc      0x27c ..\obj\system_stm32f4xx.o
                0x080011fc                SystemInit
                0x08001254                SystemCoreClockUpdate
 .text          0x08001478      0x188 ..\obj\DMA.o
                0x08001478                transferDirection
                0x080014ec                configDMA
 .text          0x08001600      0x674 ..\obj\stm32f4xx_hal_gpio.o
                0x08001600                HAL_GPIO_Init
                0x08001948                HAL_GPIO_DeInit
                0x08001b5c                HAL_GPIO_ReadPin
                0x08001b8c                HAL_GPIO_WritePin
                0x08001bbc                HAL_GPIO_TogglePin
                0x08001be0                HAL_GPIO_LockPin
                0x08001c30                HAL_GPIO_EXTI_IRQHandler
                0x08001c60                HAL_GPIO_EXTI_Callback
 .text          0x08001c74      0xd74 ..\obj\stm32f4xx_hal_rcc.o
                0x08001c74                HAL_RCC_DeInit
                0x08001cec                HAL_RCC_OscConfig
                0x080021a4                HAL_RCC_ClockConfig
                0x080024c0                HAL_RCC_MCOConfig
                0x08002584                HAL_RCC_EnableCSS
                0x0800259c                HAL_RCC_DisableCSS
                0x080025b4                HAL_RCC_GetSysClockFreq
                0x080026cc                HAL_RCC_GetHCLKFreq
                0x08002724                HAL_RCC_GetPCLK1Freq
                0x08002770                HAL_RCC_GetPCLK2Freq
                0x080027bc                HAL_RCC_GetOscConfig
                0x08002958                HAL_RCC_GetClockConfig
                0x080029b8                HAL_RCC_NMI_IRQHandler
                0x080029dc                HAL_RCC_CSSCallback
 .text          0x080029e8      0x17c ..\obj\GPIO.o
                0x080029e8                configurePin
                0x08002a54                writeOne
                0x08002a78                writeZero
                0x08002aa0                pullUpDown
                0x08002ae0                altFunction
                0x08002b28                outputType
 *(.text*)
 .text.__libc_init_array
                0x08002b64       0x50 c:/program files/gnu tools arm embedded/4.9 2015q1/bin/../lib/gcc/arm-none-eabi/4.9.3/../../../../arm-none-eabi/lib/armv7e-m\libc.a(lib_a-init.o)
                0x08002b64                __libc_init_array
 .text.startup.register_fini
                0x08002bb4       0x14 c:/program files/gnu tools arm embedded/4.9 2015q1/bin/../lib/gcc/arm-none-eabi/4.9.3/../../../../arm-none-eabi/lib/armv7e-m\libc.a(lib_a-__call_atexit.o)
 .text.atexit   0x08002bc8        0xc c:/program files/gnu tools arm embedded/4.9 2015q1/bin/../lib/gcc/arm-none-eabi/4.9.3/../../../../arm-none-eabi/lib/armv7e-m\libc.a(lib_a-atexit.o)
                0x08002bc8                atexit
 .text.__libc_fini_array
                0x08002bd4       0x2c c:/program files/gnu tools arm embedded/4.9 2015q1/bin/../lib/gcc/arm-none-eabi/4.9.3/../../../../arm-none-eabi/lib/armv7e-m\libc.a(lib_a-fini.o)
                0x08002bd4                __libc_fini_array
 .text.__register_exitproc
                0x08002c00       0xa4 c:/program files/gnu tools arm embedded/4.9 2015q1/bin/../lib/gcc/arm-none-eabi/4.9.3/../../../../arm-none-eabi/lib/armv7e-m\libc.a(lib_a-__atexit.o)
                0x08002c00                __register_exitproc
 .text.Reset_Handler
                0x08002ca4       0x50 ..\obj\startup_stm32f429xx.o
                0x08002ca4                Reset_Handler
 .text.Default_Handler
                0x08002cf4        0x2 ..\obj\startup_stm32f429xx.o
                0x08002cf4                RTC_Alarm_IRQHandler
                0x08002cf4                HASH_RNG_IRQHandler
                0x08002cf4                EXTI2_IRQHandler
                0x08002cf4                TIM8_CC_IRQHandler
                0x08002cf4                DebugMon_Handler
                0x08002cf4                UART8_IRQHandler
                0x08002cf4                SPI4_IRQHandler
                0x08002cf4                TIM1_CC_IRQHandler
                0x08002cf4                DMA2_Stream5_IRQHandler
                0x08002cf4                HardFault_Handler
                0x08002cf4                DMA1_Stream5_IRQHandler
                0x08002cf4                SysTick_Handler
                0x08002cf4                PVD_IRQHandler
                0x08002cf4                SDIO_IRQHandler
                0x08002cf4                TAMP_STAMP_IRQHandler
                0x08002cf4                PendSV_Handler
                0x08002cf4                NMI_Handler
                0x08002cf4                CAN2_RX1_IRQHandler
                0x08002cf4                EXTI3_IRQHandler
                0x08002cf4                TIM8_TRG_COM_TIM14_IRQHandler
                0x08002cf4                TIM1_UP_TIM10_IRQHandler
                0x08002cf4                TIM8_UP_TIM13_IRQHandler
                0x08002cf4                I2C3_ER_IRQHandler
                0x08002cf4                EXTI0_IRQHandler
                0x08002cf4                I2C2_EV_IRQHandler
                0x08002cf4                DMA1_Stream2_IRQHandler
                0x08002cf4                CAN1_RX0_IRQHandler
                0x08002cf4                FPU_IRQHandler
                0x08002cf4                OTG_HS_WKUP_IRQHandler
                0x08002cf4                UsageFault_Handler
                0x08002cf4                LTDC_ER_IRQHandler
                0x08002cf4                CAN2_SCE_IRQHandler
                0x08002cf4                DMA2_Stream2_IRQHandler
                0x08002cf4                SPI1_IRQHandler
                0x08002cf4                TIM6_DAC_IRQHandler
                0x08002cf4                TIM1_BRK_TIM9_IRQHandler
                0x08002cf4                DCMI_IRQHandler
                0x08002cf4                CAN2_RX0_IRQHandler
                0x08002cf4                DMA2_Stream3_IRQHandler
                0x08002cf4                USART6_IRQHandler
                0x08002cf4                USART3_IRQHandler
                0x08002cf4                CAN1_RX1_IRQHandler
                0x08002cf4                UART5_IRQHandler
                0x08002cf4                DMA2_Stream0_IRQHandler
                0x08002cf4                TIM4_IRQHandler
                0x08002cf4                I2C1_EV_IRQHandler
                0x08002cf4                DMA1_Stream6_IRQHandler
                0x08002cf4                DMA1_Stream1_IRQHandler
                0x08002cf4                UART4_IRQHandler
                0x08002cf4                TIM3_IRQHandler
                0x08002cf4                RCC_IRQHandler
                0x08002cf4                TIM8_BRK_TIM12_IRQHandler
                0x08002cf4                Default_Handler
                0x08002cf4                EXTI15_10_IRQHandler
                0x08002cf4                ADC_IRQHandler
                0x08002cf4                DMA1_Stream7_IRQHandler
                0x08002cf4                SPI5_IRQHandler
                0x08002cf4                TIM7_IRQHandler
                0x08002cf4                CAN2_TX_IRQHandler
                0x08002cf4                TIM5_IRQHandler
                0x08002cf4                DMA2_Stream7_IRQHandler
                0x08002cf4                I2C3_EV_IRQHandler
                0x08002cf4                EXTI9_5_IRQHandler
                0x08002cf4                RTC_WKUP_IRQHandler
                0x08002cf4                LTDC_IRQHandler
                0x08002cf4                ETH_WKUP_IRQHandler
                0x08002cf4                SPI2_IRQHandler
                0x08002cf4                OTG_HS_EP1_IN_IRQHandler
                0x08002cf4                MemManage_Handler
                0x08002cf4                DMA1_Stream0_IRQHandler
                0x08002cf4                CAN1_TX_IRQHandler
                0x08002cf4                SVC_Handler
                0x08002cf4                EXTI4_IRQHandler
                0x08002cf4                ETH_IRQHandler
                0x08002cf4                OTG_HS_EP1_OUT_IRQHandler
                0x08002cf4                WWDG_IRQHandler
                0x08002cf4                SPI6_IRQHandler
                0x08002cf4                TIM2_IRQHandler
                0x08002cf4                OTG_FS_WKUP_IRQHandler
                0x08002cf4                TIM1_TRG_COM_TIM11_IRQHandler
                0x08002cf4                OTG_HS_IRQHandler
                0x08002cf4                DMA2D_IRQHandler
                0x08002cf4                EXTI1_IRQHandler
                0x08002cf4                UART7_IRQHandler
                0x08002cf4                USART2_IRQHandler
                0x08002cf4                I2C2_ER_IRQHandler
                0x08002cf4                DMA2_Stream1_IRQHandler
                0x08002cf4                CAN1_SCE_IRQHandler
                0x08002cf4                FLASH_IRQHandler
                0x08002cf4                DMA2_Stream4_IRQHandler
                0x08002cf4                BusFault_Handler
                0x08002cf4                USART1_IRQHandler
                0x08002cf4                OTG_FS_IRQHandler
                0x08002cf4                SPI3_IRQHandler
                0x08002cf4                DMA1_Stream4_IRQHandler
                0x08002cf4                I2C1_ER_IRQHandler
                0x08002cf4                FMC_IRQHandler
                0x08002cf4                DMA2_Stream6_IRQHandler
                0x08002cf4                SAI1_IRQHandler
                0x08002cf4                DMA1_Stream3_IRQHandler
 *(.glue_7)
 .glue_7        0x00000000        0x0 linker stubs
 *(.glue_7t)
 .glue_7t       0x00000000        0x0 linker stubs
 *(.eh_frame)
 *fill*         0x08002cf6        0x2 
 .eh_frame      0x08002cf8        0x0 c:/program files/gnu tools arm embedded/4.9 2015q1/bin/../lib/gcc/arm-none-eabi/4.9.3/armv7e-m/crtbegin.o
 *(.init)
 .init          0x08002cf8        0x4 c:/program files/gnu tools arm embedded/4.9 2015q1/bin/../lib/gcc/arm-none-eabi/4.9.3/armv7e-m/crti.o
                0x08002cf8                _init
 .init          0x08002cfc        0x8 c:/program files/gnu tools arm embedded/4.9 2015q1/bin/../lib/gcc/arm-none-eabi/4.9.3/armv7e-m/crtn.o
 *(.fini)
 .fini          0x08002d04        0x4 c:/program files/gnu tools arm embedded/4.9 2015q1/bin/../lib/gcc/arm-none-eabi/4.9.3/armv7e-m/crti.o
                0x08002d04                _fini
 .fini          0x08002d08        0x8 c:/program files/gnu tools arm embedded/4.9 2015q1/bin/../lib/gcc/arm-none-eabi/4.9.3/armv7e-m/crtn.o
                0x08002d10                . = ALIGN (0x4)
                0x08002d10                _etext = .

.vfp11_veneer   0x08002d10        0x0
 .vfp11_veneer  0x00000000        0x0 linker stubs

.v4_bx          0x08002d10        0x0
 .v4_bx         0x00000000        0x0 linker stubs

.iplt           0x08002d10        0x0
 .iplt          0x00000000        0x0 c:/program files/gnu tools arm embedded/4.9 2015q1/bin/../lib/gcc/arm-none-eabi/4.9.3/armv7e-m/crtbegin.o

.rodata         0x08002d10       0x18
                0x08002d10                . = ALIGN (0x4)
 *(.rodata)
 .rodata        0x08002d10       0x10 ..\obj\stm32f4xx_hal_rcc.o
                0x08002d10                APBAHBPrescTable
 *(.rodata*)
 .rodata.str1.4
                0x08002d20        0x4 c:/program files/gnu tools arm embedded/4.9 2015q1/bin/../lib/gcc/arm-none-eabi/4.9.3/../../../../arm-none-eabi/lib/armv7e-m\libc.a(lib_a-impure.o)
 .rodata._global_impure_ptr
                0x08002d24        0x4 c:/program files/gnu tools arm embedded/4.9 2015q1/bin/../lib/gcc/arm-none-eabi/4.9.3/../../../../arm-none-eabi/lib/armv7e-m\libc.a(lib_a-impure.o)
                0x08002d24                _global_impure_ptr
                0x08002d28                . = ALIGN (0x4)

.rel.dyn        0x08002d28        0x0
 .rel.iplt      0x00000000        0x0 c:/program files/gnu tools arm embedded/4.9 2015q1/bin/../lib/gcc/arm-none-eabi/4.9.3/armv7e-m/crtbegin.o

.ARM.extab
 *(.ARM.extab* .gnu.linkonce.armextab.*)

.ARM            0x08002d28        0x0
                0x08002d28                __exidx_start = .
 *(.ARM.exidx*)
                0x08002d28                __exidx_end = .

.preinit_array  0x08002d28        0x0
                0x08002d28                PROVIDE (__preinit_array_start, .)
 *(.preinit_array*)
                0x08002d28                PROVIDE (__preinit_array_end, .)

.init_array     0x08002d28        0x8
                0x08002d28                PROVIDE (__init_array_start, .)
 *(SORT(.init_array.*))
 .init_array.00000
                0x08002d28        0x4 c:/program files/gnu tools arm embedded/4.9 2015q1/bin/../lib/gcc/arm-none-eabi/4.9.3/../../../../arm-none-eabi/lib/armv7e-m\libc.a(lib_a-__call_atexit.o)
 *(.init_array*)
 .init_array    0x08002d2c        0x4 c:/program files/gnu tools arm embedded/4.9 2015q1/bin/../lib/gcc/arm-none-eabi/4.9.3/armv7e-m/crtbegin.o
                0x08002d30                PROVIDE (__init_array_end, .)

.fini_array     0x08002d30        0x4
                0x08002d30                PROVIDE (__fini_array_start, .)
 *(SORT(.fini_array.*))
 *(.fini_array*)
 .fini_array    0x08002d30        0x4 c:/program files/gnu tools arm embedded/4.9 2015q1/bin/../lib/gcc/arm-none-eabi/4.9.3/armv7e-m/crtbegin.o
                0x08002d34                PROVIDE (__fini_array_end, .)
                0x08002d34                _sidata = LOADADDR (.data)

.data           0x20000000      0x440 load address 0x08002d34
                0x20000000                . = ALIGN (0x4)
                0x20000000                _sdata = .
 *(.data)
 .data          0x20000000       0x14 ..\obj\system_stm32f4xx.o
                0x20000000                SystemCoreClock
                0x20000004                AHBPrescTable
 *(.data*)
 *fill*         0x20000014        0x4 
 .data.impure_data
                0x20000018      0x428 c:/program files/gnu tools arm embedded/4.9 2015q1/bin/../lib/gcc/arm-none-eabi/4.9.3/../../../../arm-none-eabi/lib/armv7e-m\libc.a(lib_a-impure.o)
                0x20000440                . = ALIGN (0x4)
                0x20000440                _edata = .
                0x08003174                _siccmram = LOADADDR (.ccmram)

.jcr            0x20000440        0x0 load address 0x08003174
 .jcr           0x20000440        0x0 c:/program files/gnu tools arm embedded/4.9 2015q1/bin/../lib/gcc/arm-none-eabi/4.9.3/armv7e-m/crtbegin.o

.igot.plt       0x20000440        0x0 load address 0x08003174
 .igot.plt      0x00000000        0x0 c:/program files/gnu tools arm embedded/4.9 2015q1/bin/../lib/gcc/arm-none-eabi/4.9.3/armv7e-m/crtbegin.o

.ccmram         0x10000000        0x0 load address 0x08003174
                0x10000000                . = ALIGN (0x4)
                0x10000000                _sccmram = .
 *(.ccmram)
 *(.ccmram*)
                0x10000000                . = ALIGN (0x4)
                0x10000000                _eccmram = .
                0x10000000                . = ALIGN (0x4)

.bss            0x20000440      0x620
                0x20000440                _sbss = .
                0x20000440                __bss_start__ = _sbss
 *(.bss)
 .bss           0x20000440       0x1c c:/program files/gnu tools arm embedded/4.9 2015q1/bin/../lib/gcc/arm-none-eabi/4.9.3/armv7e-m/crtbegin.o
 .bss           0x2000045c        0x4 ..\obj\stm32f4xx_hal.o
 *(.bss*)
 *(COMMON)
 COMMON         0x20000460      0x600 ..\obj\DMA.o
                0x20000460                buffer2
                0x20000660                buffer1
                0x20000860                buffer3
                0x20000a60                . = ALIGN (0x4)
                0x20000a60                _ebss = .
                0x20000a60                __bss_end__ = _ebss

._user_heap_stack
                0x20000a60      0x600
                0x20000a60                . = ALIGN (0x4)
                0x20000a60                PROVIDE (end, .)
                0x20000a60                PROVIDE (_end, .)
                0x20000c60                . = (. + _Min_Heap_Size)
 *fill*         0x20000a60      0x200 
                0x20001060                . = (. + _Min_Stack_Size)
 *fill*         0x20000c60      0x400 
                0x20001060                . = ALIGN (0x4)

/DISCARD/
 libc.a(*)
 libm.a(*)
 libgcc.a(*)

.ARM.attributes
                0x00000000       0x2a
 *(.ARM.attributes)
 .ARM.attributes
                0x00000000       0x1e c:/program files/gnu tools arm embedded/4.9 2015q1/bin/../lib/gcc/arm-none-eabi/4.9.3/armv7e-m/crti.o
 .ARM.attributes
                0x0000001e       0x2e c:/program files/gnu tools arm embedded/4.9 2015q1/bin/../lib/gcc/arm-none-eabi/4.9.3/armv7e-m/crtbegin.o
 .ARM.attributes
                0x0000004c       0x33 ..\obj\SPI.o
 .ARM.attributes
                0x0000007f       0x33 ..\obj\stm32f4xx_hal_cortex.o
 .ARM.attributes
                0x000000b2       0x33 ..\obj\RCC.o
 .ARM.attributes
                0x000000e5       0x33 ..\obj\stm32f4xx_hal.o
 .ARM.attributes
                0x00000118       0x33 ..\obj\main.o
 .ARM.attributes
                0x0000014b       0x33 ..\obj\system_stm32f4xx.o
 .ARM.attributes
                0x0000017e       0x33 ..\obj\DMA.o
 .ARM.attributes
                0x000001b1       0x33 ..\obj\stm32f4xx_hal_gpio.o
 .ARM.attributes
                0x000001e4       0x21 ..\obj\startup_stm32f429xx.o
 .ARM.attributes
                0x00000205       0x33 ..\obj\stm32f4xx_hal_rcc.o
 .ARM.attributes
                0x00000238       0x33 ..\obj\GPIO.o
 .ARM.attributes
                0x0000026b       0x1e c:/program files/gnu tools arm embedded/4.9 2015q1/bin/../lib/gcc/arm-none-eabi/4.9.3/armv7e-m/crtn.o
LOAD ..\obj\SPI.o
LOAD ..\obj\stm32f4xx_hal_cortex.o
LOAD ..\obj\RCC.o
LOAD ..\obj\stm32f4xx_hal.o
LOAD ..\obj\stm32f4xx_hal_spi.o
LOAD ..\obj\main.o
LOAD ..\obj\system_stm32f4xx.o
LOAD ..\obj\DMA.o
LOAD ..\obj\stm32f4xx_hal_gpio.o
LOAD ..\obj\startup_stm32f429xx.o
LOAD ..\obj\stm32f4xx_hal_rcc.o
LOAD ..\obj\GPIO.o
START GROUP
LOAD c:/program files/gnu tools arm embedded/4.9 2015q1/bin/../lib/gcc/arm-none-eabi/4.9.3/armv7e-m\libgcc.a
LOAD c:/program files/gnu tools arm embedded/4.9 2015q1/bin/../lib/gcc/arm-none-eabi/4.9.3/../../../../arm-none-eabi/lib/armv7e-m\libg.a
LOAD c:/program files/gnu tools arm embedded/4.9 2015q1/bin/../lib/gcc/arm-none-eabi/4.9.3/../../../../arm-none-eabi/lib/armv7e-m\libc.a
END GROUP
LOAD c:/program files/gnu tools arm embedded/4.9 2015q1/bin/../lib/gcc/arm-none-eabi/4.9.3/armv7e-m/crtend.o
LOAD c:/program files/gnu tools arm embedded/4.9 2015q1/bin/../lib/gcc/arm-none-eabi/4.9.3/armv7e-m/crtn.o
OUTPUT(Test.elf elf32-littlearm)

.debug_info     0x00000000     0x4301
 .debug_info    0x00000000      0x56f ..\obj\SPI.o
 .debug_info    0x0000056f      0xbac ..\obj\stm32f4xx_hal_cortex.o
 .debug_info    0x0000111b      0x38d ..\obj\RCC.o
 .debug_info    0x000014a8      0xa1c ..\obj\stm32f4xx_hal.o
 .debug_info    0x00001ec4      0x2f0 ..\obj\main.o
 .debug_info    0x000021b4      0x5a5 ..\obj\system_stm32f4xx.o
 .debug_info    0x00002759      0x308 ..\obj\DMA.o
 .debug_info    0x00002a61      0x712 ..\obj\stm32f4xx_hal_gpio.o
 .debug_info    0x00003173       0xd0 ..\obj\startup_stm32f429xx.o
 .debug_info    0x00003243      0xe27 ..\obj\stm32f4xx_hal_rcc.o
 .debug_info    0x0000406a      0x297 ..\obj\GPIO.o

.debug_abbrev   0x00000000      0xf14
 .debug_abbrev  0x00000000      0x118 ..\obj\SPI.o
 .debug_abbrev  0x00000118      0x299 ..\obj\stm32f4xx_hal_cortex.o
 .debug_abbrev  0x000003b1       0xe5 ..\obj\RCC.o
 .debug_abbrev  0x00000496      0x1ff ..\obj\stm32f4xx_hal.o
 .debug_abbrev  0x00000695      0x143 ..\obj\main.o
 .debug_abbrev  0x000007d8      0x136 ..\obj\system_stm32f4xx.o
 .debug_abbrev  0x0000090e      0x10c ..\obj\DMA.o
 .debug_abbrev  0x00000a1a      0x1aa ..\obj\stm32f4xx_hal_gpio.o
 .debug_abbrev  0x00000bc4       0x12 ..\obj\startup_stm32f429xx.o
 .debug_abbrev  0x00000bd6      0x25a ..\obj\stm32f4xx_hal_rcc.o
 .debug_abbrev  0x00000e30       0xe4 ..\obj\GPIO.o

.debug_aranges  0x00000000      0x168
 .debug_aranges
                0x00000000       0x20 ..\obj\SPI.o
 .debug_aranges
                0x00000020       0x20 ..\obj\stm32f4xx_hal_cortex.o
 .debug_aranges
                0x00000040       0x20 ..\obj\RCC.o
 .debug_aranges
                0x00000060       0x20 ..\obj\stm32f4xx_hal.o
 .debug_aranges
                0x00000080       0x20 ..\obj\main.o
 .debug_aranges
                0x000000a0       0x20 ..\obj\system_stm32f4xx.o
 .debug_aranges
                0x000000c0       0x20 ..\obj\DMA.o
 .debug_aranges
                0x000000e0       0x20 ..\obj\stm32f4xx_hal_gpio.o
 .debug_aranges
                0x00000100       0x28 ..\obj\startup_stm32f429xx.o
 .debug_aranges
                0x00000128       0x20 ..\obj\stm32f4xx_hal_rcc.o
 .debug_aranges
                0x00000148       0x20 ..\obj\GPIO.o

.debug_line     0x00000000     0x1b3e
 .debug_line    0x00000000      0x1d9 ..\obj\SPI.o
 .debug_line    0x000001d9      0x349 ..\obj\stm32f4xx_hal_cortex.o
 .debug_line    0x00000522      0x158 ..\obj\RCC.o
 .debug_line    0x0000067a      0x351 ..\obj\stm32f4xx_hal.o
 .debug_line    0x000009cb      0x1cb ..\obj\main.o
 .debug_line    0x00000b96      0x238 ..\obj\system_stm32f4xx.o
 .debug_line    0x00000dce      0x16d ..\obj\DMA.o
 .debug_line    0x00000f3b      0x447 ..\obj\stm32f4xx_hal_gpio.o
 .debug_line    0x00001382       0xbd ..\obj\startup_stm32f429xx.o
 .debug_line    0x0000143f      0x5ac ..\obj\stm32f4xx_hal_rcc.o
 .debug_line    0x000019eb      0x153 ..\obj\GPIO.o

.debug_str      0x00000000     0x1b3b
 .debug_str     0x00000000      0x3e1 ..\obj\SPI.o
                                0x446 (size before relaxing)
 .debug_str     0x000003e1      0x932 ..\obj\stm32f4xx_hal_cortex.o
                                0xb54 (size before relaxing)
 .debug_str     0x00000d13      0x2c9 ..\obj\RCC.o
                                0x3ca (size before relaxing)
 .debug_str     0x00000fdc      0x330 ..\obj\stm32f4xx_hal.o
                                0xb19 (size before relaxing)
 .debug_str     0x0000130c       0xfe ..\obj\main.o
                                0x2d3 (size before relaxing)
 .debug_str     0x0000140a       0xd9 ..\obj\system_stm32f4xx.o
                                0x3b3 (size before relaxing)
 .debug_str     0x000014e3      0x132 ..\obj\DMA.o
                                0x2ce (size before relaxing)
 .debug_str     0x00001615      0x1ec ..\obj\stm32f4xx_hal_gpio.o
                                0x518 (size before relaxing)
 .debug_str     0x00001801      0x29a ..\obj\stm32f4xx_hal_rcc.o
                                0x6d2 (size before relaxing)
 .debug_str     0x00001a9b       0xa0 ..\obj\GPIO.o
                                0x1fe (size before relaxing)

.comment        0x00000000       0x70
 .comment       0x00000000       0x70 ..\obj\SPI.o
                                 0x71 (size before relaxing)
 .comment       0x00000000       0x71 ..\obj\stm32f4xx_hal_cortex.o
 .comment       0x00000000       0x71 ..\obj\RCC.o
 .comment       0x00000000       0x71 ..\obj\stm32f4xx_hal.o
 .comment       0x00000000       0x71 ..\obj\main.o
 .comment       0x00000000       0x71 ..\obj\system_stm32f4xx.o
 .comment       0x00000000       0x71 ..\obj\DMA.o
 .comment       0x00000000       0x71 ..\obj\stm32f4xx_hal_gpio.o
 .comment       0x00000000       0x71 ..\obj\stm32f4xx_hal_rcc.o
 .comment       0x00000000       0x71 ..\obj\GPIO.o

.debug_frame    0x00000000     0x10d0
 .debug_frame   0x00000000      0x34c ..\obj\SPI.o
 .debug_frame   0x0000034c      0x428 ..\obj\stm32f4xx_hal_cortex.o
 .debug_frame   0x00000774       0xb0 ..\obj\RCC.o
 .debug_frame   0x00000824      0x310 ..\obj\stm32f4xx_hal.o
 .debug_frame   0x00000b34       0x78 ..\obj\main.o
 .debug_frame   0x00000bac       0x7c ..\obj\system_stm32f4xx.o
 .debug_frame   0x00000c28       0x5c ..\obj\DMA.o
 .debug_frame   0x00000c84      0x14c ..\obj\stm32f4xx_hal_gpio.o
 .debug_frame   0x00000dd0      0x204 ..\obj\stm32f4xx_hal_rcc.o
 .debug_frame   0x00000fd4       0xfc ..\obj\GPIO.o

.debug_ranges   0x00000000       0x20
 .debug_ranges  0x00000000       0x20 ..\obj\startup_stm32f429xx.o
