Archive member included because of file (symbol)

c:/program files/gnu tools arm embedded/4.9 2015q1/bin/../lib/gcc/arm-none-eabi/4.9.3/../../../../arm-none-eabi/lib/armv7e-m\libc.a(lib_a-exit.o)
                              c:/program files/gnu tools arm embedded/4.9 2015q1/bin/../lib/gcc/arm-none-eabi/4.9.3/../../../../arm-none-eabi/lib/armv7e-m/crt0.o (exit)
c:/program files/gnu tools arm embedded/4.9 2015q1/bin/../lib/gcc/arm-none-eabi/4.9.3/../../../../arm-none-eabi/lib/armv7e-m\libc.a(lib_a-impure.o)
                              c:/program files/gnu tools arm embedded/4.9 2015q1/bin/../lib/gcc/arm-none-eabi/4.9.3/../../../../arm-none-eabi/lib/armv7e-m\libc.a(lib_a-exit.o) (_global_impure_ptr)
c:/program files/gnu tools arm embedded/4.9 2015q1/bin/../lib/gcc/arm-none-eabi/4.9.3/../../../../arm-none-eabi/lib/armv7e-m\libc.a(lib_a-init.o)
                              c:/program files/gnu tools arm embedded/4.9 2015q1/bin/../lib/gcc/arm-none-eabi/4.9.3/../../../../arm-none-eabi/lib/armv7e-m/crt0.o (__libc_init_array)
c:/program files/gnu tools arm embedded/4.9 2015q1/bin/../lib/gcc/arm-none-eabi/4.9.3/../../../../arm-none-eabi/lib/armv7e-m\libc.a(lib_a-memset.o)
                              c:/program files/gnu tools arm embedded/4.9 2015q1/bin/../lib/gcc/arm-none-eabi/4.9.3/../../../../arm-none-eabi/lib/armv7e-m/crt0.o (memset)
c:/program files/gnu tools arm embedded/4.9 2015q1/bin/../lib/gcc/arm-none-eabi/4.9.3/../../../../arm-none-eabi/lib/armv7e-m\libc.a(lib_a-__call_atexit.o)
                              c:/program files/gnu tools arm embedded/4.9 2015q1/bin/../lib/gcc/arm-none-eabi/4.9.3/../../../../arm-none-eabi/lib/armv7e-m\libc.a(lib_a-exit.o) (__call_exitprocs)
c:/program files/gnu tools arm embedded/4.9 2015q1/bin/../lib/gcc/arm-none-eabi/4.9.3/../../../../arm-none-eabi/lib/armv7e-m\libc.a(lib_a-atexit.o)
                              c:/program files/gnu tools arm embedded/4.9 2015q1/bin/../lib/gcc/arm-none-eabi/4.9.3/../../../../arm-none-eabi/lib/armv7e-m\libc.a(lib_a-__call_atexit.o) (atexit)
c:/program files/gnu tools arm embedded/4.9 2015q1/bin/../lib/gcc/arm-none-eabi/4.9.3/../../../../arm-none-eabi/lib/armv7e-m\libc.a(lib_a-fini.o)
                              c:/program files/gnu tools arm embedded/4.9 2015q1/bin/../lib/gcc/arm-none-eabi/4.9.3/../../../../arm-none-eabi/lib/armv7e-m\libc.a(lib_a-__call_atexit.o) (__libc_fini_array)
c:/program files/gnu tools arm embedded/4.9 2015q1/bin/../lib/gcc/arm-none-eabi/4.9.3/../../../../arm-none-eabi/lib/armv7e-m\libc.a(lib_a-__atexit.o)
                              c:/program files/gnu tools arm embedded/4.9 2015q1/bin/../lib/gcc/arm-none-eabi/4.9.3/../../../../arm-none-eabi/lib/armv7e-m\libc.a(lib_a-atexit.o) (__register_exitproc)

Discarded input sections

 .text          0x00000000        0x0 c:/program files/gnu tools arm embedded/4.9 2015q1/bin/../lib/gcc/arm-none-eabi/4.9.3/armv7e-m/crti.o
 .data          0x00000000        0x0 c:/program files/gnu tools arm embedded/4.9 2015q1/bin/../lib/gcc/arm-none-eabi/4.9.3/armv7e-m/crti.o
 .bss           0x00000000        0x0 c:/program files/gnu tools arm embedded/4.9 2015q1/bin/../lib/gcc/arm-none-eabi/4.9.3/armv7e-m/crti.o
 .data          0x00000000        0x4 c:/program files/gnu tools arm embedded/4.9 2015q1/bin/../lib/gcc/arm-none-eabi/4.9.3/armv7e-m/crtbegin.o
 .text          0x00000000       0x74 c:/program files/gnu tools arm embedded/4.9 2015q1/bin/../lib/gcc/arm-none-eabi/4.9.3/../../../../arm-none-eabi/lib/armv7e-m/crt0.o
 .data          0x00000000        0x0 c:/program files/gnu tools arm embedded/4.9 2015q1/bin/../lib/gcc/arm-none-eabi/4.9.3/../../../../arm-none-eabi/lib/armv7e-m/crt0.o
 .bss           0x00000000        0x0 c:/program files/gnu tools arm embedded/4.9 2015q1/bin/../lib/gcc/arm-none-eabi/4.9.3/../../../../arm-none-eabi/lib/armv7e-m/crt0.o
 .ARM.extab     0x00000000        0x0 c:/program files/gnu tools arm embedded/4.9 2015q1/bin/../lib/gcc/arm-none-eabi/4.9.3/../../../../arm-none-eabi/lib/armv7e-m/crt0.o
 .ARM.exidx     0x00000000        0x8 c:/program files/gnu tools arm embedded/4.9 2015q1/bin/../lib/gcc/arm-none-eabi/4.9.3/../../../../arm-none-eabi/lib/armv7e-m/crt0.o
 .ARM.attributes
                0x00000000       0x1c c:/program files/gnu tools arm embedded/4.9 2015q1/bin/../lib/gcc/arm-none-eabi/4.9.3/../../../../arm-none-eabi/lib/armv7e-m/crt0.o
 .text          0x00000000        0x0 c:/program files/gnu tools arm embedded/4.9 2015q1/bin/../lib/gcc/arm-none-eabi/4.9.3/../../../../arm-none-eabi/lib/armv7e-m\libc.a(lib_a-exit.o)
 .data          0x00000000        0x0 c:/program files/gnu tools arm embedded/4.9 2015q1/bin/../lib/gcc/arm-none-eabi/4.9.3/../../../../arm-none-eabi/lib/armv7e-m\libc.a(lib_a-exit.o)
 .bss           0x00000000        0x0 c:/program files/gnu tools arm embedded/4.9 2015q1/bin/../lib/gcc/arm-none-eabi/4.9.3/../../../../arm-none-eabi/lib/armv7e-m\libc.a(lib_a-exit.o)
 .text.exit     0x00000000       0x20 c:/program files/gnu tools arm embedded/4.9 2015q1/bin/../lib/gcc/arm-none-eabi/4.9.3/../../../../arm-none-eabi/lib/armv7e-m\libc.a(lib_a-exit.o)
 .debug_frame   0x00000000       0x28 c:/program files/gnu tools arm embedded/4.9 2015q1/bin/../lib/gcc/arm-none-eabi/4.9.3/../../../../arm-none-eabi/lib/armv7e-m\libc.a(lib_a-exit.o)
 .ARM.attributes
                0x00000000       0x2e c:/program files/gnu tools arm embedded/4.9 2015q1/bin/../lib/gcc/arm-none-eabi/4.9.3/../../../../arm-none-eabi/lib/armv7e-m\libc.a(lib_a-exit.o)
 .text          0x00000000        0x0 c:/program files/gnu tools arm embedded/4.9 2015q1/bin/../lib/gcc/arm-none-eabi/4.9.3/../../../../arm-none-eabi/lib/armv7e-m\libc.a(lib_a-impure.o)
 .data          0x00000000        0x0 c:/program files/gnu tools arm embedded/4.9 2015q1/bin/../lib/gcc/arm-none-eabi/4.9.3/../../../../arm-none-eabi/lib/armv7e-m\libc.a(lib_a-impure.o)
 .bss           0x00000000        0x0 c:/program files/gnu tools arm embedded/4.9 2015q1/bin/../lib/gcc/arm-none-eabi/4.9.3/../../../../arm-none-eabi/lib/armv7e-m\libc.a(lib_a-impure.o)
 .data._impure_ptr
                0x00000000        0x4 c:/program files/gnu tools arm embedded/4.9 2015q1/bin/../lib/gcc/arm-none-eabi/4.9.3/../../../../arm-none-eabi/lib/armv7e-m\libc.a(lib_a-impure.o)
 .ARM.attributes
                0x00000000       0x2e c:/program files/gnu tools arm embedded/4.9 2015q1/bin/../lib/gcc/arm-none-eabi/4.9.3/../../../../arm-none-eabi/lib/armv7e-m\libc.a(lib_a-impure.o)
 .text          0x00000000        0x0 c:/program files/gnu tools arm embedded/4.9 2015q1/bin/../lib/gcc/arm-none-eabi/4.9.3/../../../../arm-none-eabi/lib/armv7e-m\libc.a(lib_a-init.o)
 .data          0x00000000        0x0 c:/program files/gnu tools arm embedded/4.9 2015q1/bin/../lib/gcc/arm-none-eabi/4.9.3/../../../../arm-none-eabi/lib/armv7e-m\libc.a(lib_a-init.o)
 .bss           0x00000000        0x0 c:/program files/gnu tools arm embedded/4.9 2015q1/bin/../lib/gcc/arm-none-eabi/4.9.3/../../../../arm-none-eabi/lib/armv7e-m\libc.a(lib_a-init.o)
 .debug_frame   0x00000000       0x2c c:/program files/gnu tools arm embedded/4.9 2015q1/bin/../lib/gcc/arm-none-eabi/4.9.3/../../../../arm-none-eabi/lib/armv7e-m\libc.a(lib_a-init.o)
 .ARM.attributes
                0x00000000       0x2e c:/program files/gnu tools arm embedded/4.9 2015q1/bin/../lib/gcc/arm-none-eabi/4.9.3/../../../../arm-none-eabi/lib/armv7e-m\libc.a(lib_a-init.o)
 .text          0x00000000        0x0 c:/program files/gnu tools arm embedded/4.9 2015q1/bin/../lib/gcc/arm-none-eabi/4.9.3/../../../../arm-none-eabi/lib/armv7e-m\libc.a(lib_a-memset.o)
 .data          0x00000000        0x0 c:/program files/gnu tools arm embedded/4.9 2015q1/bin/../lib/gcc/arm-none-eabi/4.9.3/../../../../arm-none-eabi/lib/armv7e-m\libc.a(lib_a-memset.o)
 .bss           0x00000000        0x0 c:/program files/gnu tools arm embedded/4.9 2015q1/bin/../lib/gcc/arm-none-eabi/4.9.3/../../../../arm-none-eabi/lib/armv7e-m\libc.a(lib_a-memset.o)
 .text.memset   0x00000000       0x9c c:/program files/gnu tools arm embedded/4.9 2015q1/bin/../lib/gcc/arm-none-eabi/4.9.3/../../../../arm-none-eabi/lib/armv7e-m\libc.a(lib_a-memset.o)
 .debug_frame   0x00000000       0x34 c:/program files/gnu tools arm embedded/4.9 2015q1/bin/../lib/gcc/arm-none-eabi/4.9.3/../../../../arm-none-eabi/lib/armv7e-m\libc.a(lib_a-memset.o)
 .ARM.attributes
                0x00000000       0x2e c:/program files/gnu tools arm embedded/4.9 2015q1/bin/../lib/gcc/arm-none-eabi/4.9.3/../../../../arm-none-eabi/lib/armv7e-m\libc.a(lib_a-memset.o)
 .text          0x00000000        0x0 c:/program files/gnu tools arm embedded/4.9 2015q1/bin/../lib/gcc/arm-none-eabi/4.9.3/../../../../arm-none-eabi/lib/armv7e-m\libc.a(lib_a-__call_atexit.o)
 .data          0x00000000        0x0 c:/program files/gnu tools arm embedded/4.9 2015q1/bin/../lib/gcc/arm-none-eabi/4.9.3/../../../../arm-none-eabi/lib/armv7e-m\libc.a(lib_a-__call_atexit.o)
 .bss           0x00000000        0x0 c:/program files/gnu tools arm embedded/4.9 2015q1/bin/../lib/gcc/arm-none-eabi/4.9.3/../../../../arm-none-eabi/lib/armv7e-m\libc.a(lib_a-__call_atexit.o)
 .text.__call_exitprocs
                0x00000000       0xd4 c:/program files/gnu tools arm embedded/4.9 2015q1/bin/../lib/gcc/arm-none-eabi/4.9.3/../../../../arm-none-eabi/lib/armv7e-m\libc.a(lib_a-__call_atexit.o)
 .debug_frame   0x00000000       0x50 c:/program files/gnu tools arm embedded/4.9 2015q1/bin/../lib/gcc/arm-none-eabi/4.9.3/../../../../arm-none-eabi/lib/armv7e-m\libc.a(lib_a-__call_atexit.o)
 .ARM.attributes
                0x00000000       0x2e c:/program files/gnu tools arm embedded/4.9 2015q1/bin/../lib/gcc/arm-none-eabi/4.9.3/../../../../arm-none-eabi/lib/armv7e-m\libc.a(lib_a-__call_atexit.o)
 .text          0x00000000        0x0 c:/program files/gnu tools arm embedded/4.9 2015q1/bin/../lib/gcc/arm-none-eabi/4.9.3/../../../../arm-none-eabi/lib/armv7e-m\libc.a(lib_a-atexit.o)
 .data          0x00000000        0x0 c:/program files/gnu tools arm embedded/4.9 2015q1/bin/../lib/gcc/arm-none-eabi/4.9.3/../../../../arm-none-eabi/lib/armv7e-m\libc.a(lib_a-atexit.o)
 .bss           0x00000000        0x0 c:/program files/gnu tools arm embedded/4.9 2015q1/bin/../lib/gcc/arm-none-eabi/4.9.3/../../../../arm-none-eabi/lib/armv7e-m\libc.a(lib_a-atexit.o)
 .debug_frame   0x00000000       0x20 c:/program files/gnu tools arm embedded/4.9 2015q1/bin/../lib/gcc/arm-none-eabi/4.9.3/../../../../arm-none-eabi/lib/armv7e-m\libc.a(lib_a-atexit.o)
 .ARM.attributes
                0x00000000       0x2e c:/program files/gnu tools arm embedded/4.9 2015q1/bin/../lib/gcc/arm-none-eabi/4.9.3/../../../../arm-none-eabi/lib/armv7e-m\libc.a(lib_a-atexit.o)
 .text          0x00000000        0x0 c:/program files/gnu tools arm embedded/4.9 2015q1/bin/../lib/gcc/arm-none-eabi/4.9.3/../../../../arm-none-eabi/lib/armv7e-m\libc.a(lib_a-fini.o)
 .data          0x00000000        0x0 c:/program files/gnu tools arm embedded/4.9 2015q1/bin/../lib/gcc/arm-none-eabi/4.9.3/../../../../arm-none-eabi/lib/armv7e-m\libc.a(lib_a-fini.o)
 .bss           0x00000000        0x0 c:/program files/gnu tools arm embedded/4.9 2015q1/bin/../lib/gcc/arm-none-eabi/4.9.3/../../../../arm-none-eabi/lib/armv7e-m\libc.a(lib_a-fini.o)
 .debug_frame   0x00000000       0x34 c:/program files/gnu tools arm embedded/4.9 2015q1/bin/../lib/gcc/arm-none-eabi/4.9.3/../../../../arm-none-eabi/lib/armv7e-m\libc.a(lib_a-fini.o)
 .ARM.attributes
                0x00000000       0x2e c:/program files/gnu tools arm embedded/4.9 2015q1/bin/../lib/gcc/arm-none-eabi/4.9.3/../../../../arm-none-eabi/lib/armv7e-m\libc.a(lib_a-fini.o)
 .text          0x00000000        0x0 c:/program files/gnu tools arm embedded/4.9 2015q1/bin/../lib/gcc/arm-none-eabi/4.9.3/../../../../arm-none-eabi/lib/armv7e-m\libc.a(lib_a-__atexit.o)
 .data          0x00000000        0x0 c:/program files/gnu tools arm embedded/4.9 2015q1/bin/../lib/gcc/arm-none-eabi/4.9.3/../../../../arm-none-eabi/lib/armv7e-m\libc.a(lib_a-__atexit.o)
 .bss           0x00000000        0x0 c:/program files/gnu tools arm embedded/4.9 2015q1/bin/../lib/gcc/arm-none-eabi/4.9.3/../../../../arm-none-eabi/lib/armv7e-m\libc.a(lib_a-__atexit.o)
 .debug_frame   0x00000000       0x34 c:/program files/gnu tools arm embedded/4.9 2015q1/bin/../lib/gcc/arm-none-eabi/4.9.3/../../../../arm-none-eabi/lib/armv7e-m\libc.a(lib_a-__atexit.o)
 .ARM.attributes
                0x00000000       0x2e c:/program files/gnu tools arm embedded/4.9 2015q1/bin/../lib/gcc/arm-none-eabi/4.9.3/../../../../arm-none-eabi/lib/armv7e-m\libc.a(lib_a-__atexit.o)
 .data          0x00000000        0x0 ..\obj\SPI.o
 .bss           0x00000000        0x0 ..\obj\SPI.o
 .text          0x00000000      0x544 ..\obj\stm32f4xx_hal_cortex.o
 .data          0x00000000        0x0 ..\obj\stm32f4xx_hal_cortex.o
 .bss           0x00000000        0x0 ..\obj\stm32f4xx_hal_cortex.o
 .debug_info    0x00000000      0xbac ..\obj\stm32f4xx_hal_cortex.o
 .debug_abbrev  0x00000000      0x299 ..\obj\stm32f4xx_hal_cortex.o
 .debug_aranges
                0x00000000       0x20 ..\obj\stm32f4xx_hal_cortex.o
 .debug_line    0x00000000      0x349 ..\obj\stm32f4xx_hal_cortex.o
 .debug_str     0x00000000      0xb54 ..\obj\stm32f4xx_hal_cortex.o
 .comment       0x00000000       0x71 ..\obj\stm32f4xx_hal_cortex.o
 .debug_frame   0x00000000      0x428 ..\obj\stm32f4xx_hal_cortex.o
 .ARM.attributes
                0x00000000       0x33 ..\obj\stm32f4xx_hal_cortex.o
 .data          0x00000000        0x0 ..\obj\RCC.o
 .bss           0x00000000        0x0 ..\obj\RCC.o
 .text          0x00000000     0x1f20 ..\obj\stm32f4xx_hal_spi.o
 .data          0x00000000        0x0 ..\obj\stm32f4xx_hal_spi.o
 .bss           0x00000000        0x0 ..\obj\stm32f4xx_hal_spi.o
 .debug_info    0x00000000      0xf77 ..\obj\stm32f4xx_hal_spi.o
 .debug_abbrev  0x00000000      0x20a ..\obj\stm32f4xx_hal_spi.o
 .debug_aranges
                0x00000000       0x20 ..\obj\stm32f4xx_hal_spi.o
 .debug_line    0x00000000      0x8bc ..\obj\stm32f4xx_hal_spi.o
 .debug_str     0x00000000      0xa49 ..\obj\stm32f4xx_hal_spi.o
 .comment       0x00000000       0x71 ..\obj\stm32f4xx_hal_spi.o
 .debug_frame   0x00000000      0x604 ..\obj\stm32f4xx_hal_spi.o
 .ARM.attributes
                0x00000000       0x33 ..\obj\stm32f4xx_hal_spi.o
 .data          0x00000000        0x0 ..\obj\main.o
 .bss           0x00000000        0x0 ..\obj\main.o
 .bss           0x00000000        0x0 ..\obj\system_stm32f4xx.o
 .text          0x00000000      0x674 ..\obj\stm32f4xx_hal_gpio.o
 .data          0x00000000        0x0 ..\obj\stm32f4xx_hal_gpio.o
 .bss           0x00000000        0x0 ..\obj\stm32f4xx_hal_gpio.o
 .debug_info    0x00000000      0x712 ..\obj\stm32f4xx_hal_gpio.o
 .debug_abbrev  0x00000000      0x1aa ..\obj\stm32f4xx_hal_gpio.o
 .debug_aranges
                0x00000000       0x20 ..\obj\stm32f4xx_hal_gpio.o
 .debug_line    0x00000000      0x447 ..\obj\stm32f4xx_hal_gpio.o
 .debug_str     0x00000000      0x518 ..\obj\stm32f4xx_hal_gpio.o
 .comment       0x00000000       0x71 ..\obj\stm32f4xx_hal_gpio.o
 .debug_frame   0x00000000      0x14c ..\obj\stm32f4xx_hal_gpio.o
 .ARM.attributes
                0x00000000       0x33 ..\obj\stm32f4xx_hal_gpio.o
 .text          0x00000000       0x14 ..\obj\startup_stm32f429xx.o
 .data          0x00000000        0x0 ..\obj\startup_stm32f429xx.o
 .bss           0x00000000        0x0 ..\obj\startup_stm32f429xx.o
 .data          0x00000000        0x0 ..\obj\GPIO.o
 .bss           0x00000000        0x0 ..\obj\GPIO.o
 .text          0x00000000        0x0 c:/program files/gnu tools arm embedded/4.9 2015q1/bin/../lib/gcc/arm-none-eabi/4.9.3/armv7e-m/crtend.o
 .data          0x00000000        0x0 c:/program files/gnu tools arm embedded/4.9 2015q1/bin/../lib/gcc/arm-none-eabi/4.9.3/armv7e-m/crtend.o
 .bss           0x00000000        0x0 c:/program files/gnu tools arm embedded/4.9 2015q1/bin/../lib/gcc/arm-none-eabi/4.9.3/armv7e-m/crtend.o
 .eh_frame      0x00000000        0x4 c:/program files/gnu tools arm embedded/4.9 2015q1/bin/../lib/gcc/arm-none-eabi/4.9.3/armv7e-m/crtend.o
 .jcr           0x00000000        0x4 c:/program files/gnu tools arm embedded/4.9 2015q1/bin/../lib/gcc/arm-none-eabi/4.9.3/armv7e-m/crtend.o
 .ARM.attributes
                0x00000000       0x2e c:/program files/gnu tools arm embedded/4.9 2015q1/bin/../lib/gcc/arm-none-eabi/4.9.3/armv7e-m/crtend.o
 .text          0x00000000        0x0 c:/program files/gnu tools arm embedded/4.9 2015q1/bin/../lib/gcc/arm-none-eabi/4.9.3/armv7e-m/crtn.o
 .data          0x00000000        0x0 c:/program files/gnu tools arm embedded/4.9 2015q1/bin/../lib/gcc/arm-none-eabi/4.9.3/armv7e-m/crtn.o
 .bss           0x00000000        0x0 c:/program files/gnu tools arm embedded/4.9 2015q1/bin/../lib/gcc/arm-none-eabi/4.9.3/armv7e-m/crtn.o

Memory Configuration

Name             Origin             Length             Attributes
FLASH            0x08000000         0x00200000         xr
RAM              0x20000000         0x00030000         xrw
CCMRAM           0x10000000         0x00010000         rw
*default*        0x00000000         0xffffffff

Linker script and memory map

LOAD c:/program files/gnu tools arm embedded/4.9 2015q1/bin/../lib/gcc/arm-none-eabi/4.9.3/armv7e-m/crti.o
LOAD c:/program files/gnu tools arm embedded/4.9 2015q1/bin/../lib/gcc/arm-none-eabi/4.9.3/armv7e-m/crtbegin.o
LOAD c:/program files/gnu tools arm embedded/4.9 2015q1/bin/../lib/gcc/arm-none-eabi/4.9.3/../../../../arm-none-eabi/lib/armv7e-m/crt0.o
                0x2002ffff                _estack = 0x2002ffff
                0x00000200                _Min_Heap_Size = 0x200
                0x00000400                _Min_Stack_Size = 0x400

.isr_vector     0x08000000      0x1ac
                0x08000000                . = ALIGN (0x4)
 *(.isr_vector)
 .isr_vector    0x08000000      0x1ac ..\obj\startup_stm32f429xx.o
                0x08000000                g_pfnVectors
                0x080001ac                . = ALIGN (0x4)

.text           0x080001ac      0xb28
                0x080001ac                . = ALIGN (0x4)
 *(.text)
 .text          0x080001ac       0x5c c:/program files/gnu tools arm embedded/4.9 2015q1/bin/../lib/gcc/arm-none-eabi/4.9.3/armv7e-m/crtbegin.o
 .text          0x08000208      0x3b4 ..\obj\SPI.o
                0x08000208                sendData
                0x08000230                getSPI4Status
                0x0800025c                enableSPI
                0x08000294                configureSPI
                0x080002f4                configureDirection
                0x08000324                configureOutput
                0x08000354                configureReceive
                0x08000384                configureMode
                0x080003b4                configureDataFrame
                0x080003e4                configureFrameFormat
                0x08000414                configureLSBFIRST
                0x08000444                configureClock
                0x080004fc                enableCRC
                0x0800052c                enableSSM
                0x0800055c                configureBR
                0x0800058c                configureSS
 .text          0x080005bc       0xac ..\obj\RCC.o
                0x080005bc                gpioUnresetEnableClock
                0x08000608                spiUnresetEnableClock
                0x08000620                spiUnresetClock
                0x08000644                spiEnableClock
 .text          0x08000668       0xc8 ..\obj\main.o
                0x08000668                delay
                0x08000688                main
 .text          0x08000730      0x27c ..\obj\system_stm32f4xx.o
                0x08000730                SystemInit
                0x08000788                SystemCoreClockUpdate
 .text          0x080009ac      0x17c ..\obj\GPIO.o
                0x080009ac                configurePin
                0x08000a18                writeOne
                0x08000a3c                writeZero
                0x08000a64                pullUpDown
                0x08000aa4                altFunction
                0x08000aec                outputType
 *(.text*)
 .text.__libc_init_array
                0x08000b28       0x50 c:/program files/gnu tools arm embedded/4.9 2015q1/bin/../lib/gcc/arm-none-eabi/4.9.3/../../../../arm-none-eabi/lib/armv7e-m\libc.a(lib_a-init.o)
                0x08000b28                __libc_init_array
 .text.startup.register_fini
                0x08000b78       0x14 c:/program files/gnu tools arm embedded/4.9 2015q1/bin/../lib/gcc/arm-none-eabi/4.9.3/../../../../arm-none-eabi/lib/armv7e-m\libc.a(lib_a-__call_atexit.o)
 .text.atexit   0x08000b8c        0xc c:/program files/gnu tools arm embedded/4.9 2015q1/bin/../lib/gcc/arm-none-eabi/4.9.3/../../../../arm-none-eabi/lib/armv7e-m\libc.a(lib_a-atexit.o)
                0x08000b8c                atexit
 .text.__libc_fini_array
                0x08000b98       0x2c c:/program files/gnu tools arm embedded/4.9 2015q1/bin/../lib/gcc/arm-none-eabi/4.9.3/../../../../arm-none-eabi/lib/armv7e-m\libc.a(lib_a-fini.o)
                0x08000b98                __libc_fini_array
 .text.__register_exitproc
                0x08000bc4       0xa4 c:/program files/gnu tools arm embedded/4.9 2015q1/bin/../lib/gcc/arm-none-eabi/4.9.3/../../../../arm-none-eabi/lib/armv7e-m\libc.a(lib_a-__atexit.o)
                0x08000bc4                __register_exitproc
 .text.Reset_Handler
                0x08000c68       0x50 ..\obj\startup_stm32f429xx.o
                0x08000c68                Reset_Handler
 .text.Default_Handler
                0x08000cb8        0x2 ..\obj\startup_stm32f429xx.o
                0x08000cb8                RTC_Alarm_IRQHandler
                0x08000cb8                HASH_RNG_IRQHandler
                0x08000cb8                EXTI2_IRQHandler
                0x08000cb8                TIM8_CC_IRQHandler
                0x08000cb8                DebugMon_Handler
                0x08000cb8                UART8_IRQHandler
                0x08000cb8                SPI4_IRQHandler
                0x08000cb8                TIM1_CC_IRQHandler
                0x08000cb8                DMA2_Stream5_IRQHandler
                0x08000cb8                HardFault_Handler
                0x08000cb8                DMA1_Stream5_IRQHandler
                0x08000cb8                SysTick_Handler
                0x08000cb8                PVD_IRQHandler
                0x08000cb8                SDIO_IRQHandler
                0x08000cb8                TAMP_STAMP_IRQHandler
                0x08000cb8                PendSV_Handler
                0x08000cb8                NMI_Handler
                0x08000cb8                CAN2_RX1_IRQHandler
                0x08000cb8                EXTI3_IRQHandler
                0x08000cb8                TIM8_TRG_COM_TIM14_IRQHandler
                0x08000cb8                TIM1_UP_TIM10_IRQHandler
                0x08000cb8                TIM8_UP_TIM13_IRQHandler
                0x08000cb8                I2C3_ER_IRQHandler
                0x08000cb8                EXTI0_IRQHandler
                0x08000cb8                I2C2_EV_IRQHandler
                0x08000cb8                DMA1_Stream2_IRQHandler
                0x08000cb8                CAN1_RX0_IRQHandler
                0x08000cb8                FPU_IRQHandler
                0x08000cb8                OTG_HS_WKUP_IRQHandler
                0x08000cb8                UsageFault_Handler
                0x08000cb8                LTDC_ER_IRQHandler
                0x08000cb8                CAN2_SCE_IRQHandler
                0x08000cb8                DMA2_Stream2_IRQHandler
                0x08000cb8                SPI1_IRQHandler
                0x08000cb8                TIM6_DAC_IRQHandler
                0x08000cb8                TIM1_BRK_TIM9_IRQHandler
                0x08000cb8                DCMI_IRQHandler
                0x08000cb8                CAN2_RX0_IRQHandler
                0x08000cb8                DMA2_Stream3_IRQHandler
                0x08000cb8                USART6_IRQHandler
                0x08000cb8                USART3_IRQHandler
                0x08000cb8                CAN1_RX1_IRQHandler
                0x08000cb8                UART5_IRQHandler
                0x08000cb8                DMA2_Stream0_IRQHandler
                0x08000cb8                TIM4_IRQHandler
                0x08000cb8                I2C1_EV_IRQHandler
                0x08000cb8                DMA1_Stream6_IRQHandler
                0x08000cb8                DMA1_Stream1_IRQHandler
                0x08000cb8                UART4_IRQHandler
                0x08000cb8                TIM3_IRQHandler
                0x08000cb8                RCC_IRQHandler
                0x08000cb8                TIM8_BRK_TIM12_IRQHandler
                0x08000cb8                Default_Handler
                0x08000cb8                EXTI15_10_IRQHandler
                0x08000cb8                ADC_IRQHandler
                0x08000cb8                DMA1_Stream7_IRQHandler
                0x08000cb8                SPI5_IRQHandler
                0x08000cb8                TIM7_IRQHandler
                0x08000cb8                CAN2_TX_IRQHandler
                0x08000cb8                TIM5_IRQHandler
                0x08000cb8                DMA2_Stream7_IRQHandler
                0x08000cb8                I2C3_EV_IRQHandler
                0x08000cb8                EXTI9_5_IRQHandler
                0x08000cb8                RTC_WKUP_IRQHandler
                0x08000cb8                LTDC_IRQHandler
                0x08000cb8                ETH_WKUP_IRQHandler
                0x08000cb8                SPI2_IRQHandler
                0x08000cb8                OTG_HS_EP1_IN_IRQHandler
                0x08000cb8                MemManage_Handler
                0x08000cb8                DMA1_Stream0_IRQHandler
                0x08000cb8                CAN1_TX_IRQHandler
                0x08000cb8                SVC_Handler
                0x08000cb8                EXTI4_IRQHandler
                0x08000cb8                ETH_IRQHandler
                0x08000cb8                OTG_HS_EP1_OUT_IRQHandler
                0x08000cb8                WWDG_IRQHandler
                0x08000cb8                SPI6_IRQHandler
                0x08000cb8                TIM2_IRQHandler
                0x08000cb8                OTG_FS_WKUP_IRQHandler
                0x08000cb8                TIM1_TRG_COM_TIM11_IRQHandler
                0x08000cb8                OTG_HS_IRQHandler
                0x08000cb8                DMA2D_IRQHandler
                0x08000cb8                EXTI1_IRQHandler
                0x08000cb8                UART7_IRQHandler
                0x08000cb8                USART2_IRQHandler
                0x08000cb8                I2C2_ER_IRQHandler
                0x08000cb8                DMA2_Stream1_IRQHandler
                0x08000cb8                CAN1_SCE_IRQHandler
                0x08000cb8                FLASH_IRQHandler
                0x08000cb8                DMA2_Stream4_IRQHandler
                0x08000cb8                BusFault_Handler
                0x08000cb8                USART1_IRQHandler
                0x08000cb8                OTG_FS_IRQHandler
                0x08000cb8                SPI3_IRQHandler
                0x08000cb8                DMA1_Stream4_IRQHandler
                0x08000cb8                I2C1_ER_IRQHandler
                0x08000cb8                FMC_IRQHandler
                0x08000cb8                DMA2_Stream6_IRQHandler
                0x08000cb8                SAI1_IRQHandler
                0x08000cb8                DMA1_Stream3_IRQHandler
 *(.glue_7)
 .glue_7        0x00000000        0x0 linker stubs
 *(.glue_7t)
 .glue_7t       0x00000000        0x0 linker stubs
 *(.eh_frame)
 *fill*         0x08000cba        0x2 
 .eh_frame      0x08000cbc        0x0 c:/program files/gnu tools arm embedded/4.9 2015q1/bin/../lib/gcc/arm-none-eabi/4.9.3/armv7e-m/crtbegin.o
 *(.init)
 .init          0x08000cbc        0x4 c:/program files/gnu tools arm embedded/4.9 2015q1/bin/../lib/gcc/arm-none-eabi/4.9.3/armv7e-m/crti.o
                0x08000cbc                _init
 .init          0x08000cc0        0x8 c:/program files/gnu tools arm embedded/4.9 2015q1/bin/../lib/gcc/arm-none-eabi/4.9.3/armv7e-m/crtn.o
 *(.fini)
 .fini          0x08000cc8        0x4 c:/program files/gnu tools arm embedded/4.9 2015q1/bin/../lib/gcc/arm-none-eabi/4.9.3/armv7e-m/crti.o
                0x08000cc8                _fini
 .fini          0x08000ccc        0x8 c:/program files/gnu tools arm embedded/4.9 2015q1/bin/../lib/gcc/arm-none-eabi/4.9.3/armv7e-m/crtn.o
                0x08000cd4                . = ALIGN (0x4)
                0x08000cd4                _etext = .

.vfp11_veneer   0x08000cd4        0x0
 .vfp11_veneer  0x00000000        0x0 linker stubs

.v4_bx          0x08000cd4        0x0
 .v4_bx         0x00000000        0x0 linker stubs

.iplt           0x08000cd4        0x0
 .iplt          0x00000000        0x0 c:/program files/gnu tools arm embedded/4.9 2015q1/bin/../lib/gcc/arm-none-eabi/4.9.3/armv7e-m/crtbegin.o

.rodata         0x08000cd4        0x8
                0x08000cd4                . = ALIGN (0x4)
 *(.rodata)
 *(.rodata*)
 .rodata.str1.4
                0x08000cd4        0x4 c:/program files/gnu tools arm embedded/4.9 2015q1/bin/../lib/gcc/arm-none-eabi/4.9.3/../../../../arm-none-eabi/lib/armv7e-m\libc.a(lib_a-impure.o)
 .rodata._global_impure_ptr
                0x08000cd8        0x4 c:/program files/gnu tools arm embedded/4.9 2015q1/bin/../lib/gcc/arm-none-eabi/4.9.3/../../../../arm-none-eabi/lib/armv7e-m\libc.a(lib_a-impure.o)
                0x08000cd8                _global_impure_ptr
                0x08000cdc                . = ALIGN (0x4)

.rel.dyn        0x08000cdc        0x0
 .rel.iplt      0x00000000        0x0 c:/program files/gnu tools arm embedded/4.9 2015q1/bin/../lib/gcc/arm-none-eabi/4.9.3/armv7e-m/crtbegin.o

.ARM.extab
 *(.ARM.extab* .gnu.linkonce.armextab.*)

.ARM            0x08000cdc        0x0
                0x08000cdc                __exidx_start = .
 *(.ARM.exidx*)
                0x08000cdc                __exidx_end = .

.preinit_array  0x08000cdc        0x0
                0x08000cdc                PROVIDE (__preinit_array_start, .)
 *(.preinit_array*)
                0x08000cdc                PROVIDE (__preinit_array_end, .)

.init_array     0x08000cdc        0x8
                0x08000cdc                PROVIDE (__init_array_start, .)
 *(SORT(.init_array.*))
 .init_array.00000
                0x08000cdc        0x4 c:/program files/gnu tools arm embedded/4.9 2015q1/bin/../lib/gcc/arm-none-eabi/4.9.3/../../../../arm-none-eabi/lib/armv7e-m\libc.a(lib_a-__call_atexit.o)
 *(.init_array*)
 .init_array    0x08000ce0        0x4 c:/program files/gnu tools arm embedded/4.9 2015q1/bin/../lib/gcc/arm-none-eabi/4.9.3/armv7e-m/crtbegin.o
                0x08000ce4                PROVIDE (__init_array_end, .)

.fini_array     0x08000ce4        0x4
                0x08000ce4                PROVIDE (__fini_array_start, .)
 *(SORT(.fini_array.*))
 *(.fini_array*)
 .fini_array    0x08000ce4        0x4 c:/program files/gnu tools arm embedded/4.9 2015q1/bin/../lib/gcc/arm-none-eabi/4.9.3/armv7e-m/crtbegin.o
                0x08000ce8                PROVIDE (__fini_array_end, .)
                0x08000ce8                _sidata = LOADADDR (.data)

.data           0x20000000      0x440 load address 0x08000ce8
                0x20000000                . = ALIGN (0x4)
                0x20000000                _sdata = .
 *(.data)
 .data          0x20000000       0x14 ..\obj\system_stm32f4xx.o
                0x20000000                SystemCoreClock
                0x20000004                AHBPrescTable
 *(.data*)
 *fill*         0x20000014        0x4 
 .data.impure_data
                0x20000018      0x428 c:/program files/gnu tools arm embedded/4.9 2015q1/bin/../lib/gcc/arm-none-eabi/4.9.3/../../../../arm-none-eabi/lib/armv7e-m\libc.a(lib_a-impure.o)
                0x20000440                . = ALIGN (0x4)
                0x20000440                _edata = .
                0x08001128                _siccmram = LOADADDR (.ccmram)

.jcr            0x20000440        0x0 load address 0x08001128
 .jcr           0x20000440        0x0 c:/program files/gnu tools arm embedded/4.9 2015q1/bin/../lib/gcc/arm-none-eabi/4.9.3/armv7e-m/crtbegin.o

.igot.plt       0x20000440        0x0 load address 0x08001128
 .igot.plt      0x00000000        0x0 c:/program files/gnu tools arm embedded/4.9 2015q1/bin/../lib/gcc/arm-none-eabi/4.9.3/armv7e-m/crtbegin.o

.ccmram         0x10000000        0x0 load address 0x08001128
                0x10000000                . = ALIGN (0x4)
                0x10000000                _sccmram = .
 *(.ccmram)
 *(.ccmram*)
                0x10000000                . = ALIGN (0x4)
                0x10000000                _eccmram = .
                0x10000000                . = ALIGN (0x4)

.bss            0x20000440       0x1c
                0x20000440                _sbss = .
                0x20000440                __bss_start__ = _sbss
 *(.bss)
 .bss           0x20000440       0x1c c:/program files/gnu tools arm embedded/4.9 2015q1/bin/../lib/gcc/arm-none-eabi/4.9.3/armv7e-m/crtbegin.o
 *(.bss*)
 *(COMMON)
                0x2000045c                . = ALIGN (0x4)
                0x2000045c                _ebss = .
                0x2000045c                __bss_end__ = _ebss

._user_heap_stack
                0x2000045c      0x600
                0x2000045c                . = ALIGN (0x4)
                0x2000045c                PROVIDE (end, .)
                0x2000045c                PROVIDE (_end, .)
                0x2000065c                . = (. + _Min_Heap_Size)
 *fill*         0x2000045c      0x200 
                0x20000a5c                . = (. + _Min_Stack_Size)
 *fill*         0x2000065c      0x400 
                0x20000a5c                . = ALIGN (0x4)

/DISCARD/
 libc.a(*)
 libm.a(*)
 libgcc.a(*)

.ARM.attributes
                0x00000000       0x2a
 *(.ARM.attributes)
 .ARM.attributes
                0x00000000       0x1e c:/program files/gnu tools arm embedded/4.9 2015q1/bin/../lib/gcc/arm-none-eabi/4.9.3/armv7e-m/crti.o
 .ARM.attributes
                0x0000001e       0x2e c:/program files/gnu tools arm embedded/4.9 2015q1/bin/../lib/gcc/arm-none-eabi/4.9.3/armv7e-m/crtbegin.o
 .ARM.attributes
                0x0000004c       0x33 ..\obj\SPI.o
 .ARM.attributes
                0x0000007f       0x33 ..\obj\RCC.o
 .ARM.attributes
                0x000000b2       0x33 ..\obj\main.o
 .ARM.attributes
                0x000000e5       0x33 ..\obj\system_stm32f4xx.o
 .ARM.attributes
                0x00000118       0x21 ..\obj\startup_stm32f429xx.o
 .ARM.attributes
                0x00000139       0x33 ..\obj\GPIO.o
 .ARM.attributes
                0x0000016c       0x1e c:/program files/gnu tools arm embedded/4.9 2015q1/bin/../lib/gcc/arm-none-eabi/4.9.3/armv7e-m/crtn.o
LOAD ..\obj\SPI.o
LOAD ..\obj\stm32f4xx_hal_cortex.o
LOAD ..\obj\RCC.o
LOAD ..\obj\stm32f4xx_hal_spi.o
LOAD ..\obj\main.o
LOAD ..\obj\system_stm32f4xx.o
LOAD ..\obj\stm32f4xx_hal_gpio.o
LOAD ..\obj\startup_stm32f429xx.o
LOAD ..\obj\GPIO.o
START GROUP
LOAD c:/program files/gnu tools arm embedded/4.9 2015q1/bin/../lib/gcc/arm-none-eabi/4.9.3/armv7e-m\libgcc.a
LOAD c:/program files/gnu tools arm embedded/4.9 2015q1/bin/../lib/gcc/arm-none-eabi/4.9.3/../../../../arm-none-eabi/lib/armv7e-m\libg.a
LOAD c:/program files/gnu tools arm embedded/4.9 2015q1/bin/../lib/gcc/arm-none-eabi/4.9.3/../../../../arm-none-eabi/lib/armv7e-m\libc.a
END GROUP
LOAD c:/program files/gnu tools arm embedded/4.9 2015q1/bin/../lib/gcc/arm-none-eabi/4.9.3/armv7e-m/crtend.o
LOAD c:/program files/gnu tools arm embedded/4.9 2015q1/bin/../lib/gcc/arm-none-eabi/4.9.3/armv7e-m/crtn.o
OUTPUT(Test.elf elf32-littlearm)

.debug_info     0x00000000     0x12b3
 .debug_info    0x00000000      0x40e ..\obj\SPI.o
 .debug_info    0x0000040e      0x353 ..\obj\RCC.o
 .debug_info    0x00000761      0x250 ..\obj\main.o
 .debug_info    0x000009b1      0x5a5 ..\obj\system_stm32f4xx.o
 .debug_info    0x00000f56       0xd0 ..\obj\startup_stm32f429xx.o
 .debug_info    0x00001026      0x28d ..\obj\GPIO.o

.debug_abbrev   0x00000000      0x54c
 .debug_abbrev  0x00000000      0x121 ..\obj\SPI.o
 .debug_abbrev  0x00000121       0xf6 ..\obj\RCC.o
 .debug_abbrev  0x00000217       0xfc ..\obj\main.o
 .debug_abbrev  0x00000313      0x136 ..\obj\system_stm32f4xx.o
 .debug_abbrev  0x00000449       0x12 ..\obj\startup_stm32f429xx.o
 .debug_abbrev  0x0000045b       0xf1 ..\obj\GPIO.o

.debug_aranges  0x00000000       0xc8
 .debug_aranges
                0x00000000       0x20 ..\obj\SPI.o
 .debug_aranges
                0x00000020       0x20 ..\obj\RCC.o
 .debug_aranges
                0x00000040       0x20 ..\obj\main.o
 .debug_aranges
                0x00000060       0x20 ..\obj\system_stm32f4xx.o
 .debug_aranges
                0x00000080       0x28 ..\obj\startup_stm32f429xx.o
 .debug_aranges
                0x000000a8       0x20 ..\obj\GPIO.o

.debug_line     0x00000000      0x8fd
 .debug_line    0x00000000      0x190 ..\obj\SPI.o
 .debug_line    0x00000190      0x152 ..\obj\RCC.o
 .debug_line    0x000002e2      0x1d3 ..\obj\main.o
 .debug_line    0x000004b5      0x238 ..\obj\system_stm32f4xx.o
 .debug_line    0x000006ed       0xbd ..\obj\startup_stm32f429xx.o
 .debug_line    0x000007aa      0x153 ..\obj\GPIO.o

.debug_str      0x00000000      0x87a
 .debug_str     0x00000000      0x2f8 ..\obj\SPI.o
                                0x342 (size before relaxing)
 .debug_str     0x000002f8      0x26c ..\obj\RCC.o
                                0x36d (size before relaxing)
 .debug_str     0x00000564       0xab ..\obj\main.o
                                0x259 (size before relaxing)
 .debug_str     0x0000060f      0x1c9 ..\obj\system_stm32f4xx.o
                                0x3b3 (size before relaxing)
 .debug_str     0x000007d8       0xa2 ..\obj\GPIO.o
                                0x1f5 (size before relaxing)

.comment        0x00000000       0x70
 .comment       0x00000000       0x70 ..\obj\SPI.o
                                 0x71 (size before relaxing)
 .comment       0x00000000       0x71 ..\obj\RCC.o
 .comment       0x00000000       0x71 ..\obj\main.o
 .comment       0x00000000       0x71 ..\obj\system_stm32f4xx.o
 .comment       0x00000000       0x71 ..\obj\GPIO.o

.debug_frame    0x00000000      0x4f4
 .debug_frame   0x00000000      0x288 ..\obj\SPI.o
 .debug_frame   0x00000288       0x9c ..\obj\RCC.o
 .debug_frame   0x00000324       0x58 ..\obj\main.o
 .debug_frame   0x0000037c       0x7c ..\obj\system_stm32f4xx.o
 .debug_frame   0x000003f8       0xfc ..\obj\GPIO.o

.debug_ranges   0x00000000       0x20
 .debug_ranges  0x00000000       0x20 ..\obj\startup_stm32f429xx.o
