Archive member included because of file (symbol)

c:/program files/gnu tools arm embedded/4.9 2015q1/bin/../lib/gcc/arm-none-eabi/4.9.3/../../../../arm-none-eabi/lib/armv7e-m\libc.a(lib_a-exit.o)
                              c:/program files/gnu tools arm embedded/4.9 2015q1/bin/../lib/gcc/arm-none-eabi/4.9.3/../../../../arm-none-eabi/lib/armv7e-m/crt0.o (exit)
c:/program files/gnu tools arm embedded/4.9 2015q1/bin/../lib/gcc/arm-none-eabi/4.9.3/../../../../arm-none-eabi/lib/armv7e-m\libc.a(lib_a-impure.o)
                              c:/program files/gnu tools arm embedded/4.9 2015q1/bin/../lib/gcc/arm-none-eabi/4.9.3/../../../../arm-none-eabi/lib/armv7e-m\libc.a(lib_a-exit.o) (_global_impure_ptr)
c:/program files/gnu tools arm embedded/4.9 2015q1/bin/../lib/gcc/arm-none-eabi/4.9.3/../../../../arm-none-eabi/lib/armv7e-m\libc.a(lib_a-init.o)
                              c:/program files/gnu tools arm embedded/4.9 2015q1/bin/../lib/gcc/arm-none-eabi/4.9.3/../../../../arm-none-eabi/lib/armv7e-m/crt0.o (__libc_init_array)
c:/program files/gnu tools arm embedded/4.9 2015q1/bin/../lib/gcc/arm-none-eabi/4.9.3/../../../../arm-none-eabi/lib/armv7e-m\libc.a(lib_a-memset.o)
                              c:/program files/gnu tools arm embedded/4.9 2015q1/bin/../lib/gcc/arm-none-eabi/4.9.3/../../../../arm-none-eabi/lib/armv7e-m/crt0.o (memset)
c:/program files/gnu tools arm embedded/4.9 2015q1/bin/../lib/gcc/arm-none-eabi/4.9.3/../../../../arm-none-eabi/lib/armv7e-m\libc.a(lib_a-__call_atexit.o)
                              c:/program files/gnu tools arm embedded/4.9 2015q1/bin/../lib/gcc/arm-none-eabi/4.9.3/../../../../arm-none-eabi/lib/armv7e-m\libc.a(lib_a-exit.o) (__call_exitprocs)
c:/program files/gnu tools arm embedded/4.9 2015q1/bin/../lib/gcc/arm-none-eabi/4.9.3/../../../../arm-none-eabi/lib/armv7e-m\libc.a(lib_a-atexit.o)
                              c:/program files/gnu tools arm embedded/4.9 2015q1/bin/../lib/gcc/arm-none-eabi/4.9.3/../../../../arm-none-eabi/lib/armv7e-m\libc.a(lib_a-__call_atexit.o) (atexit)
c:/program files/gnu tools arm embedded/4.9 2015q1/bin/../lib/gcc/arm-none-eabi/4.9.3/../../../../arm-none-eabi/lib/armv7e-m\libc.a(lib_a-fini.o)
                              c:/program files/gnu tools arm embedded/4.9 2015q1/bin/../lib/gcc/arm-none-eabi/4.9.3/../../../../arm-none-eabi/lib/armv7e-m\libc.a(lib_a-__call_atexit.o) (__libc_fini_array)
c:/program files/gnu tools arm embedded/4.9 2015q1/bin/../lib/gcc/arm-none-eabi/4.9.3/../../../../arm-none-eabi/lib/armv7e-m\libc.a(lib_a-__atexit.o)
                              c:/program files/gnu tools arm embedded/4.9 2015q1/bin/../lib/gcc/arm-none-eabi/4.9.3/../../../../arm-none-eabi/lib/armv7e-m\libc.a(lib_a-atexit.o) (__register_exitproc)

Allocating common symbols
Common symbol       size              file

rxBuffer            0x64              ..\obj\DMA.o

Discarded input sections

 .text          0x00000000        0x0 c:/program files/gnu tools arm embedded/4.9 2015q1/bin/../lib/gcc/arm-none-eabi/4.9.3/armv7e-m/crti.o
 .data          0x00000000        0x0 c:/program files/gnu tools arm embedded/4.9 2015q1/bin/../lib/gcc/arm-none-eabi/4.9.3/armv7e-m/crti.o
 .bss           0x00000000        0x0 c:/program files/gnu tools arm embedded/4.9 2015q1/bin/../lib/gcc/arm-none-eabi/4.9.3/armv7e-m/crti.o
 .data          0x00000000        0x4 c:/program files/gnu tools arm embedded/4.9 2015q1/bin/../lib/gcc/arm-none-eabi/4.9.3/armv7e-m/crtbegin.o
 .text          0x00000000       0x74 c:/program files/gnu tools arm embedded/4.9 2015q1/bin/../lib/gcc/arm-none-eabi/4.9.3/../../../../arm-none-eabi/lib/armv7e-m/crt0.o
 .data          0x00000000        0x0 c:/program files/gnu tools arm embedded/4.9 2015q1/bin/../lib/gcc/arm-none-eabi/4.9.3/../../../../arm-none-eabi/lib/armv7e-m/crt0.o
 .bss           0x00000000        0x0 c:/program files/gnu tools arm embedded/4.9 2015q1/bin/../lib/gcc/arm-none-eabi/4.9.3/../../../../arm-none-eabi/lib/armv7e-m/crt0.o
 .ARM.extab     0x00000000        0x0 c:/program files/gnu tools arm embedded/4.9 2015q1/bin/../lib/gcc/arm-none-eabi/4.9.3/../../../../arm-none-eabi/lib/armv7e-m/crt0.o
 .ARM.exidx     0x00000000        0x8 c:/program files/gnu tools arm embedded/4.9 2015q1/bin/../lib/gcc/arm-none-eabi/4.9.3/../../../../arm-none-eabi/lib/armv7e-m/crt0.o
 .ARM.attributes
                0x00000000       0x1c c:/program files/gnu tools arm embedded/4.9 2015q1/bin/../lib/gcc/arm-none-eabi/4.9.3/../../../../arm-none-eabi/lib/armv7e-m/crt0.o
 .text          0x00000000        0x0 c:/program files/gnu tools arm embedded/4.9 2015q1/bin/../lib/gcc/arm-none-eabi/4.9.3/../../../../arm-none-eabi/lib/armv7e-m\libc.a(lib_a-exit.o)
 .data          0x00000000        0x0 c:/program files/gnu tools arm embedded/4.9 2015q1/bin/../lib/gcc/arm-none-eabi/4.9.3/../../../../arm-none-eabi/lib/armv7e-m\libc.a(lib_a-exit.o)
 .bss           0x00000000        0x0 c:/program files/gnu tools arm embedded/4.9 2015q1/bin/../lib/gcc/arm-none-eabi/4.9.3/../../../../arm-none-eabi/lib/armv7e-m\libc.a(lib_a-exit.o)
 .text.exit     0x00000000       0x20 c:/program files/gnu tools arm embedded/4.9 2015q1/bin/../lib/gcc/arm-none-eabi/4.9.3/../../../../arm-none-eabi/lib/armv7e-m\libc.a(lib_a-exit.o)
 .debug_frame   0x00000000       0x28 c:/program files/gnu tools arm embedded/4.9 2015q1/bin/../lib/gcc/arm-none-eabi/4.9.3/../../../../arm-none-eabi/lib/armv7e-m\libc.a(lib_a-exit.o)
 .ARM.attributes
                0x00000000       0x2e c:/program files/gnu tools arm embedded/4.9 2015q1/bin/../lib/gcc/arm-none-eabi/4.9.3/../../../../arm-none-eabi/lib/armv7e-m\libc.a(lib_a-exit.o)
 .text          0x00000000        0x0 c:/program files/gnu tools arm embedded/4.9 2015q1/bin/../lib/gcc/arm-none-eabi/4.9.3/../../../../arm-none-eabi/lib/armv7e-m\libc.a(lib_a-impure.o)
 .data          0x00000000        0x0 c:/program files/gnu tools arm embedded/4.9 2015q1/bin/../lib/gcc/arm-none-eabi/4.9.3/../../../../arm-none-eabi/lib/armv7e-m\libc.a(lib_a-impure.o)
 .bss           0x00000000        0x0 c:/program files/gnu tools arm embedded/4.9 2015q1/bin/../lib/gcc/arm-none-eabi/4.9.3/../../../../arm-none-eabi/lib/armv7e-m\libc.a(lib_a-impure.o)
 .data._impure_ptr
                0x00000000        0x4 c:/program files/gnu tools arm embedded/4.9 2015q1/bin/../lib/gcc/arm-none-eabi/4.9.3/../../../../arm-none-eabi/lib/armv7e-m\libc.a(lib_a-impure.o)
 .ARM.attributes
                0x00000000       0x2e c:/program files/gnu tools arm embedded/4.9 2015q1/bin/../lib/gcc/arm-none-eabi/4.9.3/../../../../arm-none-eabi/lib/armv7e-m\libc.a(lib_a-impure.o)
 .text          0x00000000        0x0 c:/program files/gnu tools arm embedded/4.9 2015q1/bin/../lib/gcc/arm-none-eabi/4.9.3/../../../../arm-none-eabi/lib/armv7e-m\libc.a(lib_a-init.o)
 .data          0x00000000        0x0 c:/program files/gnu tools arm embedded/4.9 2015q1/bin/../lib/gcc/arm-none-eabi/4.9.3/../../../../arm-none-eabi/lib/armv7e-m\libc.a(lib_a-init.o)
 .bss           0x00000000        0x0 c:/program files/gnu tools arm embedded/4.9 2015q1/bin/../lib/gcc/arm-none-eabi/4.9.3/../../../../arm-none-eabi/lib/armv7e-m\libc.a(lib_a-init.o)
 .debug_frame   0x00000000       0x2c c:/program files/gnu tools arm embedded/4.9 2015q1/bin/../lib/gcc/arm-none-eabi/4.9.3/../../../../arm-none-eabi/lib/armv7e-m\libc.a(lib_a-init.o)
 .ARM.attributes
                0x00000000       0x2e c:/program files/gnu tools arm embedded/4.9 2015q1/bin/../lib/gcc/arm-none-eabi/4.9.3/../../../../arm-none-eabi/lib/armv7e-m\libc.a(lib_a-init.o)
 .text          0x00000000        0x0 c:/program files/gnu tools arm embedded/4.9 2015q1/bin/../lib/gcc/arm-none-eabi/4.9.3/../../../../arm-none-eabi/lib/armv7e-m\libc.a(lib_a-memset.o)
 .data          0x00000000        0x0 c:/program files/gnu tools arm embedded/4.9 2015q1/bin/../lib/gcc/arm-none-eabi/4.9.3/../../../../arm-none-eabi/lib/armv7e-m\libc.a(lib_a-memset.o)
 .bss           0x00000000        0x0 c:/program files/gnu tools arm embedded/4.9 2015q1/bin/../lib/gcc/arm-none-eabi/4.9.3/../../../../arm-none-eabi/lib/armv7e-m\libc.a(lib_a-memset.o)
 .text.memset   0x00000000       0x9c c:/program files/gnu tools arm embedded/4.9 2015q1/bin/../lib/gcc/arm-none-eabi/4.9.3/../../../../arm-none-eabi/lib/armv7e-m\libc.a(lib_a-memset.o)
 .debug_frame   0x00000000       0x34 c:/program files/gnu tools arm embedded/4.9 2015q1/bin/../lib/gcc/arm-none-eabi/4.9.3/../../../../arm-none-eabi/lib/armv7e-m\libc.a(lib_a-memset.o)
 .ARM.attributes
                0x00000000       0x2e c:/program files/gnu tools arm embedded/4.9 2015q1/bin/../lib/gcc/arm-none-eabi/4.9.3/../../../../arm-none-eabi/lib/armv7e-m\libc.a(lib_a-memset.o)
 .text          0x00000000        0x0 c:/program files/gnu tools arm embedded/4.9 2015q1/bin/../lib/gcc/arm-none-eabi/4.9.3/../../../../arm-none-eabi/lib/armv7e-m\libc.a(lib_a-__call_atexit.o)
 .data          0x00000000        0x0 c:/program files/gnu tools arm embedded/4.9 2015q1/bin/../lib/gcc/arm-none-eabi/4.9.3/../../../../arm-none-eabi/lib/armv7e-m\libc.a(lib_a-__call_atexit.o)
 .bss           0x00000000        0x0 c:/program files/gnu tools arm embedded/4.9 2015q1/bin/../lib/gcc/arm-none-eabi/4.9.3/../../../../arm-none-eabi/lib/armv7e-m\libc.a(lib_a-__call_atexit.o)
 .text.__call_exitprocs
                0x00000000       0xd4 c:/program files/gnu tools arm embedded/4.9 2015q1/bin/../lib/gcc/arm-none-eabi/4.9.3/../../../../arm-none-eabi/lib/armv7e-m\libc.a(lib_a-__call_atexit.o)
 .debug_frame   0x00000000       0x50 c:/program files/gnu tools arm embedded/4.9 2015q1/bin/../lib/gcc/arm-none-eabi/4.9.3/../../../../arm-none-eabi/lib/armv7e-m\libc.a(lib_a-__call_atexit.o)
 .ARM.attributes
                0x00000000       0x2e c:/program files/gnu tools arm embedded/4.9 2015q1/bin/../lib/gcc/arm-none-eabi/4.9.3/../../../../arm-none-eabi/lib/armv7e-m\libc.a(lib_a-__call_atexit.o)
 .text          0x00000000        0x0 c:/program files/gnu tools arm embedded/4.9 2015q1/bin/../lib/gcc/arm-none-eabi/4.9.3/../../../../arm-none-eabi/lib/armv7e-m\libc.a(lib_a-atexit.o)
 .data          0x00000000        0x0 c:/program files/gnu tools arm embedded/4.9 2015q1/bin/../lib/gcc/arm-none-eabi/4.9.3/../../../../arm-none-eabi/lib/armv7e-m\libc.a(lib_a-atexit.o)
 .bss           0x00000000        0x0 c:/program files/gnu tools arm embedded/4.9 2015q1/bin/../lib/gcc/arm-none-eabi/4.9.3/../../../../arm-none-eabi/lib/armv7e-m\libc.a(lib_a-atexit.o)
 .debug_frame   0x00000000       0x20 c:/program files/gnu tools arm embedded/4.9 2015q1/bin/../lib/gcc/arm-none-eabi/4.9.3/../../../../arm-none-eabi/lib/armv7e-m\libc.a(lib_a-atexit.o)
 .ARM.attributes
                0x00000000       0x2e c:/program files/gnu tools arm embedded/4.9 2015q1/bin/../lib/gcc/arm-none-eabi/4.9.3/../../../../arm-none-eabi/lib/armv7e-m\libc.a(lib_a-atexit.o)
 .text          0x00000000        0x0 c:/program files/gnu tools arm embedded/4.9 2015q1/bin/../lib/gcc/arm-none-eabi/4.9.3/../../../../arm-none-eabi/lib/armv7e-m\libc.a(lib_a-fini.o)
 .data          0x00000000        0x0 c:/program files/gnu tools arm embedded/4.9 2015q1/bin/../lib/gcc/arm-none-eabi/4.9.3/../../../../arm-none-eabi/lib/armv7e-m\libc.a(lib_a-fini.o)
 .bss           0x00000000        0x0 c:/program files/gnu tools arm embedded/4.9 2015q1/bin/../lib/gcc/arm-none-eabi/4.9.3/../../../../arm-none-eabi/lib/armv7e-m\libc.a(lib_a-fini.o)
 .debug_frame   0x00000000       0x34 c:/program files/gnu tools arm embedded/4.9 2015q1/bin/../lib/gcc/arm-none-eabi/4.9.3/../../../../arm-none-eabi/lib/armv7e-m\libc.a(lib_a-fini.o)
 .ARM.attributes
                0x00000000       0x2e c:/program files/gnu tools arm embedded/4.9 2015q1/bin/../lib/gcc/arm-none-eabi/4.9.3/../../../../arm-none-eabi/lib/armv7e-m\libc.a(lib_a-fini.o)
 .text          0x00000000        0x0 c:/program files/gnu tools arm embedded/4.9 2015q1/bin/../lib/gcc/arm-none-eabi/4.9.3/../../../../arm-none-eabi/lib/armv7e-m\libc.a(lib_a-__atexit.o)
 .data          0x00000000        0x0 c:/program files/gnu tools arm embedded/4.9 2015q1/bin/../lib/gcc/arm-none-eabi/4.9.3/../../../../arm-none-eabi/lib/armv7e-m\libc.a(lib_a-__atexit.o)
 .bss           0x00000000        0x0 c:/program files/gnu tools arm embedded/4.9 2015q1/bin/../lib/gcc/arm-none-eabi/4.9.3/../../../../arm-none-eabi/lib/armv7e-m\libc.a(lib_a-__atexit.o)
 .debug_frame   0x00000000       0x34 c:/program files/gnu tools arm embedded/4.9 2015q1/bin/../lib/gcc/arm-none-eabi/4.9.3/../../../../arm-none-eabi/lib/armv7e-m\libc.a(lib_a-__atexit.o)
 .ARM.attributes
                0x00000000       0x2e c:/program files/gnu tools arm embedded/4.9 2015q1/bin/../lib/gcc/arm-none-eabi/4.9.3/../../../../arm-none-eabi/lib/armv7e-m\libc.a(lib_a-__atexit.o)
 .data          0x00000000        0x0 ..\obj\SPI.o
 .bss           0x00000000        0x0 ..\obj\SPI.o
 .data          0x00000000        0x0 ..\obj\stm32f4xx_hal_cortex.o
 .bss           0x00000000        0x0 ..\obj\stm32f4xx_hal_cortex.o
 .data          0x00000000        0x0 ..\obj\RCC.o
 .bss           0x00000000        0x0 ..\obj\RCC.o
 .data          0x00000000        0x0 ..\obj\stm32f4xx_hal.o
 .data          0x00000000        0x0 ..\obj\main.o
 .bss           0x00000000        0x0 ..\obj\main.o
 .bss           0x00000000        0x0 ..\obj\system_stm32f4xx.o
 .bss           0x00000000        0x0 ..\obj\DMA.o
 .data          0x00000000        0x0 ..\obj\stm32f4xx_hal_gpio.o
 .bss           0x00000000        0x0 ..\obj\stm32f4xx_hal_gpio.o
 .text          0x00000000       0x14 ..\obj\startup_stm32f429xx.o
 .data          0x00000000        0x0 ..\obj\startup_stm32f429xx.o
 .bss           0x00000000        0x0 ..\obj\startup_stm32f429xx.o
 .data          0x00000000        0x0 ..\obj\stm32f4xx_hal_rcc.o
 .bss           0x00000000        0x0 ..\obj\stm32f4xx_hal_rcc.o
 .data          0x00000000        0x0 ..\obj\GPIO.o
 .bss           0x00000000        0x0 ..\obj\GPIO.o
 .text          0x00000000        0x0 c:/program files/gnu tools arm embedded/4.9 2015q1/bin/../lib/gcc/arm-none-eabi/4.9.3/armv7e-m/crtend.o
 .data          0x00000000        0x0 c:/program files/gnu tools arm embedded/4.9 2015q1/bin/../lib/gcc/arm-none-eabi/4.9.3/armv7e-m/crtend.o
 .bss           0x00000000        0x0 c:/program files/gnu tools arm embedded/4.9 2015q1/bin/../lib/gcc/arm-none-eabi/4.9.3/armv7e-m/crtend.o
 .eh_frame      0x00000000        0x4 c:/program files/gnu tools arm embedded/4.9 2015q1/bin/../lib/gcc/arm-none-eabi/4.9.3/armv7e-m/crtend.o
 .jcr           0x00000000        0x4 c:/program files/gnu tools arm embedded/4.9 2015q1/bin/../lib/gcc/arm-none-eabi/4.9.3/armv7e-m/crtend.o
 .ARM.attributes
                0x00000000       0x2e c:/program files/gnu tools arm embedded/4.9 2015q1/bin/../lib/gcc/arm-none-eabi/4.9.3/armv7e-m/crtend.o
 .text          0x00000000        0x0 c:/program files/gnu tools arm embedded/4.9 2015q1/bin/../lib/gcc/arm-none-eabi/4.9.3/armv7e-m/crtn.o
 .data          0x00000000        0x0 c:/program files/gnu tools arm embedded/4.9 2015q1/bin/../lib/gcc/arm-none-eabi/4.9.3/armv7e-m/crtn.o
 .bss           0x00000000        0x0 c:/program files/gnu tools arm embedded/4.9 2015q1/bin/../lib/gcc/arm-none-eabi/4.9.3/armv7e-m/crtn.o

Memory Configuration

Name             Origin             Length             Attributes
FLASH            0x08000000         0x00200000         xr
RAM              0x20000000         0x00030000         xrw
CCMRAM           0x10000000         0x00010000         rw
*default*        0x00000000         0xffffffff

Linker script and memory map

LOAD c:/program files/gnu tools arm embedded/4.9 2015q1/bin/../lib/gcc/arm-none-eabi/4.9.3/armv7e-m/crti.o
LOAD c:/program files/gnu tools arm embedded/4.9 2015q1/bin/../lib/gcc/arm-none-eabi/4.9.3/armv7e-m/crtbegin.o
LOAD c:/program files/gnu tools arm embedded/4.9 2015q1/bin/../lib/gcc/arm-none-eabi/4.9.3/../../../../arm-none-eabi/lib/armv7e-m/crt0.o
                0x2002ffff                _estack = 0x2002ffff
                0x00000200                _Min_Heap_Size = 0x200
                0x00000400                _Min_Stack_Size = 0x400

.isr_vector     0x08000000      0x1ac
                0x08000000                . = ALIGN (0x4)
 *(.isr_vector)
 .isr_vector    0x08000000      0x1ac ..\obj\startup_stm32f429xx.o
                0x08000000                g_pfnVectors
                0x080001ac                . = ALIGN (0x4)

.text           0x080001ac     0x2f00
                0x080001ac                . = ALIGN (0x4)
 *(.text)
 .text          0x080001ac       0x5c c:/program files/gnu tools arm embedded/4.9 2015q1/bin/../lib/gcc/arm-none-eabi/4.9.3/armv7e-m/crtbegin.o
 .text          0x08000208      0x548 ..\obj\SPI.o
                0x08000208                sendData
                0x08000230                receivedData
                0x08000264                readCRC
                0x080002a4                getSPI4Status
                0x080002d0                enableSPI
                0x08000308                disableSPI
                0x08000364                configureDirection
                0x0800039c                configureOutput
                0x080003d4                configureReceive
                0x0800040c                configureMode
                0x08000444                configureDataFrame
                0x0800047c                configureFrameFormat
                0x080004b4                configureLSBFIRST
                0x080004ec                configureClock
                0x080005a8                enableCRC
                0x080005e0                configureCRCNext
                0x08000618                enableSSM
                0x08000650                configureBR
                0x08000688                configureSS
                0x080006c0                CRCpolynomial
                0x080006e4                interruptSPI
                0x0800071c                DMArequest
 .text          0x08000750      0x544 ..\obj\stm32f4xx_hal_cortex.o
                0x08000ae4                HAL_NVIC_SetPriorityGrouping
                0x08000af8                HAL_NVIC_SetPriority
                0x08000b30                HAL_NVIC_EnableIRQ
                0x08000b4c                HAL_NVIC_DisableIRQ
                0x08000b68                HAL_NVIC_SystemReset
                0x08000b74                HAL_SYSTICK_Config
                0x08000b8c                HAL_NVIC_GetPriorityGrouping
                0x08000b9c                HAL_NVIC_GetPriority
                0x08000bcc                HAL_NVIC_SetPendingIRQ
                0x08000be8                HAL_NVIC_GetPendingIRQ
                0x08000c08                HAL_NVIC_ClearPendingIRQ
                0x08000c24                HAL_NVIC_GetActive
                0x08000c44                HAL_SYSTICK_CLKSourceConfig
                0x08000c7c                HAL_SYSTICK_IRQHandler
                0x08000c88                HAL_SYSTICK_Callback
 .text          0x08000c94      0x130 ..\obj\RCC.o
                0x08000c94                gpioUnresetEnableClock
                0x08000cf8                spi1UnresetEnableClock
                0x08000d30                spi4UnresetEnableClock
                0x08000d68                dmaUnresetEnableClock
 .text          0x08000dc4      0x374 ..\obj\stm32f4xx_hal.o
                0x08000dc4                HAL_Init
                0x08000e08                HAL_DeInit
                0x08000e60                HAL_MspInit
                0x08000e6c                HAL_MspDeInit
                0x08000e78                HAL_InitTick
                0x08000eb0                HAL_IncTick
                0x08000ecc                HAL_GetTick
                0x08000ee4                HAL_Delay
                0x08000f10                HAL_SuspendTick
                0x08000f2c                HAL_ResumeTick
                0x08000f48                HAL_GetHalVersion
                0x08000f5c                HAL_GetREVID
                0x08000f74                HAL_GetDEVID
                0x08000f90                HAL_DBGMCU_EnableDBGSleepMode
                0x08000fac                HAL_DBGMCU_DisableDBGSleepMode
                0x08000fc8                HAL_DBGMCU_EnableDBGStopMode
                0x08000fe4                HAL_DBGMCU_DisableDBGStopMode
                0x08001000                HAL_DBGMCU_EnableDBGStandbyMode
                0x0800101c                HAL_DBGMCU_DisableDBGStandbyMode
                0x08001038                HAL_EnableCompensationCell
                0x08001078                HAL_DisableCompensationCell
                0x080010b8                HAL_EnableMemorySwappingBank
                0x080010f8                HAL_DisableMemorySwappingBank
 .text          0x08001138      0x22c ..\obj\main.o
                0x08001138                delay
                0x08001158                DMA2Transfer
                0x08001194                SPI4_IRQHandler
                0x080011d4                DMA2_Stream1_IRQHandler
                0x080011e0                masterMode
                0x0800127c                slaveMode
                0x08001314                main
 .text          0x08001364      0x27c ..\obj\system_stm32f4xx.o
                0x08001364                SystemInit
                0x080013bc                SystemCoreClockUpdate
 .text          0x080015e0      0x370 ..\obj\DMA.o
                0x080015e0                transferDirection
                0x08001640                configDMA2Transmit
                0x08001770                configDMA2Receive
                0x080018a0                enableDMA2Transmit
                0x080018c8                enableDMA2Receive
                0x080018f0                getDMA2Status
                0x0800191c                clearFlag
 .text          0x08001950      0x674 ..\obj\stm32f4xx_hal_gpio.o
                0x08001950                HAL_GPIO_Init
                0x08001c98                HAL_GPIO_DeInit
                0x08001eac                HAL_GPIO_ReadPin
                0x08001edc                HAL_GPIO_WritePin
                0x08001f0c                HAL_GPIO_TogglePin
                0x08001f30                HAL_GPIO_LockPin
                0x08001f80                HAL_GPIO_EXTI_IRQHandler
                0x08001fb0                HAL_GPIO_EXTI_Callback
 .text          0x08001fc4      0xd74 ..\obj\stm32f4xx_hal_rcc.o
                0x08001fc4                HAL_RCC_DeInit
                0x0800203c                HAL_RCC_OscConfig
                0x080024f4                HAL_RCC_ClockConfig
                0x08002810                HAL_RCC_MCOConfig
                0x080028d4                HAL_RCC_EnableCSS
                0x080028ec                HAL_RCC_DisableCSS
                0x08002904                HAL_RCC_GetSysClockFreq
                0x08002a1c                HAL_RCC_GetHCLKFreq
                0x08002a74                HAL_RCC_GetPCLK1Freq
                0x08002ac0                HAL_RCC_GetPCLK2Freq
                0x08002b0c                HAL_RCC_GetOscConfig
                0x08002ca8                HAL_RCC_GetClockConfig
                0x08002d08                HAL_RCC_NMI_IRQHandler
                0x08002d2c                HAL_RCC_CSSCallback
 .text          0x08002d38      0x1c8 ..\obj\GPIO.o
                0x08002d38                configurePin
                0x08002da4                writeOne
                0x08002dc8                writeZero
                0x08002df0                pullUpDown
                0x08002e30                altFunctionLow
                0x08002e78                altFunctionHigh
                0x08002ec4                outputType
 *(.text*)
 .text.__libc_init_array
                0x08002f00       0x50 c:/program files/gnu tools arm embedded/4.9 2015q1/bin/../lib/gcc/arm-none-eabi/4.9.3/../../../../arm-none-eabi/lib/armv7e-m\libc.a(lib_a-init.o)
                0x08002f00                __libc_init_array
 .text.startup.register_fini
                0x08002f50       0x14 c:/program files/gnu tools arm embedded/4.9 2015q1/bin/../lib/gcc/arm-none-eabi/4.9.3/../../../../arm-none-eabi/lib/armv7e-m\libc.a(lib_a-__call_atexit.o)
 .text.atexit   0x08002f64        0xc c:/program files/gnu tools arm embedded/4.9 2015q1/bin/../lib/gcc/arm-none-eabi/4.9.3/../../../../arm-none-eabi/lib/armv7e-m\libc.a(lib_a-atexit.o)
                0x08002f64                atexit
 .text.__libc_fini_array
                0x08002f70       0x2c c:/program files/gnu tools arm embedded/4.9 2015q1/bin/../lib/gcc/arm-none-eabi/4.9.3/../../../../arm-none-eabi/lib/armv7e-m\libc.a(lib_a-fini.o)
                0x08002f70                __libc_fini_array
 .text.__register_exitproc
                0x08002f9c       0xa4 c:/program files/gnu tools arm embedded/4.9 2015q1/bin/../lib/gcc/arm-none-eabi/4.9.3/../../../../arm-none-eabi/lib/armv7e-m\libc.a(lib_a-__atexit.o)
                0x08002f9c                __register_exitproc
 .text.Reset_Handler
                0x08003040       0x50 ..\obj\startup_stm32f429xx.o
                0x08003040                Reset_Handler
 .text.Default_Handler
                0x08003090        0x2 ..\obj\startup_stm32f429xx.o
                0x08003090                RTC_Alarm_IRQHandler
                0x08003090                HASH_RNG_IRQHandler
                0x08003090                EXTI2_IRQHandler
                0x08003090                TIM8_CC_IRQHandler
                0x08003090                DebugMon_Handler
                0x08003090                UART8_IRQHandler
                0x08003090                TIM1_CC_IRQHandler
                0x08003090                DMA2_Stream5_IRQHandler
                0x08003090                HardFault_Handler
                0x08003090                DMA1_Stream5_IRQHandler
                0x08003090                SysTick_Handler
                0x08003090                PVD_IRQHandler
                0x08003090                SDIO_IRQHandler
                0x08003090                TAMP_STAMP_IRQHandler
                0x08003090                PendSV_Handler
                0x08003090                NMI_Handler
                0x08003090                CAN2_RX1_IRQHandler
                0x08003090                EXTI3_IRQHandler
                0x08003090                TIM8_TRG_COM_TIM14_IRQHandler
                0x08003090                TIM1_UP_TIM10_IRQHandler
                0x08003090                TIM8_UP_TIM13_IRQHandler
                0x08003090                I2C3_ER_IRQHandler
                0x08003090                EXTI0_IRQHandler
                0x08003090                I2C2_EV_IRQHandler
                0x08003090                DMA1_Stream2_IRQHandler
                0x08003090                CAN1_RX0_IRQHandler
                0x08003090                FPU_IRQHandler
                0x08003090                OTG_HS_WKUP_IRQHandler
                0x08003090                UsageFault_Handler
                0x08003090                LTDC_ER_IRQHandler
                0x08003090                CAN2_SCE_IRQHandler
                0x08003090                DMA2_Stream2_IRQHandler
                0x08003090                SPI1_IRQHandler
                0x08003090                TIM6_DAC_IRQHandler
                0x08003090                TIM1_BRK_TIM9_IRQHandler
                0x08003090                DCMI_IRQHandler
                0x08003090                CAN2_RX0_IRQHandler
                0x08003090                DMA2_Stream3_IRQHandler
                0x08003090                USART6_IRQHandler
                0x08003090                USART3_IRQHandler
                0x08003090                CAN1_RX1_IRQHandler
                0x08003090                UART5_IRQHandler
                0x08003090                DMA2_Stream0_IRQHandler
                0x08003090                TIM4_IRQHandler
                0x08003090                I2C1_EV_IRQHandler
                0x08003090                DMA1_Stream6_IRQHandler
                0x08003090                DMA1_Stream1_IRQHandler
                0x08003090                UART4_IRQHandler
                0x08003090                TIM3_IRQHandler
                0x08003090                RCC_IRQHandler
                0x08003090                TIM8_BRK_TIM12_IRQHandler
                0x08003090                Default_Handler
                0x08003090                EXTI15_10_IRQHandler
                0x08003090                ADC_IRQHandler
                0x08003090                DMA1_Stream7_IRQHandler
                0x08003090                SPI5_IRQHandler
                0x08003090                TIM7_IRQHandler
                0x08003090                CAN2_TX_IRQHandler
                0x08003090                TIM5_IRQHandler
                0x08003090                DMA2_Stream7_IRQHandler
                0x08003090                I2C3_EV_IRQHandler
                0x08003090                EXTI9_5_IRQHandler
                0x08003090                RTC_WKUP_IRQHandler
                0x08003090                LTDC_IRQHandler
                0x08003090                ETH_WKUP_IRQHandler
                0x08003090                SPI2_IRQHandler
                0x08003090                OTG_HS_EP1_IN_IRQHandler
                0x08003090                MemManage_Handler
                0x08003090                DMA1_Stream0_IRQHandler
                0x08003090                CAN1_TX_IRQHandler
                0x08003090                SVC_Handler
                0x08003090                EXTI4_IRQHandler
                0x08003090                ETH_IRQHandler
                0x08003090                OTG_HS_EP1_OUT_IRQHandler
                0x08003090                WWDG_IRQHandler
                0x08003090                SPI6_IRQHandler
                0x08003090                TIM2_IRQHandler
                0x08003090                OTG_FS_WKUP_IRQHandler
                0x08003090                TIM1_TRG_COM_TIM11_IRQHandler
                0x08003090                OTG_HS_IRQHandler
                0x08003090                DMA2D_IRQHandler
                0x08003090                EXTI1_IRQHandler
                0x08003090                UART7_IRQHandler
                0x08003090                USART2_IRQHandler
                0x08003090                I2C2_ER_IRQHandler
                0x08003090                CAN1_SCE_IRQHandler
                0x08003090                FLASH_IRQHandler
                0x08003090                DMA2_Stream4_IRQHandler
                0x08003090                BusFault_Handler
                0x08003090                USART1_IRQHandler
                0x08003090                OTG_FS_IRQHandler
                0x08003090                SPI3_IRQHandler
                0x08003090                DMA1_Stream4_IRQHandler
                0x08003090                I2C1_ER_IRQHandler
                0x08003090                FMC_IRQHandler
                0x08003090                DMA2_Stream6_IRQHandler
                0x08003090                SAI1_IRQHandler
                0x08003090                DMA1_Stream3_IRQHandler
 *(.glue_7)
 .glue_7        0x00000000        0x0 linker stubs
 *(.glue_7t)
 .glue_7t       0x00000000        0x0 linker stubs
 *(.eh_frame)
 *fill*         0x08003092        0x2 
 .eh_frame      0x08003094        0x0 c:/program files/gnu tools arm embedded/4.9 2015q1/bin/../lib/gcc/arm-none-eabi/4.9.3/armv7e-m/crtbegin.o
 *(.init)
 .init          0x08003094        0x4 c:/program files/gnu tools arm embedded/4.9 2015q1/bin/../lib/gcc/arm-none-eabi/4.9.3/armv7e-m/crti.o
                0x08003094                _init
 .init          0x08003098        0x8 c:/program files/gnu tools arm embedded/4.9 2015q1/bin/../lib/gcc/arm-none-eabi/4.9.3/armv7e-m/crtn.o
 *(.fini)
 .fini          0x080030a0        0x4 c:/program files/gnu tools arm embedded/4.9 2015q1/bin/../lib/gcc/arm-none-eabi/4.9.3/armv7e-m/crti.o
                0x080030a0                _fini
 .fini          0x080030a4        0x8 c:/program files/gnu tools arm embedded/4.9 2015q1/bin/../lib/gcc/arm-none-eabi/4.9.3/armv7e-m/crtn.o
                0x080030ac                . = ALIGN (0x4)
                0x080030ac                _etext = .

.vfp11_veneer   0x080030ac        0x0
 .vfp11_veneer  0x00000000        0x0 linker stubs

.v4_bx          0x080030ac        0x0
 .v4_bx         0x00000000        0x0 linker stubs

.iplt           0x080030ac        0x0
 .iplt          0x00000000        0x0 c:/program files/gnu tools arm embedded/4.9 2015q1/bin/../lib/gcc/arm-none-eabi/4.9.3/armv7e-m/crtbegin.o

.rodata         0x080030ac       0x18
                0x080030ac                . = ALIGN (0x4)
 *(.rodata)
 .rodata        0x080030ac       0x10 ..\obj\stm32f4xx_hal_rcc.o
                0x080030ac                APBAHBPrescTable
 *(.rodata*)
 .rodata.str1.4
                0x080030bc        0x4 c:/program files/gnu tools arm embedded/4.9 2015q1/bin/../lib/gcc/arm-none-eabi/4.9.3/../../../../arm-none-eabi/lib/armv7e-m\libc.a(lib_a-impure.o)
 .rodata._global_impure_ptr
                0x080030c0        0x4 c:/program files/gnu tools arm embedded/4.9 2015q1/bin/../lib/gcc/arm-none-eabi/4.9.3/../../../../arm-none-eabi/lib/armv7e-m\libc.a(lib_a-impure.o)
                0x080030c0                _global_impure_ptr
                0x080030c4                . = ALIGN (0x4)

.rel.dyn        0x080030c4        0x0
 .rel.iplt      0x00000000        0x0 c:/program files/gnu tools arm embedded/4.9 2015q1/bin/../lib/gcc/arm-none-eabi/4.9.3/armv7e-m/crtbegin.o

.ARM.extab
 *(.ARM.extab* .gnu.linkonce.armextab.*)

.ARM            0x080030c4        0x0
                0x080030c4                __exidx_start = .
 *(.ARM.exidx*)
                0x080030c4                __exidx_end = .

.preinit_array  0x080030c4        0x0
                0x080030c4                PROVIDE (__preinit_array_start, .)
 *(.preinit_array*)
                0x080030c4                PROVIDE (__preinit_array_end, .)

.init_array     0x080030c4        0x8
                0x080030c4                PROVIDE (__init_array_start, .)
 *(SORT(.init_array.*))
 .init_array.00000
                0x080030c4        0x4 c:/program files/gnu tools arm embedded/4.9 2015q1/bin/../lib/gcc/arm-none-eabi/4.9.3/../../../../arm-none-eabi/lib/armv7e-m\libc.a(lib_a-__call_atexit.o)
 *(.init_array*)
 .init_array    0x080030c8        0x4 c:/program files/gnu tools arm embedded/4.9 2015q1/bin/../lib/gcc/arm-none-eabi/4.9.3/armv7e-m/crtbegin.o
                0x080030cc                PROVIDE (__init_array_end, .)

.fini_array     0x080030cc        0x4
                0x080030cc                PROVIDE (__fini_array_start, .)
 *(SORT(.fini_array.*))
 *(.fini_array*)
 .fini_array    0x080030cc        0x4 c:/program files/gnu tools arm embedded/4.9 2015q1/bin/../lib/gcc/arm-none-eabi/4.9.3/armv7e-m/crtbegin.o
                0x080030d0                PROVIDE (__fini_array_end, .)
                0x080030d0                _sidata = LOADADDR (.data)

.data           0x20000000      0x440 load address 0x080030d0
                0x20000000                . = ALIGN (0x4)
                0x20000000                _sdata = .
 *(.data)
 .data          0x20000000       0x14 ..\obj\system_stm32f4xx.o
                0x20000000                SystemCoreClock
                0x20000004                AHBPrescTable
 .data          0x20000014        0x4 ..\obj\DMA.o
                0x20000014                txBuffer
 *(.data*)
 .data.impure_data
                0x20000018      0x428 c:/program files/gnu tools arm embedded/4.9 2015q1/bin/../lib/gcc/arm-none-eabi/4.9.3/../../../../arm-none-eabi/lib/armv7e-m\libc.a(lib_a-impure.o)
                0x20000440                . = ALIGN (0x4)
                0x20000440                _edata = .
                0x08003510                _siccmram = LOADADDR (.ccmram)

.jcr            0x20000440        0x0 load address 0x08003510
 .jcr           0x20000440        0x0 c:/program files/gnu tools arm embedded/4.9 2015q1/bin/../lib/gcc/arm-none-eabi/4.9.3/armv7e-m/crtbegin.o

.igot.plt       0x20000440        0x0 load address 0x08003510
 .igot.plt      0x00000000        0x0 c:/program files/gnu tools arm embedded/4.9 2015q1/bin/../lib/gcc/arm-none-eabi/4.9.3/armv7e-m/crtbegin.o

.ccmram         0x10000000        0x0 load address 0x08003510
                0x10000000                . = ALIGN (0x4)
                0x10000000                _sccmram = .
 *(.ccmram)
 *(.ccmram*)
                0x10000000                . = ALIGN (0x4)
                0x10000000                _eccmram = .
                0x10000000                . = ALIGN (0x4)

.bss            0x20000440       0x84
                0x20000440                _sbss = .
                0x20000440                __bss_start__ = _sbss
 *(.bss)
 .bss           0x20000440       0x1c c:/program files/gnu tools arm embedded/4.9 2015q1/bin/../lib/gcc/arm-none-eabi/4.9.3/armv7e-m/crtbegin.o
 .bss           0x2000045c        0x4 ..\obj\stm32f4xx_hal.o
 *(.bss*)
 *(COMMON)
 COMMON         0x20000460       0x64 ..\obj\DMA.o
                0x20000460                rxBuffer
                0x200004c4                . = ALIGN (0x4)
                0x200004c4                _ebss = .
                0x200004c4                __bss_end__ = _ebss

._user_heap_stack
                0x200004c4      0x600
                0x200004c4                . = ALIGN (0x4)
                0x200004c4                PROVIDE (end, .)
                0x200004c4                PROVIDE (_end, .)
                0x200006c4                . = (. + _Min_Heap_Size)
 *fill*         0x200004c4      0x200 
                0x20000ac4                . = (. + _Min_Stack_Size)
 *fill*         0x200006c4      0x400 
                0x20000ac4                . = ALIGN (0x4)

/DISCARD/
 libc.a(*)
 libm.a(*)
 libgcc.a(*)

.ARM.attributes
                0x00000000       0x2a
 *(.ARM.attributes)
 .ARM.attributes
                0x00000000       0x1e c:/program files/gnu tools arm embedded/4.9 2015q1/bin/../lib/gcc/arm-none-eabi/4.9.3/armv7e-m/crti.o
 .ARM.attributes
                0x0000001e       0x2e c:/program files/gnu tools arm embedded/4.9 2015q1/bin/../lib/gcc/arm-none-eabi/4.9.3/armv7e-m/crtbegin.o
 .ARM.attributes
                0x0000004c       0x33 ..\obj\SPI.o
 .ARM.attributes
                0x0000007f       0x33 ..\obj\stm32f4xx_hal_cortex.o
 .ARM.attributes
                0x000000b2       0x33 ..\obj\RCC.o
 .ARM.attributes
                0x000000e5       0x33 ..\obj\stm32f4xx_hal.o
 .ARM.attributes
                0x00000118       0x33 ..\obj\main.o
 .ARM.attributes
                0x0000014b       0x33 ..\obj\system_stm32f4xx.o
 .ARM.attributes
                0x0000017e       0x33 ..\obj\DMA.o
 .ARM.attributes
                0x000001b1       0x33 ..\obj\stm32f4xx_hal_gpio.o
 .ARM.attributes
                0x000001e4       0x21 ..\obj\startup_stm32f429xx.o
 .ARM.attributes
                0x00000205       0x33 ..\obj\stm32f4xx_hal_rcc.o
 .ARM.attributes
                0x00000238       0x33 ..\obj\GPIO.o
 .ARM.attributes
                0x0000026b       0x1e c:/program files/gnu tools arm embedded/4.9 2015q1/bin/../lib/gcc/arm-none-eabi/4.9.3/armv7e-m/crtn.o
LOAD ..\obj\SPI.o
LOAD ..\obj\stm32f4xx_hal_cortex.o
LOAD ..\obj\RCC.o
LOAD ..\obj\stm32f4xx_hal.o
LOAD ..\obj\main.o
LOAD ..\obj\system_stm32f4xx.o
LOAD ..\obj\DMA.o
LOAD ..\obj\stm32f4xx_hal_gpio.o
LOAD ..\obj\startup_stm32f429xx.o
LOAD ..\obj\stm32f4xx_hal_rcc.o
LOAD ..\obj\GPIO.o
START GROUP
LOAD c:/program files/gnu tools arm embedded/4.9 2015q1/bin/../lib/gcc/arm-none-eabi/4.9.3/armv7e-m\libgcc.a
LOAD c:/program files/gnu tools arm embedded/4.9 2015q1/bin/../lib/gcc/arm-none-eabi/4.9.3/../../../../arm-none-eabi/lib/armv7e-m\libg.a
LOAD c:/program files/gnu tools arm embedded/4.9 2015q1/bin/../lib/gcc/arm-none-eabi/4.9.3/../../../../arm-none-eabi/lib/armv7e-m\libc.a
END GROUP
LOAD c:/program files/gnu tools arm embedded/4.9 2015q1/bin/../lib/gcc/arm-none-eabi/4.9.3/armv7e-m/crtend.o
LOAD c:/program files/gnu tools arm embedded/4.9 2015q1/bin/../lib/gcc/arm-none-eabi/4.9.3/armv7e-m/crtn.o
OUTPUT(Test.elf elf32-littlearm)

.debug_info     0x00000000     0x467d
 .debug_info    0x00000000      0x592 ..\obj\SPI.o
 .debug_info    0x00000592      0xbac ..\obj\stm32f4xx_hal_cortex.o
 .debug_info    0x0000113e      0x3b7 ..\obj\RCC.o
 .debug_info    0x000014f5      0xa1c ..\obj\stm32f4xx_hal.o
 .debug_info    0x00001f11      0x4b1 ..\obj\main.o
 .debug_info    0x000023c2      0x5a5 ..\obj\system_stm32f4xx.o
 .debug_info    0x00002967      0x429 ..\obj\DMA.o
 .debug_info    0x00002d90      0x712 ..\obj\stm32f4xx_hal_gpio.o
 .debug_info    0x000034a2       0xd0 ..\obj\startup_stm32f429xx.o
 .debug_info    0x00003572      0xe27 ..\obj\stm32f4xx_hal_rcc.o
 .debug_info    0x00004399      0x2e4 ..\obj\GPIO.o

.debug_abbrev   0x00000000      0xf7e
 .debug_abbrev  0x00000000      0x118 ..\obj\SPI.o
 .debug_abbrev  0x00000118      0x299 ..\obj\stm32f4xx_hal_cortex.o
 .debug_abbrev  0x000003b1       0xf6 ..\obj\RCC.o
 .debug_abbrev  0x000004a7      0x1ff ..\obj\stm32f4xx_hal.o
 .debug_abbrev  0x000006a6      0x15b ..\obj\main.o
 .debug_abbrev  0x00000801      0x136 ..\obj\system_stm32f4xx.o
 .debug_abbrev  0x00000937      0x14d ..\obj\DMA.o
 .debug_abbrev  0x00000a84      0x1aa ..\obj\stm32f4xx_hal_gpio.o
 .debug_abbrev  0x00000c2e       0x12 ..\obj\startup_stm32f429xx.o
 .debug_abbrev  0x00000c40      0x25a ..\obj\stm32f4xx_hal_rcc.o
 .debug_abbrev  0x00000e9a       0xe4 ..\obj\GPIO.o

.debug_aranges  0x00000000      0x168
 .debug_aranges
                0x00000000       0x20 ..\obj\SPI.o
 .debug_aranges
                0x00000020       0x20 ..\obj\stm32f4xx_hal_cortex.o
 .debug_aranges
                0x00000040       0x20 ..\obj\RCC.o
 .debug_aranges
                0x00000060       0x20 ..\obj\stm32f4xx_hal.o
 .debug_aranges
                0x00000080       0x20 ..\obj\main.o
 .debug_aranges
                0x000000a0       0x20 ..\obj\system_stm32f4xx.o
 .debug_aranges
                0x000000c0       0x20 ..\obj\DMA.o
 .debug_aranges
                0x000000e0       0x20 ..\obj\stm32f4xx_hal_gpio.o
 .debug_aranges
                0x00000100       0x28 ..\obj\startup_stm32f429xx.o
 .debug_aranges
                0x00000128       0x20 ..\obj\stm32f4xx_hal_rcc.o
 .debug_aranges
                0x00000148       0x20 ..\obj\GPIO.o

.debug_line     0x00000000     0x1bbd
 .debug_line    0x00000000      0x1dd ..\obj\SPI.o
 .debug_line    0x000001dd      0x349 ..\obj\stm32f4xx_hal_cortex.o
 .debug_line    0x00000526      0x15d ..\obj\RCC.o
 .debug_line    0x00000683      0x351 ..\obj\stm32f4xx_hal.o
 .debug_line    0x000009d4      0x201 ..\obj\main.o
 .debug_line    0x00000bd5      0x238 ..\obj\system_stm32f4xx.o
 .debug_line    0x00000e0d      0x1a8 ..\obj\DMA.o
 .debug_line    0x00000fb5      0x447 ..\obj\stm32f4xx_hal_gpio.o
 .debug_line    0x000013fc       0xbd ..\obj\startup_stm32f429xx.o
 .debug_line    0x000014b9      0x5ac ..\obj\stm32f4xx_hal_rcc.o
 .debug_line    0x00001a65      0x158 ..\obj\GPIO.o

.debug_str      0x00000000     0x1cfc
 .debug_str     0x00000000      0x3ff ..\obj\SPI.o
                                0x45d (size before relaxing)
 .debug_str     0x000003ff      0x932 ..\obj\stm32f4xx_hal_cortex.o
                                0xb54 (size before relaxing)
 .debug_str     0x00000d31      0x2e9 ..\obj\RCC.o
                                0x3ea (size before relaxing)
 .debug_str     0x0000101a      0x330 ..\obj\stm32f4xx_hal.o
                                0xb19 (size before relaxing)
 .debug_str     0x0000134a      0x19e ..\obj\main.o
                                0x373 (size before relaxing)
 .debug_str     0x000014e8       0xd9 ..\obj\system_stm32f4xx.o
                                0x3b3 (size before relaxing)
 .debug_str     0x000015c1      0x1f7 ..\obj\DMA.o
                                0x3c3 (size before relaxing)
 .debug_str     0x000017b8      0x1ec ..\obj\stm32f4xx_hal_gpio.o
                                0x518 (size before relaxing)
 .debug_str     0x000019a4      0x29a ..\obj\stm32f4xx_hal_rcc.o
                                0x6d2 (size before relaxing)
 .debug_str     0x00001c3e       0xbe ..\obj\GPIO.o
                                0x21c (size before relaxing)

.comment        0x00000000       0x70
 .comment       0x00000000       0x70 ..\obj\SPI.o
                                 0x71 (size before relaxing)
 .comment       0x00000000       0x71 ..\obj\stm32f4xx_hal_cortex.o
 .comment       0x00000000       0x71 ..\obj\RCC.o
 .comment       0x00000000       0x71 ..\obj\stm32f4xx_hal.o
 .comment       0x00000000       0x71 ..\obj\main.o
 .comment       0x00000000       0x71 ..\obj\system_stm32f4xx.o
 .comment       0x00000000       0x71 ..\obj\DMA.o
 .comment       0x00000000       0x71 ..\obj\stm32f4xx_hal_gpio.o
 .comment       0x00000000       0x71 ..\obj\stm32f4xx_hal_rcc.o
 .comment       0x00000000       0x71 ..\obj\GPIO.o

.debug_frame    0x00000000     0x1268
 .debug_frame   0x00000000      0x374 ..\obj\SPI.o
 .debug_frame   0x00000374      0x428 ..\obj\stm32f4xx_hal_cortex.o
 .debug_frame   0x0000079c       0xb0 ..\obj\RCC.o
 .debug_frame   0x0000084c      0x310 ..\obj\stm32f4xx_hal.o
 .debug_frame   0x00000b5c       0xfc ..\obj\main.o
 .debug_frame   0x00000c58       0x7c ..\obj\system_stm32f4xx.o
 .debug_frame   0x00000cd4      0x120 ..\obj\DMA.o
 .debug_frame   0x00000df4      0x14c ..\obj\stm32f4xx_hal_gpio.o
 .debug_frame   0x00000f40      0x204 ..\obj\stm32f4xx_hal_rcc.o
 .debug_frame   0x00001144      0x124 ..\obj\GPIO.o

.debug_ranges   0x00000000       0x20
 .debug_ranges  0x00000000       0x20 ..\obj\startup_stm32f429xx.o
