Archive member included because of file (symbol)

c:/program files/gnu tools arm embedded/4.9 2015q1/bin/../lib/gcc/arm-none-eabi/4.9.3/../../../../arm-none-eabi/lib/armv7e-m\libc.a(lib_a-exit.o)
                              c:/program files/gnu tools arm embedded/4.9 2015q1/bin/../lib/gcc/arm-none-eabi/4.9.3/../../../../arm-none-eabi/lib/armv7e-m/crt0.o (exit)
c:/program files/gnu tools arm embedded/4.9 2015q1/bin/../lib/gcc/arm-none-eabi/4.9.3/../../../../arm-none-eabi/lib/armv7e-m\libc.a(lib_a-impure.o)
                              c:/program files/gnu tools arm embedded/4.9 2015q1/bin/../lib/gcc/arm-none-eabi/4.9.3/../../../../arm-none-eabi/lib/armv7e-m\libc.a(lib_a-exit.o) (_global_impure_ptr)
c:/program files/gnu tools arm embedded/4.9 2015q1/bin/../lib/gcc/arm-none-eabi/4.9.3/../../../../arm-none-eabi/lib/armv7e-m\libc.a(lib_a-init.o)
                              c:/program files/gnu tools arm embedded/4.9 2015q1/bin/../lib/gcc/arm-none-eabi/4.9.3/../../../../arm-none-eabi/lib/armv7e-m/crt0.o (__libc_init_array)
c:/program files/gnu tools arm embedded/4.9 2015q1/bin/../lib/gcc/arm-none-eabi/4.9.3/../../../../arm-none-eabi/lib/armv7e-m\libc.a(lib_a-memset.o)
                              c:/program files/gnu tools arm embedded/4.9 2015q1/bin/../lib/gcc/arm-none-eabi/4.9.3/../../../../arm-none-eabi/lib/armv7e-m/crt0.o (memset)
c:/program files/gnu tools arm embedded/4.9 2015q1/bin/../lib/gcc/arm-none-eabi/4.9.3/../../../../arm-none-eabi/lib/armv7e-m\libc.a(lib_a-__call_atexit.o)
                              c:/program files/gnu tools arm embedded/4.9 2015q1/bin/../lib/gcc/arm-none-eabi/4.9.3/../../../../arm-none-eabi/lib/armv7e-m\libc.a(lib_a-exit.o) (__call_exitprocs)
c:/program files/gnu tools arm embedded/4.9 2015q1/bin/../lib/gcc/arm-none-eabi/4.9.3/../../../../arm-none-eabi/lib/armv7e-m\libc.a(lib_a-atexit.o)
                              c:/program files/gnu tools arm embedded/4.9 2015q1/bin/../lib/gcc/arm-none-eabi/4.9.3/../../../../arm-none-eabi/lib/armv7e-m\libc.a(lib_a-__call_atexit.o) (atexit)
c:/program files/gnu tools arm embedded/4.9 2015q1/bin/../lib/gcc/arm-none-eabi/4.9.3/../../../../arm-none-eabi/lib/armv7e-m\libc.a(lib_a-fini.o)
                              c:/program files/gnu tools arm embedded/4.9 2015q1/bin/../lib/gcc/arm-none-eabi/4.9.3/../../../../arm-none-eabi/lib/armv7e-m\libc.a(lib_a-__call_atexit.o) (__libc_fini_array)
c:/program files/gnu tools arm embedded/4.9 2015q1/bin/../lib/gcc/arm-none-eabi/4.9.3/../../../../arm-none-eabi/lib/armv7e-m\libc.a(lib_a-__atexit.o)
                              c:/program files/gnu tools arm embedded/4.9 2015q1/bin/../lib/gcc/arm-none-eabi/4.9.3/../../../../arm-none-eabi/lib/armv7e-m\libc.a(lib_a-atexit.o) (__register_exitproc)

Discarded input sections

 .text          0x00000000        0x0 c:/program files/gnu tools arm embedded/4.9 2015q1/bin/../lib/gcc/arm-none-eabi/4.9.3/armv7e-m/crti.o
 .data          0x00000000        0x0 c:/program files/gnu tools arm embedded/4.9 2015q1/bin/../lib/gcc/arm-none-eabi/4.9.3/armv7e-m/crti.o
 .bss           0x00000000        0x0 c:/program files/gnu tools arm embedded/4.9 2015q1/bin/../lib/gcc/arm-none-eabi/4.9.3/armv7e-m/crti.o
 .data          0x00000000        0x4 c:/program files/gnu tools arm embedded/4.9 2015q1/bin/../lib/gcc/arm-none-eabi/4.9.3/armv7e-m/crtbegin.o
 .text          0x00000000       0x74 c:/program files/gnu tools arm embedded/4.9 2015q1/bin/../lib/gcc/arm-none-eabi/4.9.3/../../../../arm-none-eabi/lib/armv7e-m/crt0.o
 .data          0x00000000        0x0 c:/program files/gnu tools arm embedded/4.9 2015q1/bin/../lib/gcc/arm-none-eabi/4.9.3/../../../../arm-none-eabi/lib/armv7e-m/crt0.o
 .bss           0x00000000        0x0 c:/program files/gnu tools arm embedded/4.9 2015q1/bin/../lib/gcc/arm-none-eabi/4.9.3/../../../../arm-none-eabi/lib/armv7e-m/crt0.o
 .ARM.extab     0x00000000        0x0 c:/program files/gnu tools arm embedded/4.9 2015q1/bin/../lib/gcc/arm-none-eabi/4.9.3/../../../../arm-none-eabi/lib/armv7e-m/crt0.o
 .ARM.exidx     0x00000000        0x8 c:/program files/gnu tools arm embedded/4.9 2015q1/bin/../lib/gcc/arm-none-eabi/4.9.3/../../../../arm-none-eabi/lib/armv7e-m/crt0.o
 .ARM.attributes
                0x00000000       0x1c c:/program files/gnu tools arm embedded/4.9 2015q1/bin/../lib/gcc/arm-none-eabi/4.9.3/../../../../arm-none-eabi/lib/armv7e-m/crt0.o
 .text          0x00000000        0x0 c:/program files/gnu tools arm embedded/4.9 2015q1/bin/../lib/gcc/arm-none-eabi/4.9.3/../../../../arm-none-eabi/lib/armv7e-m\libc.a(lib_a-exit.o)
 .data          0x00000000        0x0 c:/program files/gnu tools arm embedded/4.9 2015q1/bin/../lib/gcc/arm-none-eabi/4.9.3/../../../../arm-none-eabi/lib/armv7e-m\libc.a(lib_a-exit.o)
 .bss           0x00000000        0x0 c:/program files/gnu tools arm embedded/4.9 2015q1/bin/../lib/gcc/arm-none-eabi/4.9.3/../../../../arm-none-eabi/lib/armv7e-m\libc.a(lib_a-exit.o)
 .text.exit     0x00000000       0x20 c:/program files/gnu tools arm embedded/4.9 2015q1/bin/../lib/gcc/arm-none-eabi/4.9.3/../../../../arm-none-eabi/lib/armv7e-m\libc.a(lib_a-exit.o)
 .debug_frame   0x00000000       0x28 c:/program files/gnu tools arm embedded/4.9 2015q1/bin/../lib/gcc/arm-none-eabi/4.9.3/../../../../arm-none-eabi/lib/armv7e-m\libc.a(lib_a-exit.o)
 .ARM.attributes
                0x00000000       0x2e c:/program files/gnu tools arm embedded/4.9 2015q1/bin/../lib/gcc/arm-none-eabi/4.9.3/../../../../arm-none-eabi/lib/armv7e-m\libc.a(lib_a-exit.o)
 .text          0x00000000        0x0 c:/program files/gnu tools arm embedded/4.9 2015q1/bin/../lib/gcc/arm-none-eabi/4.9.3/../../../../arm-none-eabi/lib/armv7e-m\libc.a(lib_a-impure.o)
 .data          0x00000000        0x0 c:/program files/gnu tools arm embedded/4.9 2015q1/bin/../lib/gcc/arm-none-eabi/4.9.3/../../../../arm-none-eabi/lib/armv7e-m\libc.a(lib_a-impure.o)
 .bss           0x00000000        0x0 c:/program files/gnu tools arm embedded/4.9 2015q1/bin/../lib/gcc/arm-none-eabi/4.9.3/../../../../arm-none-eabi/lib/armv7e-m\libc.a(lib_a-impure.o)
 .data._impure_ptr
                0x00000000        0x4 c:/program files/gnu tools arm embedded/4.9 2015q1/bin/../lib/gcc/arm-none-eabi/4.9.3/../../../../arm-none-eabi/lib/armv7e-m\libc.a(lib_a-impure.o)
 .ARM.attributes
                0x00000000       0x2e c:/program files/gnu tools arm embedded/4.9 2015q1/bin/../lib/gcc/arm-none-eabi/4.9.3/../../../../arm-none-eabi/lib/armv7e-m\libc.a(lib_a-impure.o)
 .text          0x00000000        0x0 c:/program files/gnu tools arm embedded/4.9 2015q1/bin/../lib/gcc/arm-none-eabi/4.9.3/../../../../arm-none-eabi/lib/armv7e-m\libc.a(lib_a-init.o)
 .data          0x00000000        0x0 c:/program files/gnu tools arm embedded/4.9 2015q1/bin/../lib/gcc/arm-none-eabi/4.9.3/../../../../arm-none-eabi/lib/armv7e-m\libc.a(lib_a-init.o)
 .bss           0x00000000        0x0 c:/program files/gnu tools arm embedded/4.9 2015q1/bin/../lib/gcc/arm-none-eabi/4.9.3/../../../../arm-none-eabi/lib/armv7e-m\libc.a(lib_a-init.o)
 .debug_frame   0x00000000       0x2c c:/program files/gnu tools arm embedded/4.9 2015q1/bin/../lib/gcc/arm-none-eabi/4.9.3/../../../../arm-none-eabi/lib/armv7e-m\libc.a(lib_a-init.o)
 .ARM.attributes
                0x00000000       0x2e c:/program files/gnu tools arm embedded/4.9 2015q1/bin/../lib/gcc/arm-none-eabi/4.9.3/../../../../arm-none-eabi/lib/armv7e-m\libc.a(lib_a-init.o)
 .text          0x00000000        0x0 c:/program files/gnu tools arm embedded/4.9 2015q1/bin/../lib/gcc/arm-none-eabi/4.9.3/../../../../arm-none-eabi/lib/armv7e-m\libc.a(lib_a-memset.o)
 .data          0x00000000        0x0 c:/program files/gnu tools arm embedded/4.9 2015q1/bin/../lib/gcc/arm-none-eabi/4.9.3/../../../../arm-none-eabi/lib/armv7e-m\libc.a(lib_a-memset.o)
 .bss           0x00000000        0x0 c:/program files/gnu tools arm embedded/4.9 2015q1/bin/../lib/gcc/arm-none-eabi/4.9.3/../../../../arm-none-eabi/lib/armv7e-m\libc.a(lib_a-memset.o)
 .text.memset   0x00000000       0x9c c:/program files/gnu tools arm embedded/4.9 2015q1/bin/../lib/gcc/arm-none-eabi/4.9.3/../../../../arm-none-eabi/lib/armv7e-m\libc.a(lib_a-memset.o)
 .debug_frame   0x00000000       0x34 c:/program files/gnu tools arm embedded/4.9 2015q1/bin/../lib/gcc/arm-none-eabi/4.9.3/../../../../arm-none-eabi/lib/armv7e-m\libc.a(lib_a-memset.o)
 .ARM.attributes
                0x00000000       0x2e c:/program files/gnu tools arm embedded/4.9 2015q1/bin/../lib/gcc/arm-none-eabi/4.9.3/../../../../arm-none-eabi/lib/armv7e-m\libc.a(lib_a-memset.o)
 .text          0x00000000        0x0 c:/program files/gnu tools arm embedded/4.9 2015q1/bin/../lib/gcc/arm-none-eabi/4.9.3/../../../../arm-none-eabi/lib/armv7e-m\libc.a(lib_a-__call_atexit.o)
 .data          0x00000000        0x0 c:/program files/gnu tools arm embedded/4.9 2015q1/bin/../lib/gcc/arm-none-eabi/4.9.3/../../../../arm-none-eabi/lib/armv7e-m\libc.a(lib_a-__call_atexit.o)
 .bss           0x00000000        0x0 c:/program files/gnu tools arm embedded/4.9 2015q1/bin/../lib/gcc/arm-none-eabi/4.9.3/../../../../arm-none-eabi/lib/armv7e-m\libc.a(lib_a-__call_atexit.o)
 .text.__call_exitprocs
                0x00000000       0xd4 c:/program files/gnu tools arm embedded/4.9 2015q1/bin/../lib/gcc/arm-none-eabi/4.9.3/../../../../arm-none-eabi/lib/armv7e-m\libc.a(lib_a-__call_atexit.o)
 .debug_frame   0x00000000       0x50 c:/program files/gnu tools arm embedded/4.9 2015q1/bin/../lib/gcc/arm-none-eabi/4.9.3/../../../../arm-none-eabi/lib/armv7e-m\libc.a(lib_a-__call_atexit.o)
 .ARM.attributes
                0x00000000       0x2e c:/program files/gnu tools arm embedded/4.9 2015q1/bin/../lib/gcc/arm-none-eabi/4.9.3/../../../../arm-none-eabi/lib/armv7e-m\libc.a(lib_a-__call_atexit.o)
 .text          0x00000000        0x0 c:/program files/gnu tools arm embedded/4.9 2015q1/bin/../lib/gcc/arm-none-eabi/4.9.3/../../../../arm-none-eabi/lib/armv7e-m\libc.a(lib_a-atexit.o)
 .data          0x00000000        0x0 c:/program files/gnu tools arm embedded/4.9 2015q1/bin/../lib/gcc/arm-none-eabi/4.9.3/../../../../arm-none-eabi/lib/armv7e-m\libc.a(lib_a-atexit.o)
 .bss           0x00000000        0x0 c:/program files/gnu tools arm embedded/4.9 2015q1/bin/../lib/gcc/arm-none-eabi/4.9.3/../../../../arm-none-eabi/lib/armv7e-m\libc.a(lib_a-atexit.o)
 .debug_frame   0x00000000       0x20 c:/program files/gnu tools arm embedded/4.9 2015q1/bin/../lib/gcc/arm-none-eabi/4.9.3/../../../../arm-none-eabi/lib/armv7e-m\libc.a(lib_a-atexit.o)
 .ARM.attributes
                0x00000000       0x2e c:/program files/gnu tools arm embedded/4.9 2015q1/bin/../lib/gcc/arm-none-eabi/4.9.3/../../../../arm-none-eabi/lib/armv7e-m\libc.a(lib_a-atexit.o)
 .text          0x00000000        0x0 c:/program files/gnu tools arm embedded/4.9 2015q1/bin/../lib/gcc/arm-none-eabi/4.9.3/../../../../arm-none-eabi/lib/armv7e-m\libc.a(lib_a-fini.o)
 .data          0x00000000        0x0 c:/program files/gnu tools arm embedded/4.9 2015q1/bin/../lib/gcc/arm-none-eabi/4.9.3/../../../../arm-none-eabi/lib/armv7e-m\libc.a(lib_a-fini.o)
 .bss           0x00000000        0x0 c:/program files/gnu tools arm embedded/4.9 2015q1/bin/../lib/gcc/arm-none-eabi/4.9.3/../../../../arm-none-eabi/lib/armv7e-m\libc.a(lib_a-fini.o)
 .debug_frame   0x00000000       0x34 c:/program files/gnu tools arm embedded/4.9 2015q1/bin/../lib/gcc/arm-none-eabi/4.9.3/../../../../arm-none-eabi/lib/armv7e-m\libc.a(lib_a-fini.o)
 .ARM.attributes
                0x00000000       0x2e c:/program files/gnu tools arm embedded/4.9 2015q1/bin/../lib/gcc/arm-none-eabi/4.9.3/../../../../arm-none-eabi/lib/armv7e-m\libc.a(lib_a-fini.o)
 .text          0x00000000        0x0 c:/program files/gnu tools arm embedded/4.9 2015q1/bin/../lib/gcc/arm-none-eabi/4.9.3/../../../../arm-none-eabi/lib/armv7e-m\libc.a(lib_a-__atexit.o)
 .data          0x00000000        0x0 c:/program files/gnu tools arm embedded/4.9 2015q1/bin/../lib/gcc/arm-none-eabi/4.9.3/../../../../arm-none-eabi/lib/armv7e-m\libc.a(lib_a-__atexit.o)
 .bss           0x00000000        0x0 c:/program files/gnu tools arm embedded/4.9 2015q1/bin/../lib/gcc/arm-none-eabi/4.9.3/../../../../arm-none-eabi/lib/armv7e-m\libc.a(lib_a-__atexit.o)
 .debug_frame   0x00000000       0x34 c:/program files/gnu tools arm embedded/4.9 2015q1/bin/../lib/gcc/arm-none-eabi/4.9.3/../../../../arm-none-eabi/lib/armv7e-m\libc.a(lib_a-__atexit.o)
 .ARM.attributes
                0x00000000       0x2e c:/program files/gnu tools arm embedded/4.9 2015q1/bin/../lib/gcc/arm-none-eabi/4.9.3/../../../../arm-none-eabi/lib/armv7e-m\libc.a(lib_a-__atexit.o)
 .data          0x00000000        0x0 ..\obj\SPI.o
 .bss           0x00000000        0x0 ..\obj\SPI.o
 .data          0x00000000        0x0 ..\obj\stm32f4xx_hal_cortex.o
 .bss           0x00000000        0x0 ..\obj\stm32f4xx_hal_cortex.o
 .data          0x00000000        0x0 ..\obj\RCC.o
 .bss           0x00000000        0x0 ..\obj\RCC.o
 .data          0x00000000        0x0 ..\obj\stm32f4xx_hal.o
 .text          0x00000000     0x1f20 ..\obj\stm32f4xx_hal_spi.o
 .data          0x00000000        0x0 ..\obj\stm32f4xx_hal_spi.o
 .bss           0x00000000        0x0 ..\obj\stm32f4xx_hal_spi.o
 .debug_info    0x00000000      0xf77 ..\obj\stm32f4xx_hal_spi.o
 .debug_abbrev  0x00000000      0x20a ..\obj\stm32f4xx_hal_spi.o
 .debug_aranges
                0x00000000       0x20 ..\obj\stm32f4xx_hal_spi.o
 .debug_line    0x00000000      0x8bc ..\obj\stm32f4xx_hal_spi.o
 .debug_str     0x00000000      0xa49 ..\obj\stm32f4xx_hal_spi.o
 .comment       0x00000000       0x71 ..\obj\stm32f4xx_hal_spi.o
 .debug_frame   0x00000000      0x604 ..\obj\stm32f4xx_hal_spi.o
 .ARM.attributes
                0x00000000       0x33 ..\obj\stm32f4xx_hal_spi.o
 .data          0x00000000        0x0 ..\obj\main.o
 .bss           0x00000000        0x0 ..\obj\main.o
 .bss           0x00000000        0x0 ..\obj\system_stm32f4xx.o
 .data          0x00000000        0x0 ..\obj\stm32f4xx_hal_gpio.o
 .bss           0x00000000        0x0 ..\obj\stm32f4xx_hal_gpio.o
 .text          0x00000000       0x14 ..\obj\startup_stm32f429xx.o
 .data          0x00000000        0x0 ..\obj\startup_stm32f429xx.o
 .bss           0x00000000        0x0 ..\obj\startup_stm32f429xx.o
 .data          0x00000000        0x0 ..\obj\stm32f4xx_hal_rcc.o
 .bss           0x00000000        0x0 ..\obj\stm32f4xx_hal_rcc.o
 .data          0x00000000        0x0 ..\obj\GPIO.o
 .bss           0x00000000        0x0 ..\obj\GPIO.o
 .text          0x00000000        0x0 c:/program files/gnu tools arm embedded/4.9 2015q1/bin/../lib/gcc/arm-none-eabi/4.9.3/armv7e-m/crtend.o
 .data          0x00000000        0x0 c:/program files/gnu tools arm embedded/4.9 2015q1/bin/../lib/gcc/arm-none-eabi/4.9.3/armv7e-m/crtend.o
 .bss           0x00000000        0x0 c:/program files/gnu tools arm embedded/4.9 2015q1/bin/../lib/gcc/arm-none-eabi/4.9.3/armv7e-m/crtend.o
 .eh_frame      0x00000000        0x4 c:/program files/gnu tools arm embedded/4.9 2015q1/bin/../lib/gcc/arm-none-eabi/4.9.3/armv7e-m/crtend.o
 .jcr           0x00000000        0x4 c:/program files/gnu tools arm embedded/4.9 2015q1/bin/../lib/gcc/arm-none-eabi/4.9.3/armv7e-m/crtend.o
 .ARM.attributes
                0x00000000       0x2e c:/program files/gnu tools arm embedded/4.9 2015q1/bin/../lib/gcc/arm-none-eabi/4.9.3/armv7e-m/crtend.o
 .text          0x00000000        0x0 c:/program files/gnu tools arm embedded/4.9 2015q1/bin/../lib/gcc/arm-none-eabi/4.9.3/armv7e-m/crtn.o
 .data          0x00000000        0x0 c:/program files/gnu tools arm embedded/4.9 2015q1/bin/../lib/gcc/arm-none-eabi/4.9.3/armv7e-m/crtn.o
 .bss           0x00000000        0x0 c:/program files/gnu tools arm embedded/4.9 2015q1/bin/../lib/gcc/arm-none-eabi/4.9.3/armv7e-m/crtn.o

Memory Configuration

Name             Origin             Length             Attributes
FLASH            0x08000000         0x00200000         xr
RAM              0x20000000         0x00030000         xrw
CCMRAM           0x10000000         0x00010000         rw
*default*        0x00000000         0xffffffff

Linker script and memory map

LOAD c:/program files/gnu tools arm embedded/4.9 2015q1/bin/../lib/gcc/arm-none-eabi/4.9.3/armv7e-m/crti.o
LOAD c:/program files/gnu tools arm embedded/4.9 2015q1/bin/../lib/gcc/arm-none-eabi/4.9.3/armv7e-m/crtbegin.o
LOAD c:/program files/gnu tools arm embedded/4.9 2015q1/bin/../lib/gcc/arm-none-eabi/4.9.3/../../../../arm-none-eabi/lib/armv7e-m/crt0.o
                0x2002ffff                _estack = 0x2002ffff
                0x00000200                _Min_Heap_Size = 0x200
                0x00000400                _Min_Stack_Size = 0x400

.isr_vector     0x08000000      0x1ac
                0x08000000                . = ALIGN (0x4)
 *(.isr_vector)
 .isr_vector    0x08000000      0x1ac ..\obj\startup_stm32f429xx.o
                0x08000000                g_pfnVectors
                0x080001ac                . = ALIGN (0x4)

.text           0x080001ac     0x282c
                0x080001ac                . = ALIGN (0x4)
 *(.text)
 .text          0x080001ac       0x5c c:/program files/gnu tools arm embedded/4.9 2015q1/bin/../lib/gcc/arm-none-eabi/4.9.3/armv7e-m/crtbegin.o
 .text          0x08000208      0x410 ..\obj\SPI.o
                0x08000208                sendData
                0x08000230                getSPI4Status
                0x0800025c                enableSPI
                0x08000294                configureSPI
                0x080002f4                configureDirection
                0x0800032c                configureOutput
                0x08000364                configureReceive
                0x0800039c                configureMode
                0x080003d4                configureDataFrame
                0x0800040c                configureFrameFormat
                0x08000444                configureLSBFIRST
                0x0800047c                configureClock
                0x08000538                enableCRC
                0x08000570                enableSSM
                0x080005a8                configureBR
                0x080005e0                configureSS
 .text          0x08000618      0x544 ..\obj\stm32f4xx_hal_cortex.o
                0x080009ac                HAL_NVIC_SetPriorityGrouping
                0x080009c0                HAL_NVIC_SetPriority
                0x080009f8                HAL_NVIC_EnableIRQ
                0x08000a14                HAL_NVIC_DisableIRQ
                0x08000a30                HAL_NVIC_SystemReset
                0x08000a3c                HAL_SYSTICK_Config
                0x08000a54                HAL_NVIC_GetPriorityGrouping
                0x08000a64                HAL_NVIC_GetPriority
                0x08000a94                HAL_NVIC_SetPendingIRQ
                0x08000ab0                HAL_NVIC_GetPendingIRQ
                0x08000ad0                HAL_NVIC_ClearPendingIRQ
                0x08000aec                HAL_NVIC_GetActive
                0x08000b0c                HAL_SYSTICK_CLKSourceConfig
                0x08000b44                HAL_SYSTICK_IRQHandler
                0x08000b50                HAL_SYSTICK_Callback
 .text          0x08000b5c       0xac ..\obj\RCC.o
                0x08000b5c                gpioUnresetEnableClock
                0x08000ba8                spiUnresetEnableClock
                0x08000bc0                spiUnresetClock
                0x08000be4                spiEnableClock
 .text          0x08000c08      0x374 ..\obj\stm32f4xx_hal.o
                0x08000c08                HAL_Init
                0x08000c4c                HAL_DeInit
                0x08000ca4                HAL_MspInit
                0x08000cb0                HAL_MspDeInit
                0x08000cbc                HAL_InitTick
                0x08000cf4                HAL_IncTick
                0x08000d10                HAL_GetTick
                0x08000d28                HAL_Delay
                0x08000d54                HAL_SuspendTick
                0x08000d70                HAL_ResumeTick
                0x08000d8c                HAL_GetHalVersion
                0x08000da0                HAL_GetREVID
                0x08000db8                HAL_GetDEVID
                0x08000dd4                HAL_DBGMCU_EnableDBGSleepMode
                0x08000df0                HAL_DBGMCU_DisableDBGSleepMode
                0x08000e0c                HAL_DBGMCU_EnableDBGStopMode
                0x08000e28                HAL_DBGMCU_DisableDBGStopMode
                0x08000e44                HAL_DBGMCU_EnableDBGStandbyMode
                0x08000e60                HAL_DBGMCU_DisableDBGStandbyMode
                0x08000e7c                HAL_EnableCompensationCell
                0x08000ebc                HAL_DisableCompensationCell
                0x08000efc                HAL_EnableMemorySwappingBank
                0x08000f3c                HAL_DisableMemorySwappingBank
 .text          0x08000f7c       0xd0 ..\obj\main.o
                0x08000f7c                delay
                0x08000f9c                main
 .text          0x0800104c      0x27c ..\obj\system_stm32f4xx.o
                0x0800104c                SystemInit
                0x080010a4                SystemCoreClockUpdate
 .text          0x080012c8      0x674 ..\obj\stm32f4xx_hal_gpio.o
                0x080012c8                HAL_GPIO_Init
                0x08001610                HAL_GPIO_DeInit
                0x08001824                HAL_GPIO_ReadPin
                0x08001854                HAL_GPIO_WritePin
                0x08001884                HAL_GPIO_TogglePin
                0x080018a8                HAL_GPIO_LockPin
                0x080018f8                HAL_GPIO_EXTI_IRQHandler
                0x08001928                HAL_GPIO_EXTI_Callback
 .text          0x0800193c      0xd74 ..\obj\stm32f4xx_hal_rcc.o
                0x0800193c                HAL_RCC_DeInit
                0x080019b4                HAL_RCC_OscConfig
                0x08001e6c                HAL_RCC_ClockConfig
                0x08002188                HAL_RCC_MCOConfig
                0x0800224c                HAL_RCC_EnableCSS
                0x08002264                HAL_RCC_DisableCSS
                0x0800227c                HAL_RCC_GetSysClockFreq
                0x08002394                HAL_RCC_GetHCLKFreq
                0x080023ec                HAL_RCC_GetPCLK1Freq
                0x08002438                HAL_RCC_GetPCLK2Freq
                0x08002484                HAL_RCC_GetOscConfig
                0x08002620                HAL_RCC_GetClockConfig
                0x08002680                HAL_RCC_NMI_IRQHandler
                0x080026a4                HAL_RCC_CSSCallback
 .text          0x080026b0      0x17c ..\obj\GPIO.o
                0x080026b0                configurePin
                0x0800271c                writeOne
                0x08002740                writeZero
                0x08002768                pullUpDown
                0x080027a8                altFunction
                0x080027f0                outputType
 *(.text*)
 .text.__libc_init_array
                0x0800282c       0x50 c:/program files/gnu tools arm embedded/4.9 2015q1/bin/../lib/gcc/arm-none-eabi/4.9.3/../../../../arm-none-eabi/lib/armv7e-m\libc.a(lib_a-init.o)
                0x0800282c                __libc_init_array
 .text.startup.register_fini
                0x0800287c       0x14 c:/program files/gnu tools arm embedded/4.9 2015q1/bin/../lib/gcc/arm-none-eabi/4.9.3/../../../../arm-none-eabi/lib/armv7e-m\libc.a(lib_a-__call_atexit.o)
 .text.atexit   0x08002890        0xc c:/program files/gnu tools arm embedded/4.9 2015q1/bin/../lib/gcc/arm-none-eabi/4.9.3/../../../../arm-none-eabi/lib/armv7e-m\libc.a(lib_a-atexit.o)
                0x08002890                atexit
 .text.__libc_fini_array
                0x0800289c       0x2c c:/program files/gnu tools arm embedded/4.9 2015q1/bin/../lib/gcc/arm-none-eabi/4.9.3/../../../../arm-none-eabi/lib/armv7e-m\libc.a(lib_a-fini.o)
                0x0800289c                __libc_fini_array
 .text.__register_exitproc
                0x080028c8       0xa4 c:/program files/gnu tools arm embedded/4.9 2015q1/bin/../lib/gcc/arm-none-eabi/4.9.3/../../../../arm-none-eabi/lib/armv7e-m\libc.a(lib_a-__atexit.o)
                0x080028c8                __register_exitproc
 .text.Reset_Handler
                0x0800296c       0x50 ..\obj\startup_stm32f429xx.o
                0x0800296c                Reset_Handler
 .text.Default_Handler
                0x080029bc        0x2 ..\obj\startup_stm32f429xx.o
                0x080029bc                RTC_Alarm_IRQHandler
                0x080029bc                HASH_RNG_IRQHandler
                0x080029bc                EXTI2_IRQHandler
                0x080029bc                TIM8_CC_IRQHandler
                0x080029bc                DebugMon_Handler
                0x080029bc                UART8_IRQHandler
                0x080029bc                SPI4_IRQHandler
                0x080029bc                TIM1_CC_IRQHandler
                0x080029bc                DMA2_Stream5_IRQHandler
                0x080029bc                HardFault_Handler
                0x080029bc                DMA1_Stream5_IRQHandler
                0x080029bc                SysTick_Handler
                0x080029bc                PVD_IRQHandler
                0x080029bc                SDIO_IRQHandler
                0x080029bc                TAMP_STAMP_IRQHandler
                0x080029bc                PendSV_Handler
                0x080029bc                NMI_Handler
                0x080029bc                CAN2_RX1_IRQHandler
                0x080029bc                EXTI3_IRQHandler
                0x080029bc                TIM8_TRG_COM_TIM14_IRQHandler
                0x080029bc                TIM1_UP_TIM10_IRQHandler
                0x080029bc                TIM8_UP_TIM13_IRQHandler
                0x080029bc                I2C3_ER_IRQHandler
                0x080029bc                EXTI0_IRQHandler
                0x080029bc                I2C2_EV_IRQHandler
                0x080029bc                DMA1_Stream2_IRQHandler
                0x080029bc                CAN1_RX0_IRQHandler
                0x080029bc                FPU_IRQHandler
                0x080029bc                OTG_HS_WKUP_IRQHandler
                0x080029bc                UsageFault_Handler
                0x080029bc                LTDC_ER_IRQHandler
                0x080029bc                CAN2_SCE_IRQHandler
                0x080029bc                DMA2_Stream2_IRQHandler
                0x080029bc                SPI1_IRQHandler
                0x080029bc                TIM6_DAC_IRQHandler
                0x080029bc                TIM1_BRK_TIM9_IRQHandler
                0x080029bc                DCMI_IRQHandler
                0x080029bc                CAN2_RX0_IRQHandler
                0x080029bc                DMA2_Stream3_IRQHandler
                0x080029bc                USART6_IRQHandler
                0x080029bc                USART3_IRQHandler
                0x080029bc                CAN1_RX1_IRQHandler
                0x080029bc                UART5_IRQHandler
                0x080029bc                DMA2_Stream0_IRQHandler
                0x080029bc                TIM4_IRQHandler
                0x080029bc                I2C1_EV_IRQHandler
                0x080029bc                DMA1_Stream6_IRQHandler
                0x080029bc                DMA1_Stream1_IRQHandler
                0x080029bc                UART4_IRQHandler
                0x080029bc                TIM3_IRQHandler
                0x080029bc                RCC_IRQHandler
                0x080029bc                TIM8_BRK_TIM12_IRQHandler
                0x080029bc                Default_Handler
                0x080029bc                EXTI15_10_IRQHandler
                0x080029bc                ADC_IRQHandler
                0x080029bc                DMA1_Stream7_IRQHandler
                0x080029bc                SPI5_IRQHandler
                0x080029bc                TIM7_IRQHandler
                0x080029bc                CAN2_TX_IRQHandler
                0x080029bc                TIM5_IRQHandler
                0x080029bc                DMA2_Stream7_IRQHandler
                0x080029bc                I2C3_EV_IRQHandler
                0x080029bc                EXTI9_5_IRQHandler
                0x080029bc                RTC_WKUP_IRQHandler
                0x080029bc                LTDC_IRQHandler
                0x080029bc                ETH_WKUP_IRQHandler
                0x080029bc                SPI2_IRQHandler
                0x080029bc                OTG_HS_EP1_IN_IRQHandler
                0x080029bc                MemManage_Handler
                0x080029bc                DMA1_Stream0_IRQHandler
                0x080029bc                CAN1_TX_IRQHandler
                0x080029bc                SVC_Handler
                0x080029bc                EXTI4_IRQHandler
                0x080029bc                ETH_IRQHandler
                0x080029bc                OTG_HS_EP1_OUT_IRQHandler
                0x080029bc                WWDG_IRQHandler
                0x080029bc                SPI6_IRQHandler
                0x080029bc                TIM2_IRQHandler
                0x080029bc                OTG_FS_WKUP_IRQHandler
                0x080029bc                TIM1_TRG_COM_TIM11_IRQHandler
                0x080029bc                OTG_HS_IRQHandler
                0x080029bc                DMA2D_IRQHandler
                0x080029bc                EXTI1_IRQHandler
                0x080029bc                UART7_IRQHandler
                0x080029bc                USART2_IRQHandler
                0x080029bc                I2C2_ER_IRQHandler
                0x080029bc                DMA2_Stream1_IRQHandler
                0x080029bc                CAN1_SCE_IRQHandler
                0x080029bc                FLASH_IRQHandler
                0x080029bc                DMA2_Stream4_IRQHandler
                0x080029bc                BusFault_Handler
                0x080029bc                USART1_IRQHandler
                0x080029bc                OTG_FS_IRQHandler
                0x080029bc                SPI3_IRQHandler
                0x080029bc                DMA1_Stream4_IRQHandler
                0x080029bc                I2C1_ER_IRQHandler
                0x080029bc                FMC_IRQHandler
                0x080029bc                DMA2_Stream6_IRQHandler
                0x080029bc                SAI1_IRQHandler
                0x080029bc                DMA1_Stream3_IRQHandler
 *(.glue_7)
 .glue_7        0x00000000        0x0 linker stubs
 *(.glue_7t)
 .glue_7t       0x00000000        0x0 linker stubs
 *(.eh_frame)
 *fill*         0x080029be        0x2 
 .eh_frame      0x080029c0        0x0 c:/program files/gnu tools arm embedded/4.9 2015q1/bin/../lib/gcc/arm-none-eabi/4.9.3/armv7e-m/crtbegin.o
 *(.init)
 .init          0x080029c0        0x4 c:/program files/gnu tools arm embedded/4.9 2015q1/bin/../lib/gcc/arm-none-eabi/4.9.3/armv7e-m/crti.o
                0x080029c0                _init
 .init          0x080029c4        0x8 c:/program files/gnu tools arm embedded/4.9 2015q1/bin/../lib/gcc/arm-none-eabi/4.9.3/armv7e-m/crtn.o
 *(.fini)
 .fini          0x080029cc        0x4 c:/program files/gnu tools arm embedded/4.9 2015q1/bin/../lib/gcc/arm-none-eabi/4.9.3/armv7e-m/crti.o
                0x080029cc                _fini
 .fini          0x080029d0        0x8 c:/program files/gnu tools arm embedded/4.9 2015q1/bin/../lib/gcc/arm-none-eabi/4.9.3/armv7e-m/crtn.o
                0x080029d8                . = ALIGN (0x4)
                0x080029d8                _etext = .

.vfp11_veneer   0x080029d8        0x0
 .vfp11_veneer  0x00000000        0x0 linker stubs

.v4_bx          0x080029d8        0x0
 .v4_bx         0x00000000        0x0 linker stubs

.iplt           0x080029d8        0x0
 .iplt          0x00000000        0x0 c:/program files/gnu tools arm embedded/4.9 2015q1/bin/../lib/gcc/arm-none-eabi/4.9.3/armv7e-m/crtbegin.o

.rodata         0x080029d8       0x18
                0x080029d8                . = ALIGN (0x4)
 *(.rodata)
 .rodata        0x080029d8       0x10 ..\obj\stm32f4xx_hal_rcc.o
                0x080029d8                APBAHBPrescTable
 *(.rodata*)
 .rodata.str1.4
                0x080029e8        0x4 c:/program files/gnu tools arm embedded/4.9 2015q1/bin/../lib/gcc/arm-none-eabi/4.9.3/../../../../arm-none-eabi/lib/armv7e-m\libc.a(lib_a-impure.o)
 .rodata._global_impure_ptr
                0x080029ec        0x4 c:/program files/gnu tools arm embedded/4.9 2015q1/bin/../lib/gcc/arm-none-eabi/4.9.3/../../../../arm-none-eabi/lib/armv7e-m\libc.a(lib_a-impure.o)
                0x080029ec                _global_impure_ptr
                0x080029f0                . = ALIGN (0x4)

.rel.dyn        0x080029f0        0x0
 .rel.iplt      0x00000000        0x0 c:/program files/gnu tools arm embedded/4.9 2015q1/bin/../lib/gcc/arm-none-eabi/4.9.3/armv7e-m/crtbegin.o

.ARM.extab
 *(.ARM.extab* .gnu.linkonce.armextab.*)

.ARM            0x080029f0        0x0
                0x080029f0                __exidx_start = .
 *(.ARM.exidx*)
                0x080029f0                __exidx_end = .

.preinit_array  0x080029f0        0x0
                0x080029f0                PROVIDE (__preinit_array_start, .)
 *(.preinit_array*)
                0x080029f0                PROVIDE (__preinit_array_end, .)

.init_array     0x080029f0        0x8
                0x080029f0                PROVIDE (__init_array_start, .)
 *(SORT(.init_array.*))
 .init_array.00000
                0x080029f0        0x4 c:/program files/gnu tools arm embedded/4.9 2015q1/bin/../lib/gcc/arm-none-eabi/4.9.3/../../../../arm-none-eabi/lib/armv7e-m\libc.a(lib_a-__call_atexit.o)
 *(.init_array*)
 .init_array    0x080029f4        0x4 c:/program files/gnu tools arm embedded/4.9 2015q1/bin/../lib/gcc/arm-none-eabi/4.9.3/armv7e-m/crtbegin.o
                0x080029f8                PROVIDE (__init_array_end, .)

.fini_array     0x080029f8        0x4
                0x080029f8                PROVIDE (__fini_array_start, .)
 *(SORT(.fini_array.*))
 *(.fini_array*)
 .fini_array    0x080029f8        0x4 c:/program files/gnu tools arm embedded/4.9 2015q1/bin/../lib/gcc/arm-none-eabi/4.9.3/armv7e-m/crtbegin.o
                0x080029fc                PROVIDE (__fini_array_end, .)
                0x080029fc                _sidata = LOADADDR (.data)

.data           0x20000000      0x440 load address 0x080029fc
                0x20000000                . = ALIGN (0x4)
                0x20000000                _sdata = .
 *(.data)
 .data          0x20000000       0x14 ..\obj\system_stm32f4xx.o
                0x20000000                SystemCoreClock
                0x20000004                AHBPrescTable
 *(.data*)
 *fill*         0x20000014        0x4 
 .data.impure_data
                0x20000018      0x428 c:/program files/gnu tools arm embedded/4.9 2015q1/bin/../lib/gcc/arm-none-eabi/4.9.3/../../../../arm-none-eabi/lib/armv7e-m\libc.a(lib_a-impure.o)
                0x20000440                . = ALIGN (0x4)
                0x20000440                _edata = .
                0x08002e3c                _siccmram = LOADADDR (.ccmram)

.jcr            0x20000440        0x0 load address 0x08002e3c
 .jcr           0x20000440        0x0 c:/program files/gnu tools arm embedded/4.9 2015q1/bin/../lib/gcc/arm-none-eabi/4.9.3/armv7e-m/crtbegin.o

.igot.plt       0x20000440        0x0 load address 0x08002e3c
 .igot.plt      0x00000000        0x0 c:/program files/gnu tools arm embedded/4.9 2015q1/bin/../lib/gcc/arm-none-eabi/4.9.3/armv7e-m/crtbegin.o

.ccmram         0x10000000        0x0 load address 0x08002e3c
                0x10000000                . = ALIGN (0x4)
                0x10000000                _sccmram = .
 *(.ccmram)
 *(.ccmram*)
                0x10000000                . = ALIGN (0x4)
                0x10000000                _eccmram = .
                0x10000000                . = ALIGN (0x4)

.bss            0x20000440       0x20
                0x20000440                _sbss = .
                0x20000440                __bss_start__ = _sbss
 *(.bss)
 .bss           0x20000440       0x1c c:/program files/gnu tools arm embedded/4.9 2015q1/bin/../lib/gcc/arm-none-eabi/4.9.3/armv7e-m/crtbegin.o
 .bss           0x2000045c        0x4 ..\obj\stm32f4xx_hal.o
 *(.bss*)
 *(COMMON)
                0x20000460                . = ALIGN (0x4)
                0x20000460                _ebss = .
                0x20000460                __bss_end__ = _ebss

._user_heap_stack
                0x20000460      0x600
                0x20000460                . = ALIGN (0x4)
                0x20000460                PROVIDE (end, .)
                0x20000460                PROVIDE (_end, .)
                0x20000660                . = (. + _Min_Heap_Size)
 *fill*         0x20000460      0x200 
                0x20000a60                . = (. + _Min_Stack_Size)
 *fill*         0x20000660      0x400 
                0x20000a60                . = ALIGN (0x4)

/DISCARD/
 libc.a(*)
 libm.a(*)
 libgcc.a(*)

.ARM.attributes
                0x00000000       0x2a
 *(.ARM.attributes)
 .ARM.attributes
                0x00000000       0x1e c:/program files/gnu tools arm embedded/4.9 2015q1/bin/../lib/gcc/arm-none-eabi/4.9.3/armv7e-m/crti.o
 .ARM.attributes
                0x0000001e       0x2e c:/program files/gnu tools arm embedded/4.9 2015q1/bin/../lib/gcc/arm-none-eabi/4.9.3/armv7e-m/crtbegin.o
 .ARM.attributes
                0x0000004c       0x33 ..\obj\SPI.o
 .ARM.attributes
                0x0000007f       0x33 ..\obj\stm32f4xx_hal_cortex.o
 .ARM.attributes
                0x000000b2       0x33 ..\obj\RCC.o
 .ARM.attributes
                0x000000e5       0x33 ..\obj\stm32f4xx_hal.o
 .ARM.attributes
                0x00000118       0x33 ..\obj\main.o
 .ARM.attributes
                0x0000014b       0x33 ..\obj\system_stm32f4xx.o
 .ARM.attributes
                0x0000017e       0x33 ..\obj\stm32f4xx_hal_gpio.o
 .ARM.attributes
                0x000001b1       0x21 ..\obj\startup_stm32f429xx.o
 .ARM.attributes
                0x000001d2       0x33 ..\obj\stm32f4xx_hal_rcc.o
 .ARM.attributes
                0x00000205       0x33 ..\obj\GPIO.o
 .ARM.attributes
                0x00000238       0x1e c:/program files/gnu tools arm embedded/4.9 2015q1/bin/../lib/gcc/arm-none-eabi/4.9.3/armv7e-m/crtn.o
LOAD ..\obj\SPI.o
LOAD ..\obj\stm32f4xx_hal_cortex.o
LOAD ..\obj\RCC.o
LOAD ..\obj\stm32f4xx_hal.o
LOAD ..\obj\stm32f4xx_hal_spi.o
LOAD ..\obj\main.o
LOAD ..\obj\system_stm32f4xx.o
LOAD ..\obj\stm32f4xx_hal_gpio.o
LOAD ..\obj\startup_stm32f429xx.o
LOAD ..\obj\stm32f4xx_hal_rcc.o
LOAD ..\obj\GPIO.o
START GROUP
LOAD c:/program files/gnu tools arm embedded/4.9 2015q1/bin/../lib/gcc/arm-none-eabi/4.9.3/armv7e-m\libgcc.a
LOAD c:/program files/gnu tools arm embedded/4.9 2015q1/bin/../lib/gcc/arm-none-eabi/4.9.3/../../../../arm-none-eabi/lib/armv7e-m\libg.a
LOAD c:/program files/gnu tools arm embedded/4.9 2015q1/bin/../lib/gcc/arm-none-eabi/4.9.3/../../../../arm-none-eabi/lib/armv7e-m\libc.a
END GROUP
LOAD c:/program files/gnu tools arm embedded/4.9 2015q1/bin/../lib/gcc/arm-none-eabi/4.9.3/armv7e-m/crtend.o
LOAD c:/program files/gnu tools arm embedded/4.9 2015q1/bin/../lib/gcc/arm-none-eabi/4.9.3/armv7e-m/crtn.o
OUTPUT(Test.elf elf32-littlearm)

.debug_info     0x00000000     0x3e3f
 .debug_info    0x00000000      0x4b6 ..\obj\SPI.o
 .debug_info    0x000004b6      0xbac ..\obj\stm32f4xx_hal_cortex.o
 .debug_info    0x00001062      0x353 ..\obj\RCC.o
 .debug_info    0x000013b5      0xa1c ..\obj\stm32f4xx_hal.o
 .debug_info    0x00001dd1      0x229 ..\obj\main.o
 .debug_info    0x00001ffa      0x5a5 ..\obj\system_stm32f4xx.o
 .debug_info    0x0000259f      0x712 ..\obj\stm32f4xx_hal_gpio.o
 .debug_info    0x00002cb1       0xd0 ..\obj\startup_stm32f429xx.o
 .debug_info    0x00002d81      0xe27 ..\obj\stm32f4xx_hal_rcc.o
 .debug_info    0x00003ba8      0x297 ..\obj\GPIO.o

.debug_abbrev   0x00000000      0xde1
 .debug_abbrev  0x00000000      0x121 ..\obj\SPI.o
 .debug_abbrev  0x00000121      0x299 ..\obj\stm32f4xx_hal_cortex.o
 .debug_abbrev  0x000003ba       0xf6 ..\obj\RCC.o
 .debug_abbrev  0x000004b0      0x1ff ..\obj\stm32f4xx_hal.o
 .debug_abbrev  0x000006af      0x102 ..\obj\main.o
 .debug_abbrev  0x000007b1      0x136 ..\obj\system_stm32f4xx.o
 .debug_abbrev  0x000008e7      0x1aa ..\obj\stm32f4xx_hal_gpio.o
 .debug_abbrev  0x00000a91       0x12 ..\obj\startup_stm32f429xx.o
 .debug_abbrev  0x00000aa3      0x25a ..\obj\stm32f4xx_hal_rcc.o
 .debug_abbrev  0x00000cfd       0xe4 ..\obj\GPIO.o

.debug_aranges  0x00000000      0x148
 .debug_aranges
                0x00000000       0x20 ..\obj\SPI.o
 .debug_aranges
                0x00000020       0x20 ..\obj\stm32f4xx_hal_cortex.o
 .debug_aranges
                0x00000040       0x20 ..\obj\RCC.o
 .debug_aranges
                0x00000060       0x20 ..\obj\stm32f4xx_hal.o
 .debug_aranges
                0x00000080       0x20 ..\obj\main.o
 .debug_aranges
                0x000000a0       0x20 ..\obj\system_stm32f4xx.o
 .debug_aranges
                0x000000c0       0x20 ..\obj\stm32f4xx_hal_gpio.o
 .debug_aranges
                0x000000e0       0x28 ..\obj\startup_stm32f429xx.o
 .debug_aranges
                0x00000108       0x20 ..\obj\stm32f4xx_hal_rcc.o
 .debug_aranges
                0x00000128       0x20 ..\obj\GPIO.o

.debug_line     0x00000000     0x198a
 .debug_line    0x00000000      0x1a3 ..\obj\SPI.o
 .debug_line    0x000001a3      0x349 ..\obj\stm32f4xx_hal_cortex.o
 .debug_line    0x000004ec      0x152 ..\obj\RCC.o
 .debug_line    0x0000063e      0x351 ..\obj\stm32f4xx_hal.o
 .debug_line    0x0000098f      0x1c0 ..\obj\main.o
 .debug_line    0x00000b4f      0x238 ..\obj\system_stm32f4xx.o
 .debug_line    0x00000d87      0x447 ..\obj\stm32f4xx_hal_gpio.o
 .debug_line    0x000011ce       0xbd ..\obj\startup_stm32f429xx.o
 .debug_line    0x0000128b      0x5ac ..\obj\stm32f4xx_hal_rcc.o
 .debug_line    0x00001837      0x153 ..\obj\GPIO.o

.debug_str      0x00000000     0x194d
 .debug_str     0x00000000      0x382 ..\obj\SPI.o
                                0x3cc (size before relaxing)
 .debug_str     0x00000382      0x932 ..\obj\stm32f4xx_hal_cortex.o
                                0xb54 (size before relaxing)
 .debug_str     0x00000cb4      0x26c ..\obj\RCC.o
                                0x36d (size before relaxing)
 .debug_str     0x00000f20      0x330 ..\obj\stm32f4xx_hal.o
                                0xb19 (size before relaxing)
 .debug_str     0x00001250       0xf3 ..\obj\main.o
                                0x25d (size before relaxing)
 .debug_str     0x00001343       0xd9 ..\obj\system_stm32f4xx.o
                                0x3b3 (size before relaxing)
 .debug_str     0x0000141c      0x1f7 ..\obj\stm32f4xx_hal_gpio.o
                                0x518 (size before relaxing)
 .debug_str     0x00001613      0x29a ..\obj\stm32f4xx_hal_rcc.o
                                0x6d2 (size before relaxing)
 .debug_str     0x000018ad       0xa0 ..\obj\GPIO.o
                                0x1fe (size before relaxing)

.comment        0x00000000       0x70
 .comment       0x00000000       0x70 ..\obj\SPI.o
                                 0x71 (size before relaxing)
 .comment       0x00000000       0x71 ..\obj\stm32f4xx_hal_cortex.o
 .comment       0x00000000       0x71 ..\obj\RCC.o
 .comment       0x00000000       0x71 ..\obj\stm32f4xx_hal.o
 .comment       0x00000000       0x71 ..\obj\main.o
 .comment       0x00000000       0x71 ..\obj\system_stm32f4xx.o
 .comment       0x00000000       0x71 ..\obj\stm32f4xx_hal_gpio.o
 .comment       0x00000000       0x71 ..\obj\stm32f4xx_hal_rcc.o
 .comment       0x00000000       0x71 ..\obj\GPIO.o

.debug_frame    0x00000000      0xf7c
 .debug_frame   0x00000000      0x288 ..\obj\SPI.o
 .debug_frame   0x00000288      0x428 ..\obj\stm32f4xx_hal_cortex.o
 .debug_frame   0x000006b0       0x9c ..\obj\RCC.o
 .debug_frame   0x0000074c      0x310 ..\obj\stm32f4xx_hal.o
 .debug_frame   0x00000a5c       0x58 ..\obj\main.o
 .debug_frame   0x00000ab4       0x7c ..\obj\system_stm32f4xx.o
 .debug_frame   0x00000b30      0x14c ..\obj\stm32f4xx_hal_gpio.o
 .debug_frame   0x00000c7c      0x204 ..\obj\stm32f4xx_hal_rcc.o
 .debug_frame   0x00000e80       0xfc ..\obj\GPIO.o

.debug_ranges   0x00000000       0x20
 .debug_ranges  0x00000000       0x20 ..\obj\startup_stm32f429xx.o
